<?xml version="1.0" encoding="ISO-8859-1" ?>
<link_info>
   <banner>TI ARM Clang Linker PC v3.2.2.LTS</banner>
   <copyright>Copyright (c) 1996-2018 Texas Instruments Incorporated</copyright>
   <link_time>0x66b11c19</link_time>
   <link_errors>0x0</link_errors>
   <output_file>C:\Users\1\workspace_ccstheia\diansai2024Hsilun\Debug\diansai2024Hsilun.out</output_file>
   <entry_point>
      <name>_c_int00_noargs</name>
      <address>0x4c61</address>
   </entry_point>
   <input_file_list>
      <input_file id="fl-1">
         <path>C:\Users\1\workspace_ccstheia\diansai2024Hsilun\Debug\.\</path>
         <kind>object</kind>
         <file>diansai2024H.o</file>
         <name>diansai2024H.o</name>
      </input_file>
      <input_file id="fl-2">
         <path>C:\Users\1\workspace_ccstheia\diansai2024Hsilun\Debug\.\</path>
         <kind>object</kind>
         <file>ti_msp_dl_config.o</file>
         <name>ti_msp_dl_config.o</name>
      </input_file>
      <input_file id="fl-3">
         <path>C:\Users\1\workspace_ccstheia\diansai2024Hsilun\Debug\.\</path>
         <kind>object</kind>
         <file>startup_mspm0g350x_ticlang.o</file>
         <name>startup_mspm0g350x_ticlang.o</name>
      </input_file>
      <input_file id="fl-4">
         <path>C:\Users\1\workspace_ccstheia\diansai2024Hsilun\Debug\.\Hardware\</path>
         <kind>object</kind>
         <file>atk_ms901m.o</file>
         <name>atk_ms901m.o</name>
      </input_file>
      <input_file id="fl-5">
         <path>C:\Users\1\workspace_ccstheia\diansai2024Hsilun\Debug\.\Hardware\</path>
         <kind>object</kind>
         <file>atk_ms901m_uart.o</file>
         <name>atk_ms901m_uart.o</name>
      </input_file>
      <input_file id="fl-6">
         <path>C:\Users\1\workspace_ccstheia\diansai2024Hsilun\Debug\.\Hardware\</path>
         <kind>object</kind>
         <file>delay.o</file>
         <name>delay.o</name>
      </input_file>
      <input_file id="fl-7">
         <path>C:\Users\1\workspace_ccstheia\diansai2024Hsilun\Debug\.\Hardware\</path>
         <kind>object</kind>
         <file>gpio_zzk.o</file>
         <name>gpio_zzk.o</name>
      </input_file>
      <input_file id="fl-8">
         <path>C:\Users\1\workspace_ccstheia\diansai2024Hsilun\Debug\.\Hardware\</path>
         <kind>object</kind>
         <file>huidu5.o</file>
         <name>huidu5.o</name>
      </input_file>
      <input_file id="fl-9">
         <path>C:\Users\1\workspace_ccstheia\diansai2024Hsilun\Debug\.\Hardware\</path>
         <kind>object</kind>
         <file>motor.o</file>
         <name>motor.o</name>
      </input_file>
      <input_file id="fl-a">
         <path>C:\Users\1\workspace_ccstheia\diansai2024Hsilun\Debug\.\Hardware\</path>
         <kind>object</kind>
         <file>oled.o</file>
         <name>oled.o</name>
      </input_file>
      <input_file id="fl-b">
         <path>C:\Users\1\workspace_ccstheia\diansai2024Hsilun\Debug\.\User\</path>
         <kind>object</kind>
         <file>control.o</file>
         <name>control.o</name>
      </input_file>
      <input_file id="fl-c">
         <path>C:\Users\1\workspace_ccstheia\diansai2024Hsilun\Debug\.\User\</path>
         <kind>object</kind>
         <file>isr.o</file>
         <name>isr.o</name>
      </input_file>
      <input_file id="fl-d">
         <path>C:\Users\1\workspace_ccstheia\diansai2024Hsilun\Debug\.\User\</path>
         <kind>object</kind>
         <file>pid.o</file>
         <name>pid.o</name>
      </input_file>
      <input_file id="fl-1a">
         <path>C:\Users\1\workspace_ccstheia\diansai2024Hsilun\Debug\</path>
         <kind>object</kind>
         <file>&lt;internal&gt;</file>
         <name>&lt;internal&gt;</name>
      </input_file>
      <input_file id="fl-1b">
         <path>E:\ti\mspm0_sdk_2_01_00_03\source\ti\driverlib\lib\ticlang\m0p\mspm0g1x0x_g3x0x\</path>
         <kind>archive</kind>
         <file>driverlib.a</file>
         <name>dl_common.o</name>
      </input_file>
      <input_file id="fl-1c">
         <path>E:\ti\mspm0_sdk_2_01_00_03\source\ti\driverlib\lib\ticlang\m0p\mspm0g1x0x_g3x0x\</path>
         <kind>archive</kind>
         <file>driverlib.a</file>
         <name>dl_i2c.o</name>
      </input_file>
      <input_file id="fl-1d">
         <path>E:\ti\mspm0_sdk_2_01_00_03\source\ti\driverlib\lib\ticlang\m0p\mspm0g1x0x_g3x0x\</path>
         <kind>archive</kind>
         <file>driverlib.a</file>
         <name>dl_timer.o</name>
      </input_file>
      <input_file id="fl-1e">
         <path>E:\ti\mspm0_sdk_2_01_00_03\source\ti\driverlib\lib\ticlang\m0p\mspm0g1x0x_g3x0x\</path>
         <kind>archive</kind>
         <file>driverlib.a</file>
         <name>dl_uart.o</name>
      </input_file>
      <input_file id="fl-2d">
         <path>E:\ti\ccstheia140\ccs\tools\compiler\ti-cgt-armllvm_3.2.2.LTS\lib\armv6m-ti-none-eabi\c\</path>
         <kind>archive</kind>
         <file>libc.a</file>
         <name>boot_cortex_m.c.obj</name>
      </input_file>
      <input_file id="fl-2e">
         <path>E:\ti\ccstheia140\ccs\tools\compiler\ti-cgt-armllvm_3.2.2.LTS\lib\armv6m-ti-none-eabi\c\</path>
         <kind>archive</kind>
         <file>libc.a</file>
         <name>mathacl_init.c.obj</name>
      </input_file>
      <input_file id="fl-2f">
         <path>E:\ti\ccstheia140\ccs\tools\compiler\ti-cgt-armllvm_3.2.2.LTS\lib\armv6m-ti-none-eabi\c\</path>
         <kind>archive</kind>
         <file>libc.a</file>
         <name>autoinit.c.obj</name>
      </input_file>
      <input_file id="fl-30">
         <path>E:\ti\ccstheia140\ccs\tools\compiler\ti-cgt-armllvm_3.2.2.LTS\lib\armv6m-ti-none-eabi\c\</path>
         <kind>archive</kind>
         <file>libc.a</file>
         <name>pre_init.c.obj</name>
      </input_file>
      <input_file id="fl-31">
         <path>E:\ti\ccstheia140\ccs\tools\compiler\ti-cgt-armllvm_3.2.2.LTS\lib\armv6m-ti-none-eabi\c\</path>
         <kind>archive</kind>
         <file>libc.a</file>
         <name>cpy_tbl.c.obj</name>
      </input_file>
      <input_file id="fl-32">
         <path>E:\ti\ccstheia140\ccs\tools\compiler\ti-cgt-armllvm_3.2.2.LTS\lib\armv6m-ti-none-eabi\c\</path>
         <kind>archive</kind>
         <file>libc.a</file>
         <name>copy_zero_init.c.obj</name>
      </input_file>
      <input_file id="fl-33">
         <path>E:\ti\ccstheia140\ccs\tools\compiler\ti-cgt-armllvm_3.2.2.LTS\lib\armv6m-ti-none-eabi\c\</path>
         <kind>archive</kind>
         <file>libc.a</file>
         <name>copy_decompress_none.c.obj</name>
      </input_file>
      <input_file id="fl-34">
         <path>E:\ti\ccstheia140\ccs\tools\compiler\ti-cgt-armllvm_3.2.2.LTS\lib\armv6m-ti-none-eabi\c\</path>
         <kind>archive</kind>
         <file>libc.a</file>
         <name>copy_decompress_lzss.c.obj</name>
      </input_file>
      <input_file id="fl-35">
         <path>E:\ti\ccstheia140\ccs\tools\compiler\ti-cgt-armllvm_3.2.2.LTS\lib\armv6m-ti-none-eabi\c\</path>
         <kind>archive</kind>
         <file>libc.a</file>
         <name>exit.c.obj</name>
      </input_file>
      <input_file id="fl-36">
         <path>E:\ti\ccstheia140\ccs\tools\compiler\ti-cgt-armllvm_3.2.2.LTS\lib\armv6m-ti-none-eabi\c\</path>
         <kind>archive</kind>
         <file>libc.a</file>
         <name>_lock.c.obj</name>
      </input_file>
      <input_file id="fl-37">
         <path>E:\ti\ccstheia140\ccs\tools\compiler\ti-cgt-armllvm_3.2.2.LTS\lib\armv6m-ti-none-eabi\c\</path>
         <kind>archive</kind>
         <file>libc.a</file>
         <name>args_main.c.obj</name>
      </input_file>
      <input_file id="fl-9d">
         <path>E:\ti\ccstheia140\ccs\tools\compiler\ti-cgt-armllvm_3.2.2.LTS\lib\clang\15.0.7\lib\armv6m-ti-none-eabi\</path>
         <kind>archive</kind>
         <file>libclang_rt.builtins.a</file>
         <name>addsf3.S.obj</name>
      </input_file>
      <input_file id="fl-9e">
         <path>E:\ti\ccstheia140\ccs\tools\compiler\ti-cgt-armllvm_3.2.2.LTS\lib\clang\15.0.7\lib\armv6m-ti-none-eabi\</path>
         <kind>archive</kind>
         <file>libclang_rt.builtins.a</file>
         <name>adddf3.S.obj</name>
      </input_file>
      <input_file id="fl-9f">
         <path>E:\ti\ccstheia140\ccs\tools\compiler\ti-cgt-armllvm_3.2.2.LTS\lib\clang\15.0.7\lib\armv6m-ti-none-eabi\</path>
         <kind>archive</kind>
         <file>libclang_rt.builtins.a</file>
         <name>muldf3.S.obj</name>
      </input_file>
      <input_file id="fl-a0">
         <path>E:\ti\ccstheia140\ccs\tools\compiler\ti-cgt-armllvm_3.2.2.LTS\lib\clang\15.0.7\lib\armv6m-ti-none-eabi\</path>
         <kind>archive</kind>
         <file>libclang_rt.builtins.a</file>
         <name>muldsi3.S.obj</name>
      </input_file>
      <input_file id="fl-a1">
         <path>E:\ti\ccstheia140\ccs\tools\compiler\ti-cgt-armllvm_3.2.2.LTS\lib\clang\15.0.7\lib\armv6m-ti-none-eabi\</path>
         <kind>archive</kind>
         <file>libclang_rt.builtins.a</file>
         <name>mulsf3.S.obj</name>
      </input_file>
      <input_file id="fl-a2">
         <path>E:\ti\ccstheia140\ccs\tools\compiler\ti-cgt-armllvm_3.2.2.LTS\lib\clang\15.0.7\lib\armv6m-ti-none-eabi\</path>
         <kind>archive</kind>
         <file>libclang_rt.builtins.a</file>
         <name>divsf3.S.obj</name>
      </input_file>
      <input_file id="fl-a3">
         <path>E:\ti\ccstheia140\ccs\tools\compiler\ti-cgt-armllvm_3.2.2.LTS\lib\clang\15.0.7\lib\armv6m-ti-none-eabi\</path>
         <kind>archive</kind>
         <file>libclang_rt.builtins.a</file>
         <name>divdf3.S.obj</name>
      </input_file>
      <input_file id="fl-a4">
         <path>E:\ti\ccstheia140\ccs\tools\compiler\ti-cgt-armllvm_3.2.2.LTS\lib\clang\15.0.7\lib\armv6m-ti-none-eabi\</path>
         <kind>archive</kind>
         <file>libclang_rt.builtins.a</file>
         <name>extendsfdf2.S.obj</name>
      </input_file>
      <input_file id="fl-a5">
         <path>E:\ti\ccstheia140\ccs\tools\compiler\ti-cgt-armllvm_3.2.2.LTS\lib\clang\15.0.7\lib\armv6m-ti-none-eabi\</path>
         <kind>archive</kind>
         <file>libclang_rt.builtins.a</file>
         <name>fixsfsi.S.obj</name>
      </input_file>
      <input_file id="fl-a6">
         <path>E:\ti\ccstheia140\ccs\tools\compiler\ti-cgt-armllvm_3.2.2.LTS\lib\clang\15.0.7\lib\armv6m-ti-none-eabi\</path>
         <kind>archive</kind>
         <file>libclang_rt.builtins.a</file>
         <name>fixunssfsi.S.obj</name>
      </input_file>
      <input_file id="fl-a7">
         <path>E:\ti\ccstheia140\ccs\tools\compiler\ti-cgt-armllvm_3.2.2.LTS\lib\clang\15.0.7\lib\armv6m-ti-none-eabi\</path>
         <kind>archive</kind>
         <file>libclang_rt.builtins.a</file>
         <name>floatsidf.S.obj</name>
      </input_file>
      <input_file id="fl-a8">
         <path>E:\ti\ccstheia140\ccs\tools\compiler\ti-cgt-armllvm_3.2.2.LTS\lib\clang\15.0.7\lib\armv6m-ti-none-eabi\</path>
         <kind>archive</kind>
         <file>libclang_rt.builtins.a</file>
         <name>floatsisf.S.obj</name>
      </input_file>
      <input_file id="fl-a9">
         <path>E:\ti\ccstheia140\ccs\tools\compiler\ti-cgt-armllvm_3.2.2.LTS\lib\clang\15.0.7\lib\armv6m-ti-none-eabi\</path>
         <kind>archive</kind>
         <file>libclang_rt.builtins.a</file>
         <name>floatunsisf.S.obj</name>
      </input_file>
      <input_file id="fl-aa">
         <path>E:\ti\ccstheia140\ccs\tools\compiler\ti-cgt-armllvm_3.2.2.LTS\lib\clang\15.0.7\lib\armv6m-ti-none-eabi\</path>
         <kind>archive</kind>
         <file>libclang_rt.builtins.a</file>
         <name>truncdfsf2.S.obj</name>
      </input_file>
      <input_file id="fl-ab">
         <path>E:\ti\ccstheia140\ccs\tools\compiler\ti-cgt-armllvm_3.2.2.LTS\lib\clang\15.0.7\lib\armv6m-ti-none-eabi\</path>
         <kind>archive</kind>
         <file>libclang_rt.builtins.a</file>
         <name>aeabi_dcmp.S.obj</name>
      </input_file>
      <input_file id="fl-ac">
         <path>E:\ti\ccstheia140\ccs\tools\compiler\ti-cgt-armllvm_3.2.2.LTS\lib\clang\15.0.7\lib\armv6m-ti-none-eabi\</path>
         <kind>archive</kind>
         <file>libclang_rt.builtins.a</file>
         <name>aeabi_fcmp.S.obj</name>
      </input_file>
      <input_file id="fl-ad">
         <path>E:\ti\ccstheia140\ccs\tools\compiler\ti-cgt-armllvm_3.2.2.LTS\lib\clang\15.0.7\lib\armv6m-ti-none-eabi\</path>
         <kind>archive</kind>
         <file>libclang_rt.builtins.a</file>
         <name>aeabi_memcpy.S.obj</name>
      </input_file>
      <input_file id="fl-ae">
         <path>E:\ti\ccstheia140\ccs\tools\compiler\ti-cgt-armllvm_3.2.2.LTS\lib\clang\15.0.7\lib\armv6m-ti-none-eabi\</path>
         <kind>archive</kind>
         <file>libclang_rt.builtins.a</file>
         <name>aeabi_memset.S.obj</name>
      </input_file>
      <input_file id="fl-af">
         <path>E:\ti\ccstheia140\ccs\tools\compiler\ti-cgt-armllvm_3.2.2.LTS\lib\clang\15.0.7\lib\armv6m-ti-none-eabi\</path>
         <kind>archive</kind>
         <file>libclang_rt.builtins.a</file>
         <name>aeabi_uidivmod.S.obj</name>
      </input_file>
      <input_file id="fl-b0">
         <path>E:\ti\ccstheia140\ccs\tools\compiler\ti-cgt-armllvm_3.2.2.LTS\lib\clang\15.0.7\lib\armv6m-ti-none-eabi\</path>
         <kind>archive</kind>
         <file>libclang_rt.builtins.a</file>
         <name>comparesf2.S.obj</name>
      </input_file>
      <input_file id="fl-b1">
         <path>E:\ti\ccstheia140\ccs\tools\compiler\ti-cgt-armllvm_3.2.2.LTS\lib\clang\15.0.7\lib\armv6m-ti-none-eabi\</path>
         <kind>archive</kind>
         <file>libclang_rt.builtins.a</file>
         <name>comparedf2.c.obj</name>
      </input_file>
      <input_file id="fl-b2">
         <path>E:\ti\ccstheia140\ccs\tools\compiler\ti-cgt-armllvm_3.2.2.LTS\lib\clang\15.0.7\lib\armv6m-ti-none-eabi\</path>
         <kind>archive</kind>
         <file>libclang_rt.builtins.a</file>
         <name>aeabi_div0.c.obj</name>
      </input_file>
      <input_file id="fl-b3">
         <path>E:\ti\ccstheia140\ccs\tools\compiler\ti-cgt-armllvm_3.2.2.LTS\lib\armv6m-ti-none-eabi\c\</path>
         <kind>archive</kind>
         <file>libc.a</file>
         <name>memcpy16.S.obj</name>
      </input_file>
      <input_file id="fl-b4">
         <path>E:\ti\ccstheia140\ccs\tools\compiler\ti-cgt-armllvm_3.2.2.LTS\lib\armv6m-ti-none-eabi\c\</path>
         <kind>archive</kind>
         <file>libc.a</file>
         <name>memset16.S.obj</name>
      </input_file>
   </input_file_list>
   <object_component_list>
      <object_component id="oc-18">
         <name>.intvecs</name>
         <load_address>0x0</load_address>
         <readonly>true</readonly>
         <run_address>0x0</run_address>
         <size>0xc0</size>
         <alignment>0x4</alignment>
         <input_file_ref idref="fl-3"/>
      </object_component>
      <object_component id="oc-88">
         <name>.text.main</name>
         <load_address>0xc0</load_address>
         <readonly>true</readonly>
         <executable>true</executable>
         <run_address>0xc0</run_address>
         <size>0x203c</size>
         <alignment>0x4</alignment>
         <input_file_ref idref="fl-1"/>
      </object_component>
      <object_component id="oc-f9">
         <name>.text.Trace_task_3</name>
         <load_address>0x20fc</load_address>
         <readonly>true</readonly>
         <executable>true</executable>
         <run_address>0x20fc</run_address>
         <size>0x4cc</size>
         <alignment>0x4</alignment>
         <input_file_ref idref="fl-b"/>
      </object_component>
      <object_component id="oc-eb">
         <name>.text.Trace_pid_test</name>
         <load_address>0x25c8</load_address>
         <readonly>true</readonly>
         <executable>true</executable>
         <run_address>0x25c8</run_address>
         <size>0x320</size>
         <alignment>0x4</alignment>
         <input_file_ref idref="fl-b"/>
      </object_component>
      <object_component id="oc-146">
         <name>.text.atk_ms901m_get_frame_by_id</name>
         <load_address>0x28e8</load_address>
         <readonly>true</readonly>
         <executable>true</executable>
         <run_address>0x28e8</run_address>
         <size>0x28c</size>
         <alignment>0x4</alignment>
         <input_file_ref idref="fl-4"/>
      </object_component>
      <object_component id="oc-123">
         <name>.text.SYSCFG_DL_GPIO_init</name>
         <load_address>0x2b74</load_address>
         <readonly>true</readonly>
         <executable>true</executable>
         <run_address>0x2b74</run_address>
         <size>0x1c0</size>
         <alignment>0x4</alignment>
         <input_file_ref idref="fl-2"/>
      </object_component>
      <object_component id="oc-163">
         <name>.text.adddf3_subdf3</name>
         <load_address>0x2d34</load_address>
         <readonly>true</readonly>
         <executable>true</executable>
         <run_address>0x2d34</run_address>
         <size>0x192</size>
         <alignment>0x4</alignment>
         <input_file_ref idref="fl-9e"/>
      </object_component>
      <object_component id="oc-39">
         <name>.text.UART1_IRQHandler</name>
         <load_address>0x2ec6</load_address>
         <readonly>true</readonly>
         <executable>true</executable>
         <run_address>0x2ec6</run_address>
         <size>0x2</size>
         <alignment>0x2</alignment>
         <input_file_ref idref="fl-c"/>
      </object_component>
      <object_component id="oc-1f2">
         <name>.text.Yaw_error_zzk</name>
         <load_address>0x2ec8</load_address>
         <readonly>true</readonly>
         <executable>true</executable>
         <run_address>0x2ec8</run_address>
         <size>0x190</size>
         <alignment>0x4</alignment>
         <input_file_ref idref="fl-d"/>
      </object_component>
      <object_component id="oc-167">
         <name>.text.Get_Light_TTL</name>
         <load_address>0x3058</load_address>
         <readonly>true</readonly>
         <executable>true</executable>
         <run_address>0x3058</run_address>
         <size>0x184</size>
         <alignment>0x4</alignment>
         <input_file_ref idref="fl-8"/>
      </object_component>
      <object_component id="oc-17f">
         <name>.text.Get_Light_TTL_trace</name>
         <load_address>0x31dc</load_address>
         <readonly>true</readonly>
         <executable>true</executable>
         <run_address>0x31dc</run_address>
         <size>0x184</size>
         <alignment>0x4</alignment>
         <input_file_ref idref="fl-8"/>
      </object_component>
      <object_component id="oc-de">
         <name>.text.duanlu</name>
         <load_address>0x3360</load_address>
         <readonly>true</readonly>
         <executable>true</executable>
         <run_address>0x3360</run_address>
         <size>0x154</size>
         <alignment>0x4</alignment>
         <input_file_ref idref="fl-b"/>
      </object_component>
      <object_component id="oc-184">
         <name>.text.pid_cal_trace</name>
         <load_address>0x34b4</load_address>
         <readonly>true</readonly>
         <executable>true</executable>
         <run_address>0x34b4</run_address>
         <size>0x11c</size>
         <alignment>0x2</alignment>
         <input_file_ref idref="fl-d"/>
      </object_component>
      <object_component id="oc-15a">
         <name>.text.pid_cal</name>
         <load_address>0x35d0</load_address>
         <readonly>true</readonly>
         <executable>true</executable>
         <run_address>0x35d0</run_address>
         <size>0x11a</size>
         <alignment>0x2</alignment>
         <input_file_ref idref="fl-d"/>
      </object_component>
      <object_component id="oc-115">
         <name>.text.__aeabi_idiv0</name>
         <load_address>0x36ea</load_address>
         <readonly>true</readonly>
         <executable>true</executable>
         <run_address>0x36ea</run_address>
         <size>0x2</size>
         <alignment>0x2</alignment>
         <input_file_ref idref="fl-b2"/>
      </object_component>
      <object_component id="oc-cb">
         <name>.text.__divdf3</name>
         <load_address>0x36ec</load_address>
         <readonly>true</readonly>
         <executable>true</executable>
         <run_address>0x36ec</run_address>
         <size>0x10c</size>
         <alignment>0x4</alignment>
         <input_file_ref idref="fl-a3"/>
      </object_component>
      <object_component id="oc-1c6">
         <name>.text.DL_Timer_initTimerMode</name>
         <load_address>0x37f8</load_address>
         <readonly>true</readonly>
         <executable>true</executable>
         <run_address>0x37f8</run_address>
         <size>0xe8</size>
         <alignment>0x4</alignment>
         <input_file_ref idref="fl-1d"/>
      </object_component>
      <object_component id="oc-15f">
         <name>.text.__muldf3</name>
         <load_address>0x38e0</load_address>
         <readonly>true</readonly>
         <executable>true</executable>
         <run_address>0x38e0</run_address>
         <size>0xe4</size>
         <alignment>0x4</alignment>
         <input_file_ref idref="fl-9f"/>
      </object_component>
      <object_component id="oc-c7">
         <name>.text</name>
         <load_address>0x39c4</load_address>
         <readonly>true</readonly>
         <executable>true</executable>
         <run_address>0x39c4</run_address>
         <size>0xd8</size>
         <alignment>0x4</alignment>
         <input_file_ref idref="fl-9d"/>
      </object_component>
      <object_component id="oc-1bf">
         <name>.text.DL_Timer_initPWMMode</name>
         <load_address>0x3a9c</load_address>
         <readonly>true</readonly>
         <executable>true</executable>
         <run_address>0x3a9c</run_address>
         <size>0xc4</size>
         <alignment>0x4</alignment>
         <input_file_ref idref="fl-1d"/>
      </object_component>
      <object_component id="oc-c2">
         <name>.text.atk_ms901m_get_attitude</name>
         <load_address>0x3b60</load_address>
         <readonly>true</readonly>
         <executable>true</executable>
         <run_address>0x3b60</run_address>
         <size>0xc0</size>
         <alignment>0x4</alignment>
         <input_file_ref idref="fl-4"/>
      </object_component>
      <object_component id="oc-1ea">
         <name>.text.atk_ms901m_uart_rx_fifo_read</name>
         <load_address>0x3c20</load_address>
         <readonly>true</readonly>
         <executable>true</executable>
         <run_address>0x3c20</run_address>
         <size>0xbc</size>
         <alignment>0x4</alignment>
         <input_file_ref idref="fl-5"/>
      </object_component>
      <object_component id="oc-e3">
         <name>.text.motor_set_4</name>
         <load_address>0x3cdc</load_address>
         <readonly>true</readonly>
         <executable>true</executable>
         <run_address>0x3cdc</run_address>
         <size>0xb0</size>
         <alignment>0x4</alignment>
         <input_file_ref idref="fl-9"/>
      </object_component>
      <object_component id="oc-122">
         <name>.text.SYSCFG_DL_initPower</name>
         <load_address>0x3d8c</load_address>
         <readonly>true</readonly>
         <executable>true</executable>
         <run_address>0x3d8c</run_address>
         <size>0xa0</size>
         <alignment>0x4</alignment>
         <input_file_ref idref="fl-2"/>
      </object_component>
      <object_component id="oc-14f">
         <name>.text.__mulsf3</name>
         <load_address>0x3e2c</load_address>
         <readonly>true</readonly>
         <executable>true</executable>
         <run_address>0x3e2c</run_address>
         <size>0x8c</size>
         <alignment>0x4</alignment>
         <input_file_ref idref="fl-a1"/>
      </object_component>
      <object_component id="oc-1bd">
         <name>.text.__NVIC_SetPriority</name>
         <load_address>0x3eb8</load_address>
         <readonly>true</readonly>
         <executable>true</executable>
         <run_address>0x3eb8</run_address>
         <size>0x84</size>
         <alignment>0x4</alignment>
         <input_file_ref idref="fl-2"/>
      </object_component>
      <object_component id="oc-14b">
         <name>.text.__divsf3</name>
         <load_address>0x3f3c</load_address>
         <readonly>true</readonly>
         <executable>true</executable>
         <run_address>0x3f3c</run_address>
         <size>0x82</size>
         <alignment>0x4</alignment>
         <input_file_ref idref="fl-a2"/>
      </object_component>
      <object_component id="oc-125">
         <name>.text.SYSCFG_DL_motorAB_init</name>
         <load_address>0x3fc0</load_address>
         <readonly>true</readonly>
         <executable>true</executable>
         <run_address>0x3fc0</run_address>
         <size>0x80</size>
         <alignment>0x4</alignment>
         <input_file_ref idref="fl-2"/>
      </object_component>
      <object_component id="oc-34">
         <name>.text.GROUP1_IRQHandler</name>
         <load_address>0x4040</load_address>
         <readonly>true</readonly>
         <executable>true</executable>
         <run_address>0x4040</run_address>
         <size>0x78</size>
         <alignment>0x4</alignment>
         <input_file_ref idref="fl-c"/>
      </object_component>
      <object_component id="oc-1c">
         <name>.text:decompress:lzss</name>
         <load_address>0x40b8</load_address>
         <readonly>true</readonly>
         <executable>true</executable>
         <run_address>0x40b8</run_address>
         <size>0x78</size>
         <alignment>0x4</alignment>
         <input_file_ref idref="fl-34"/>
      </object_component>
      <object_component id="oc-3f">
         <name>.text.TIMA0_IRQHandler</name>
         <load_address>0x4130</load_address>
         <readonly>true</readonly>
         <executable>true</executable>
         <run_address>0x4130</run_address>
         <size>0x74</size>
         <alignment>0x4</alignment>
         <input_file_ref idref="fl-c"/>
      </object_component>
      <object_component id="oc-7f">
         <name>.text.__aeabi_memclr</name>
         <load_address>0x41a4</load_address>
         <readonly>true</readonly>
         <executable>true</executable>
         <run_address>0x41a4</run_address>
         <size>0xc</size>
         <alignment>0x4</alignment>
         <input_file_ref idref="fl-ae"/>
      </object_component>
      <object_component id="oc-cf">
         <name>.text.__truncdfsf2</name>
         <load_address>0x41b0</load_address>
         <readonly>true</readonly>
         <executable>true</executable>
         <run_address>0x41b0</run_address>
         <size>0x74</size>
         <alignment>0x10</alignment>
         <input_file_ref idref="fl-aa"/>
      </object_component>
      <object_component id="oc-13e">
         <name>.text.__gedf2</name>
         <load_address>0x4224</load_address>
         <readonly>true</readonly>
         <executable>true</executable>
         <run_address>0x4224</run_address>
         <size>0x70</size>
         <alignment>0x4</alignment>
         <input_file_ref idref="fl-b1"/>
      </object_component>
      <object_component id="oc-138">
         <name>.text.__ledf2</name>
         <load_address>0x4294</load_address>
         <readonly>true</readonly>
         <executable>true</executable>
         <run_address>0x4294</run_address>
         <size>0x6c</size>
         <alignment>0x4</alignment>
         <input_file_ref idref="fl-b1"/>
      </object_component>
      <object_component id="oc-b8">
         <name>.text.__aeabi_dcmp</name>
         <load_address>0x4300</load_address>
         <readonly>true</readonly>
         <executable>true</executable>
         <run_address>0x4300</run_address>
         <size>0x62</size>
         <alignment>0x4</alignment>
         <input_file_ref idref="fl-ab"/>
      </object_component>
      <object_component id="oc-15b">
         <name>.text.__aeabi_fcmp</name>
         <load_address>0x4364</load_address>
         <readonly>true</readonly>
         <executable>true</executable>
         <run_address>0x4364</run_address>
         <size>0x62</size>
         <alignment>0x4</alignment>
         <input_file_ref idref="fl-ac"/>
      </object_component>
      <object_component id="oc-72">
         <name>.text.atk_ms901m_uart_rx_fifo_write</name>
         <load_address>0x43c8</load_address>
         <readonly>true</readonly>
         <executable>true</executable>
         <run_address>0x43c8</run_address>
         <size>0x60</size>
         <alignment>0x4</alignment>
         <input_file_ref idref="fl-5"/>
      </object_component>
      <object_component id="oc-128">
         <name>.text.SYSCFG_DL_OLED_init</name>
         <load_address>0x4428</load_address>
         <readonly>true</readonly>
         <executable>true</executable>
         <run_address>0x4428</run_address>
         <size>0x58</size>
         <alignment>0x4</alignment>
         <input_file_ref idref="fl-2"/>
      </object_component>
      <object_component id="oc-12a">
         <name>.text.SYSCFG_DL_IMU_init</name>
         <load_address>0x4480</load_address>
         <readonly>true</readonly>
         <executable>true</executable>
         <run_address>0x4480</run_address>
         <size>0x54</size>
         <alignment>0x4</alignment>
         <input_file_ref idref="fl-2"/>
      </object_component>
      <object_component id="oc-1de">
         <name>.text.DL_UART_setBaudRateDivisor</name>
         <load_address>0x44d4</load_address>
         <readonly>true</readonly>
         <executable>true</executable>
         <run_address>0x44d4</run_address>
         <size>0x4c</size>
         <alignment>0x4</alignment>
         <input_file_ref idref="fl-2"/>
      </object_component>
      <object_component id="oc-1dc">
         <name>.text.DL_UART_init</name>
         <load_address>0x4520</load_address>
         <readonly>true</readonly>
         <executable>true</executable>
         <run_address>0x4520</run_address>
         <size>0x48</size>
         <alignment>0x4</alignment>
         <input_file_ref idref="fl-1e"/>
      </object_component>
      <object_component id="oc-ae">
         <name>.text.ISR_Enable</name>
         <load_address>0x4568</load_address>
         <readonly>true</readonly>
         <executable>true</executable>
         <run_address>0x4568</run_address>
         <size>0x48</size>
         <alignment>0x4</alignment>
         <input_file_ref idref="fl-c"/>
      </object_component>
      <object_component id="oc-129">
         <name>.text.SYSCFG_DL_UART_0_init</name>
         <load_address>0x45b0</load_address>
         <readonly>true</readonly>
         <executable>true</executable>
         <run_address>0x45b0</run_address>
         <size>0x48</size>
         <alignment>0x4</alignment>
         <input_file_ref idref="fl-2"/>
      </object_component>
      <object_component id="oc-e5">
         <name>.text.shengguang</name>
         <load_address>0x45f8</load_address>
         <readonly>true</readonly>
         <executable>true</executable>
         <run_address>0x45f8</run_address>
         <size>0x44</size>
         <alignment>0x4</alignment>
         <input_file_ref idref="fl-b"/>
      </object_component>
      <object_component id="oc-99">
         <name>.text.__aeabi_uidivmod</name>
         <load_address>0x463c</load_address>
         <readonly>true</readonly>
         <executable>true</executable>
         <run_address>0x463c</run_address>
         <size>0x40</size>
         <alignment>0x4</alignment>
         <input_file_ref idref="fl-af"/>
      </object_component>
      <object_component id="oc-b4">
         <name>.text.__extendsfdf2</name>
         <load_address>0x467c</load_address>
         <readonly>true</readonly>
         <executable>true</executable>
         <run_address>0x467c</run_address>
         <size>0x40</size>
         <alignment>0x4</alignment>
         <input_file_ref idref="fl-a4"/>
      </object_component>
      <object_component id="oc-da">
         <name>.text.pid_init</name>
         <load_address>0x46bc</load_address>
         <readonly>true</readonly>
         <executable>true</executable>
         <run_address>0x46bc</run_address>
         <size>0x40</size>
         <alignment>0x2</alignment>
         <input_file_ref idref="fl-d"/>
      </object_component>
      <object_component id="oc-1ac">
         <name>.text.DL_GPIO_initPeripheralInputFunctionFeatures</name>
         <load_address>0x46fc</load_address>
         <readonly>true</readonly>
         <executable>true</executable>
         <run_address>0x46fc</run_address>
         <size>0x3c</size>
         <alignment>0x4</alignment>
         <input_file_ref idref="fl-2"/>
      </object_component>
      <object_component id="oc-127">
         <name>.text.SYSCFG_DL_IMU_RECEIVE_DATA_init</name>
         <load_address>0x4738</load_address>
         <readonly>true</readonly>
         <executable>true</executable>
         <run_address>0x4738</run_address>
         <size>0x3c</size>
         <alignment>0x4</alignment>
         <input_file_ref idref="fl-2"/>
      </object_component>
      <object_component id="oc-a8">
         <name>.text.SYSCFG_DL_init</name>
         <load_address>0x4774</load_address>
         <readonly>true</readonly>
         <executable>true</executable>
         <run_address>0x4774</run_address>
         <size>0x3c</size>
         <alignment>0x4</alignment>
         <input_file_ref idref="fl-2"/>
      </object_component>
      <object_component id="oc-147">
         <name>.text.__floatsisf</name>
         <load_address>0x47b0</load_address>
         <readonly>true</readonly>
         <executable>true</executable>
         <run_address>0x47b0</run_address>
         <size>0x3c</size>
         <alignment>0x4</alignment>
         <input_file_ref idref="fl-a8"/>
      </object_component>
      <object_component id="oc-1f8">
         <name>.text.__gtsf2</name>
         <load_address>0x47ec</load_address>
         <readonly>true</readonly>
         <executable>true</executable>
         <run_address>0x47ec</run_address>
         <size>0x3c</size>
         <alignment>0x4</alignment>
         <input_file_ref idref="fl-b0"/>
      </object_component>
      <object_component id="oc-103">
         <name>.text:__TI_auto_init_nobinit_nopinit</name>
         <load_address>0x4828</load_address>
         <readonly>true</readonly>
         <executable>true</executable>
         <run_address>0x4828</run_address>
         <size>0x3c</size>
         <alignment>0x4</alignment>
         <input_file_ref idref="fl-2f"/>
      </object_component>
      <object_component id="oc-1f3">
         <name>.text.__eqsf2</name>
         <load_address>0x4864</load_address>
         <readonly>true</readonly>
         <executable>true</executable>
         <run_address>0x4864</run_address>
         <size>0x3a</size>
         <alignment>0x4</alignment>
         <input_file_ref idref="fl-b0"/>
      </object_component>
      <object_component id="oc-1ed">
         <name>.text.__muldsi3</name>
         <load_address>0x48a0</load_address>
         <readonly>true</readonly>
         <executable>true</executable>
         <run_address>0x48a0</run_address>
         <size>0x3a</size>
         <alignment>0x4</alignment>
         <input_file_ref idref="fl-a0"/>
      </object_component>
      <object_component id="oc-40">
         <name>.text.TIMA1_IRQHandler</name>
         <load_address>0x48dc</load_address>
         <readonly>true</readonly>
         <executable>true</executable>
         <run_address>0x48dc</run_address>
         <size>0x38</size>
         <alignment>0x4</alignment>
         <input_file_ref idref="fl-c"/>
      </object_component>
      <object_component id="oc-201">
         <name>.text.__fixsfsi</name>
         <load_address>0x4914</load_address>
         <readonly>true</readonly>
         <executable>true</executable>
         <run_address>0x4914</run_address>
         <size>0x38</size>
         <alignment>0x4</alignment>
         <input_file_ref idref="fl-a5"/>
      </object_component>
      <object_component id="oc-16d">
         <name>.text.gpio_set</name>
         <load_address>0x494c</load_address>
         <readonly>true</readonly>
         <executable>true</executable>
         <run_address>0x494c</run_address>
         <size>0x38</size>
         <alignment>0x2</alignment>
         <input_file_ref idref="fl-7"/>
      </object_component>
      <object_component id="oc-1b0">
         <name>.text.DL_GPIO_initDigitalInputFeatures</name>
         <load_address>0x4984</load_address>
         <readonly>true</readonly>
         <executable>true</executable>
         <run_address>0x4984</run_address>
         <size>0x34</size>
         <alignment>0x4</alignment>
         <input_file_ref idref="fl-2"/>
      </object_component>
      <object_component id="oc-126">
         <name>.text.SYSCFG_DL_TIM_EncoderA_init</name>
         <load_address>0x49b8</load_address>
         <readonly>true</readonly>
         <executable>true</executable>
         <run_address>0x49b8</run_address>
         <size>0x34</size>
         <alignment>0x4</alignment>
         <input_file_ref idref="fl-2"/>
      </object_component>
      <object_component id="oc-ad">
         <name>.text.atk_ms901m_uart_init</name>
         <load_address>0x49ec</load_address>
         <readonly>true</readonly>
         <executable>true</executable>
         <run_address>0x49ec</run_address>
         <size>0x34</size>
         <alignment>0x4</alignment>
         <input_file_ref idref="fl-5"/>
      </object_component>
      <object_component id="oc-124">
         <name>.text.SYSCFG_DL_SYSCTL_init</name>
         <load_address>0x4a20</load_address>
         <readonly>true</readonly>
         <executable>true</executable>
         <run_address>0x4a20</run_address>
         <size>0x32</size>
         <alignment>0x2</alignment>
         <input_file_ref idref="fl-2"/>
      </object_component>
      <object_component id="oc-172">
         <name>.text.__fixunssfsi</name>
         <load_address>0x4a54</load_address>
         <readonly>true</readonly>
         <executable>true</executable>
         <run_address>0x4a54</run_address>
         <size>0x32</size>
         <alignment>0x4</alignment>
         <input_file_ref idref="fl-a6"/>
      </object_component>
      <object_component id="oc-3a">
         <name>.text.UART0_IRQHandler</name>
         <load_address>0x4a88</load_address>
         <readonly>true</readonly>
         <executable>true</executable>
         <run_address>0x4a88</run_address>
         <size>0x30</size>
         <alignment>0x4</alignment>
         <input_file_ref idref="fl-5"/>
      </object_component>
      <object_component id="oc-12f">
         <name>.text.__NVIC_ClearPendingIRQ</name>
         <load_address>0x4ab8</load_address>
         <readonly>true</readonly>
         <executable>true</executable>
         <run_address>0x4ab8</run_address>
         <size>0x2c</size>
         <alignment>0x4</alignment>
         <input_file_ref idref="fl-5"/>
      </object_component>
      <object_component id="oc-131">
         <name>.text.__NVIC_ClearPendingIRQ</name>
         <load_address>0x4ae4</load_address>
         <readonly>true</readonly>
         <executable>true</executable>
         <run_address>0x4ae4</run_address>
         <size>0x2c</size>
         <alignment>0x4</alignment>
         <input_file_ref idref="fl-c"/>
      </object_component>
      <object_component id="oc-130">
         <name>.text.__NVIC_EnableIRQ</name>
         <load_address>0x4b10</load_address>
         <readonly>true</readonly>
         <executable>true</executable>
         <run_address>0x4b10</run_address>
         <size>0x2c</size>
         <alignment>0x4</alignment>
         <input_file_ref idref="fl-5"/>
      </object_component>
      <object_component id="oc-132">
         <name>.text.__NVIC_EnableIRQ</name>
         <load_address>0x4b3c</load_address>
         <readonly>true</readonly>
         <executable>true</executable>
         <run_address>0x4b3c</run_address>
         <size>0x2c</size>
         <alignment>0x4</alignment>
         <input_file_ref idref="fl-c"/>
      </object_component>
      <object_component id="oc-180">
         <name>.text.__floatsidf</name>
         <load_address>0x4b68</load_address>
         <readonly>true</readonly>
         <executable>true</executable>
         <run_address>0x4b68</run_address>
         <size>0x2c</size>
         <alignment>0x4</alignment>
         <input_file_ref idref="fl-a7"/>
      </object_component>
      <object_component id="oc-216">
         <name>.text.fabs_zzk</name>
         <load_address>0x4b94</load_address>
         <readonly>true</readonly>
         <executable>true</executable>
         <run_address>0x4b94</run_address>
         <size>0x2c</size>
         <alignment>0x2</alignment>
         <input_file_ref idref="fl-d"/>
      </object_component>
      <object_component id="oc-212">
         <name>.text.DL_Common_updateReg</name>
         <load_address>0x4bc0</load_address>
         <readonly>true</readonly>
         <executable>true</executable>
         <run_address>0x4bc0</run_address>
         <size>0x28</size>
         <alignment>0x2</alignment>
         <input_file_ref idref="fl-2"/>
      </object_component>
      <object_component id="oc-1d7">
         <name>.text.DL_I2C_setControllerRXFIFOThreshold</name>
         <load_address>0x4be8</load_address>
         <readonly>true</readonly>
         <executable>true</executable>
         <run_address>0x4be8</run_address>
         <size>0x28</size>
         <alignment>0x4</alignment>
         <input_file_ref idref="fl-2"/>
      </object_component>
      <object_component id="oc-1d6">
         <name>.text.DL_I2C_setControllerTXFIFOThreshold</name>
         <load_address>0x4c10</load_address>
         <readonly>true</readonly>
         <executable>true</executable>
         <run_address>0x4c10</run_address>
         <size>0x28</size>
         <alignment>0x4</alignment>
         <input_file_ref idref="fl-2"/>
      </object_component>
      <object_component id="oc-e6">
         <name>.text.__floatunsisf</name>
         <load_address>0x4c38</load_address>
         <readonly>true</readonly>
         <executable>true</executable>
         <run_address>0x4c38</run_address>
         <size>0x28</size>
         <alignment>0x4</alignment>
         <input_file_ref idref="fl-a9"/>
      </object_component>
      <object_component id="oc-5c">
         <name>.text:_c_int00_noargs</name>
         <load_address>0x4c60</load_address>
         <readonly>true</readonly>
         <executable>true</executable>
         <run_address>0x4c60</run_address>
         <size>0x28</size>
         <alignment>0x4</alignment>
         <input_file_ref idref="fl-2d"/>
      </object_component>
      <object_component id="oc-1d2">
         <name>.text.DL_I2C_setAnalogGlitchFilterPulseWidth</name>
         <load_address>0x4c88</load_address>
         <readonly>true</readonly>
         <executable>true</executable>
         <run_address>0x4c88</run_address>
         <size>0x26</size>
         <alignment>0x2</alignment>
         <input_file_ref idref="fl-2"/>
      </object_component>
      <object_component id="oc-1cc">
         <name>.text.DL_I2C_setClockConfig</name>
         <load_address>0x4cae</load_address>
         <readonly>true</readonly>
         <executable>true</executable>
         <run_address>0x4cae</run_address>
         <size>0x26</size>
         <alignment>0x2</alignment>
         <input_file_ref idref="fl-1c"/>
      </object_component>
      <object_component id="oc-bc">
         <name>.text.delay_ms</name>
         <load_address>0x4cd4</load_address>
         <readonly>true</readonly>
         <executable>true</executable>
         <run_address>0x4cd4</run_address>
         <size>0x22</size>
         <alignment>0x2</alignment>
         <input_file_ref idref="fl-6"/>
      </object_component>
      <object_component id="oc-1ae">
         <name>.text.DL_GPIO_initPeripheralInputFunction</name>
         <load_address>0x4cf8</load_address>
         <readonly>true</readonly>
         <executable>true</executable>
         <run_address>0x4cf8</run_address>
         <size>0x20</size>
         <alignment>0x4</alignment>
         <input_file_ref idref="fl-2"/>
      </object_component>
      <object_component id="oc-6c">
         <name>.text.DL_UART_receiveDataBlocking</name>
         <load_address>0x4d18</load_address>
         <readonly>true</readonly>
         <executable>true</executable>
         <run_address>0x4d18</run_address>
         <size>0x20</size>
         <alignment>0x4</alignment>
         <input_file_ref idref="fl-1e"/>
      </object_component>
      <object_component id="oc-1dd">
         <name>.text.DL_UART_setOversampling</name>
         <load_address>0x4d38</load_address>
         <readonly>true</readonly>
         <executable>true</executable>
         <run_address>0x4d38</run_address>
         <size>0x1e</size>
         <alignment>0x2</alignment>
         <input_file_ref idref="fl-2"/>
      </object_component>
      <object_component id="oc-65">
         <name>.text.DL_GPIO_clearInterruptStatus</name>
         <load_address>0x4d58</load_address>
         <readonly>true</readonly>
         <executable>true</executable>
         <run_address>0x4d58</run_address>
         <size>0x1c</size>
         <alignment>0x4</alignment>
         <input_file_ref idref="fl-c"/>
      </object_component>
      <object_component id="oc-1b5">
         <name>.text.DL_GPIO_clearInterruptStatus</name>
         <load_address>0x4d74</load_address>
         <readonly>true</readonly>
         <executable>true</executable>
         <run_address>0x4d74</run_address>
         <size>0x1c</size>
         <alignment>0x4</alignment>
         <input_file_ref idref="fl-2"/>
      </object_component>
      <object_component id="oc-1ad">
         <name>.text.DL_GPIO_enableHiZ</name>
         <load_address>0x4d90</load_address>
         <readonly>true</readonly>
         <executable>true</executable>
         <run_address>0x4d90</run_address>
         <size>0x1c</size>
         <alignment>0x4</alignment>
         <input_file_ref idref="fl-2"/>
      </object_component>
      <object_component id="oc-1b6">
         <name>.text.DL_GPIO_enableInterrupt</name>
         <load_address>0x4dac</load_address>
         <readonly>true</readonly>
         <executable>true</executable>
         <run_address>0x4dac</run_address>
         <size>0x1c</size>
         <alignment>0x4</alignment>
         <input_file_ref idref="fl-2"/>
      </object_component>
      <object_component id="oc-1b1">
         <name>.text.DL_GPIO_initDigitalInput</name>
         <load_address>0x4dc8</load_address>
         <readonly>true</readonly>
         <executable>true</executable>
         <run_address>0x4dc8</run_address>
         <size>0x1c</size>
         <alignment>0x4</alignment>
         <input_file_ref idref="fl-2"/>
      </object_component>
      <object_component id="oc-1aa">
         <name>.text.DL_GPIO_initPeripheralOutputFunction</name>
         <load_address>0x4de4</load_address>
         <readonly>true</readonly>
         <executable>true</executable>
         <run_address>0x4de4</run_address>
         <size>0x1c</size>
         <alignment>0x4</alignment>
         <input_file_ref idref="fl-2"/>
      </object_component>
      <object_component id="oc-1b3">
         <name>.text.DL_GPIO_setLowerPinsPolarity</name>
         <load_address>0x4e00</load_address>
         <readonly>true</readonly>
         <executable>true</executable>
         <run_address>0x4e00</run_address>
         <size>0x1c</size>
         <alignment>0x4</alignment>
         <input_file_ref idref="fl-2"/>
      </object_component>
      <object_component id="oc-1bc">
         <name>.text.DL_SYSCTL_setMCLKDivider</name>
         <load_address>0x4e1c</load_address>
         <readonly>true</readonly>
         <executable>true</executable>
         <run_address>0x4e1c</run_address>
         <size>0x1c</size>
         <alignment>0x4</alignment>
         <input_file_ref idref="fl-2"/>
      </object_component>
      <object_component id="oc-1b8">
         <name>.text.DL_SYSCTL_setSYSOSCFreq</name>
         <load_address>0x4e38</load_address>
         <readonly>true</readonly>
         <executable>true</executable>
         <run_address>0x4e38</run_address>
         <size>0x1c</size>
         <alignment>0x4</alignment>
         <input_file_ref idref="fl-2"/>
      </object_component>
      <object_component id="oc-1bb">
         <name>.text.DL_SYSCTL_setULPCLKDivider</name>
         <load_address>0x4e54</load_address>
         <readonly>true</readonly>
         <executable>true</executable>
         <run_address>0x4e54</run_address>
         <size>0x1c</size>
         <alignment>0x4</alignment>
         <input_file_ref idref="fl-2"/>
      </object_component>
      <object_component id="oc-1c7">
         <name>.text.DL_Timer_enableInterrupt</name>
         <load_address>0x4e70</load_address>
         <readonly>true</readonly>
         <executable>true</executable>
         <run_address>0x4e70</run_address>
         <size>0x1c</size>
         <alignment>0x4</alignment>
         <input_file_ref idref="fl-2"/>
      </object_component>
      <object_component id="oc-1c1">
         <name>.text.DL_Timer_setCaptCompUpdateMethod</name>
         <load_address>0x4e8c</load_address>
         <readonly>true</readonly>
         <executable>true</executable>
         <run_address>0x4e8c</run_address>
         <size>0x1c</size>
         <alignment>0x4</alignment>
         <input_file_ref idref="fl-1d"/>
      </object_component>
      <object_component id="oc-1be">
         <name>.text.DL_Timer_setClockConfig</name>
         <load_address>0x4ea8</load_address>
         <readonly>true</readonly>
         <executable>true</executable>
         <run_address>0x4ea8</run_address>
         <size>0x1c</size>
         <alignment>0x4</alignment>
         <input_file_ref idref="fl-1d"/>
      </object_component>
      <object_component id="oc-1df">
         <name>.text.DL_UART_enableInterrupt</name>
         <load_address>0x4ec4</load_address>
         <readonly>true</readonly>
         <executable>true</executable>
         <run_address>0x4ec4</run_address>
         <size>0x1c</size>
         <alignment>0x4</alignment>
         <input_file_ref idref="fl-2"/>
      </object_component>
      <object_component id="oc-1ab">
         <name>.text.DL_GPIO_enableOutput</name>
         <load_address>0x4ee0</load_address>
         <readonly>true</readonly>
         <executable>true</executable>
         <run_address>0x4ee0</run_address>
         <size>0x18</size>
         <alignment>0x4</alignment>
         <input_file_ref idref="fl-2"/>
      </object_component>
      <object_component id="oc-1a6">
         <name>.text.DL_GPIO_enablePower</name>
         <load_address>0x4ef8</load_address>
         <readonly>true</readonly>
         <executable>true</executable>
         <run_address>0x4ef8</run_address>
         <size>0x18</size>
         <alignment>0x4</alignment>
         <input_file_ref idref="fl-2"/>
      </object_component>
      <object_component id="oc-63">
         <name>.text.DL_GPIO_getEnabledInterruptStatus</name>
         <load_address>0x4f10</load_address>
         <readonly>true</readonly>
         <executable>true</executable>
         <run_address>0x4f10</run_address>
         <size>0x18</size>
         <alignment>0x4</alignment>
         <input_file_ref idref="fl-c"/>
      </object_component>
      <object_component id="oc-1af">
         <name>.text.DL_GPIO_initDigitalOutput</name>
         <load_address>0x4f28</load_address>
         <readonly>true</readonly>
         <executable>true</executable>
         <run_address>0x4f28</run_address>
         <size>0x18</size>
         <alignment>0x4</alignment>
         <input_file_ref idref="fl-2"/>
      </object_component>
      <object_component id="oc-1a2">
         <name>.text.DL_GPIO_reset</name>
         <load_address>0x4f40</load_address>
         <readonly>true</readonly>
         <executable>true</executable>
         <run_address>0x4f40</run_address>
         <size>0x18</size>
         <alignment>0x4</alignment>
         <input_file_ref idref="fl-2"/>
      </object_component>
      <object_component id="oc-17d">
         <name>.text.DL_GPIO_setPins</name>
         <load_address>0x4f58</load_address>
         <readonly>true</readonly>
         <executable>true</executable>
         <run_address>0x4f58</run_address>
         <size>0x18</size>
         <alignment>0x4</alignment>
         <input_file_ref idref="fl-b"/>
      </object_component>
      <object_component id="oc-c1">
         <name>.text.DL_GPIO_setPins</name>
         <load_address>0x4f70</load_address>
         <readonly>true</readonly>
         <executable>true</executable>
         <run_address>0x4f70</run_address>
         <size>0x18</size>
         <alignment>0x4</alignment>
         <input_file_ref idref="fl-1"/>
      </object_component>
      <object_component id="oc-1fd">
         <name>.text.DL_GPIO_setPins</name>
         <load_address>0x4f88</load_address>
         <readonly>true</readonly>
         <executable>true</executable>
         <run_address>0x4f88</run_address>
         <size>0x18</size>
         <alignment>0x4</alignment>
         <input_file_ref idref="fl-7"/>
      </object_component>
      <object_component id="oc-134">
         <name>.text.DL_GPIO_setPins</name>
         <load_address>0x4fa0</load_address>
         <readonly>true</readonly>
         <executable>true</executable>
         <run_address>0x4fa0</run_address>
         <size>0x18</size>
         <alignment>0x4</alignment>
         <input_file_ref idref="fl-9"/>
      </object_component>
      <object_component id="oc-1b4">
         <name>.text.DL_GPIO_setUpperPinsPolarity</name>
         <load_address>0x4fb8</load_address>
         <readonly>true</readonly>
         <executable>true</executable>
         <run_address>0x4fb8</run_address>
         <size>0x18</size>
         <alignment>0x2</alignment>
         <input_file_ref idref="fl-2"/>
      </object_component>
      <object_component id="oc-1d3">
         <name>.text.DL_I2C_enableAnalogGlitchFilter</name>
         <load_address>0x4fd0</load_address>
         <readonly>true</readonly>
         <executable>true</executable>
         <run_address>0x4fd0</run_address>
         <size>0x18</size>
         <alignment>0x2</alignment>
         <input_file_ref idref="fl-2"/>
      </object_component>
      <object_component id="oc-1d9">
         <name>.text.DL_I2C_enableController</name>
         <load_address>0x4fe8</load_address>
         <readonly>true</readonly>
         <executable>true</executable>
         <run_address>0x4fe8</run_address>
         <size>0x18</size>
         <alignment>0x4</alignment>
         <input_file_ref idref="fl-2"/>
      </object_component>
      <object_component id="oc-1d8">
         <name>.text.DL_I2C_enableControllerClockStretching</name>
         <load_address>0x5000</load_address>
         <readonly>true</readonly>
         <executable>true</executable>
         <run_address>0x5000</run_address>
         <size>0x18</size>
         <alignment>0x4</alignment>
         <input_file_ref idref="fl-2"/>
      </object_component>
      <object_component id="oc-1a8">
         <name>.text.DL_I2C_enablePower</name>
         <load_address>0x5018</load_address>
         <readonly>true</readonly>
         <executable>true</executable>
         <run_address>0x5018</run_address>
         <size>0x18</size>
         <alignment>0x4</alignment>
         <input_file_ref idref="fl-2"/>
      </object_component>
      <object_component id="oc-1a4">
         <name>.text.DL_I2C_reset</name>
         <load_address>0x5030</load_address>
         <readonly>true</readonly>
         <executable>true</executable>
         <run_address>0x5030</run_address>
         <size>0x18</size>
         <alignment>0x4</alignment>
         <input_file_ref idref="fl-2"/>
      </object_component>
      <object_component id="oc-1d5">
         <name>.text.DL_I2C_setTimerPeriod</name>
         <load_address>0x5048</load_address>
         <readonly>true</readonly>
         <executable>true</executable>
         <run_address>0x5048</run_address>
         <size>0x18</size>
         <alignment>0x4</alignment>
         <input_file_ref idref="fl-2"/>
      </object_component>
      <object_component id="oc-1b7">
         <name>.text.DL_SYSCTL_setBORThreshold</name>
         <load_address>0x5060</load_address>
         <readonly>true</readonly>
         <executable>true</executable>
         <run_address>0x5060</run_address>
         <size>0x18</size>
         <alignment>0x4</alignment>
         <input_file_ref idref="fl-2"/>
      </object_component>
      <object_component id="oc-1a7">
         <name>.text.DL_Timer_enablePower</name>
         <load_address>0x5078</load_address>
         <readonly>true</readonly>
         <executable>true</executable>
         <run_address>0x5078</run_address>
         <size>0x18</size>
         <alignment>0x4</alignment>
         <input_file_ref idref="fl-2"/>
      </object_component>
      <object_component id="oc-1a3">
         <name>.text.DL_Timer_reset</name>
         <load_address>0x5090</load_address>
         <readonly>true</readonly>
         <executable>true</executable>
         <run_address>0x5090</run_address>
         <size>0x18</size>
         <alignment>0x4</alignment>
         <input_file_ref idref="fl-2"/>
      </object_component>
      <object_component id="oc-1c0">
         <name>.text.DL_Timer_setCaptureCompareOutCtl</name>
         <load_address>0x50a8</load_address>
         <readonly>true</readonly>
         <executable>true</executable>
         <run_address>0x50a8</run_address>
         <size>0x18</size>
         <alignment>0x4</alignment>
         <input_file_ref idref="fl-1d"/>
      </object_component>
      <object_component id="oc-133">
         <name>.text.DL_Timer_startCounter</name>
         <load_address>0x50c0</load_address>
         <readonly>true</readonly>
         <executable>true</executable>
         <run_address>0x50c0</run_address>
         <size>0x18</size>
         <alignment>0x4</alignment>
         <input_file_ref idref="fl-c"/>
      </object_component>
      <object_component id="oc-1a9">
         <name>.text.DL_UART_enablePower</name>
         <load_address>0x50d8</load_address>
         <readonly>true</readonly>
         <executable>true</executable>
         <run_address>0x50d8</run_address>
         <size>0x18</size>
         <alignment>0x4</alignment>
         <input_file_ref idref="fl-2"/>
      </object_component>
      <object_component id="oc-1a5">
         <name>.text.DL_UART_reset</name>
         <load_address>0x50f0</load_address>
         <readonly>true</readonly>
         <executable>true</executable>
         <run_address>0x50f0</run_address>
         <size>0x18</size>
         <alignment>0x4</alignment>
         <input_file_ref idref="fl-2"/>
      </object_component>
      <object_component id="oc-d4">
         <name>.text.DL_GPIO_readPins</name>
         <load_address>0x5108</load_address>
         <readonly>true</readonly>
         <executable>true</executable>
         <run_address>0x5108</run_address>
         <size>0x16</size>
         <alignment>0x2</alignment>
         <input_file_ref idref="fl-1"/>
      </object_component>
      <object_component id="oc-1fc">
         <name>.text.DL_GPIO_readPins</name>
         <load_address>0x511e</load_address>
         <readonly>true</readonly>
         <executable>true</executable>
         <run_address>0x511e</run_address>
         <size>0x16</size>
         <alignment>0x2</alignment>
         <input_file_ref idref="fl-8"/>
      </object_component>
      <object_component id="oc-64">
         <name>.text.DL_GPIO_readPins</name>
         <load_address>0x5134</load_address>
         <readonly>true</readonly>
         <executable>true</executable>
         <run_address>0x5134</run_address>
         <size>0x16</size>
         <alignment>0x2</alignment>
         <input_file_ref idref="fl-c"/>
      </object_component>
      <object_component id="oc-1e0">
         <name>.text.DL_UART_enable</name>
         <load_address>0x514a</load_address>
         <readonly>true</readonly>
         <executable>true</executable>
         <run_address>0x514a</run_address>
         <size>0x16</size>
         <alignment>0x2</alignment>
         <input_file_ref idref="fl-2"/>
      </object_component>
      <object_component id="oc-d3">
         <name>.text.DL_GPIO_clearPins</name>
         <load_address>0x5160</load_address>
         <readonly>true</readonly>
         <executable>true</executable>
         <run_address>0x5160</run_address>
         <size>0x14</size>
         <alignment>0x2</alignment>
         <input_file_ref idref="fl-1"/>
      </object_component>
      <object_component id="oc-1fe">
         <name>.text.DL_GPIO_clearPins</name>
         <load_address>0x5174</load_address>
         <readonly>true</readonly>
         <executable>true</executable>
         <run_address>0x5174</run_address>
         <size>0x14</size>
         <alignment>0x2</alignment>
         <input_file_ref idref="fl-7"/>
      </object_component>
      <object_component id="oc-76">
         <name>.text.DL_GPIO_clearPins</name>
         <load_address>0x5188</load_address>
         <readonly>true</readonly>
         <executable>true</executable>
         <run_address>0x5188</run_address>
         <size>0x14</size>
         <alignment>0x2</alignment>
         <input_file_ref idref="fl-c"/>
      </object_component>
      <object_component id="oc-17c">
         <name>.text.DL_GPIO_clearPins</name>
         <load_address>0x519c</load_address>
         <readonly>true</readonly>
         <executable>true</executable>
         <run_address>0x519c</run_address>
         <size>0x14</size>
         <alignment>0x2</alignment>
         <input_file_ref idref="fl-9"/>
      </object_component>
      <object_component id="oc-1b2">
         <name>.text.DL_GPIO_clearPins</name>
         <load_address>0x51b0</load_address>
         <readonly>true</readonly>
         <executable>true</executable>
         <run_address>0x51b0</run_address>
         <size>0x14</size>
         <alignment>0x2</alignment>
         <input_file_ref idref="fl-2"/>
      </object_component>
      <object_component id="oc-1d4">
         <name>.text.DL_I2C_resetControllerTransfer</name>
         <load_address>0x51c4</load_address>
         <readonly>true</readonly>
         <executable>true</executable>
         <run_address>0x51c4</run_address>
         <size>0x14</size>
         <alignment>0x4</alignment>
         <input_file_ref idref="fl-2"/>
      </object_component>
      <object_component id="oc-1ba">
         <name>.text.DL_SYSCTL_disableSYSPLL</name>
         <load_address>0x51d8</load_address>
         <readonly>true</readonly>
         <executable>true</executable>
         <run_address>0x51d8</run_address>
         <size>0x14</size>
         <alignment>0x4</alignment>
         <input_file_ref idref="fl-2"/>
      </object_component>
      <object_component id="oc-1c2">
         <name>.text.DL_Timer_enableClock</name>
         <load_address>0x51ec</load_address>
         <readonly>true</readonly>
         <executable>true</executable>
         <run_address>0x51ec</run_address>
         <size>0x14</size>
         <alignment>0x4</alignment>
         <input_file_ref idref="fl-2"/>
      </object_component>
      <object_component id="oc-1c3">
         <name>.text.DL_Timer_setCCPDirection</name>
         <load_address>0x5200</load_address>
         <readonly>true</readonly>
         <executable>true</executable>
         <run_address>0x5200</run_address>
         <size>0x14</size>
         <alignment>0x2</alignment>
         <input_file_ref idref="fl-2"/>
      </object_component>
      <object_component id="oc-e4">
         <name>.text.motor_off</name>
         <load_address>0x5214</load_address>
         <readonly>true</readonly>
         <executable>true</executable>
         <run_address>0x5214</run_address>
         <size>0x14</size>
         <alignment>0x4</alignment>
         <input_file_ref idref="fl-9"/>
      </object_component>
      <object_component id="oc-af">
         <name>.text.motor_on</name>
         <load_address>0x5228</load_address>
         <readonly>true</readonly>
         <executable>true</executable>
         <run_address>0x5228</run_address>
         <size>0x14</size>
         <alignment>0x4</alignment>
         <input_file_ref idref="fl-9"/>
      </object_component>
      <object_component id="oc-75">
         <name>.text.DL_Timer_getPendingInterrupt</name>
         <load_address>0x523c</load_address>
         <readonly>true</readonly>
         <executable>true</executable>
         <run_address>0x523c</run_address>
         <size>0x12</size>
         <alignment>0x2</alignment>
         <input_file_ref idref="fl-c"/>
      </object_component>
      <object_component id="oc-6b">
         <name>.text.DL_UART_getPendingInterrupt</name>
         <load_address>0x524e</load_address>
         <readonly>true</readonly>
         <executable>true</executable>
         <run_address>0x524e</run_address>
         <size>0x12</size>
         <alignment>0x2</alignment>
         <input_file_ref idref="fl-5"/>
      </object_component>
      <object_component id="oc-1db">
         <name>.text.DL_UART_setClockConfig</name>
         <load_address>0x5260</load_address>
         <readonly>true</readonly>
         <executable>true</executable>
         <run_address>0x5260</run_address>
         <size>0x12</size>
         <alignment>0x2</alignment>
         <input_file_ref idref="fl-1e"/>
      </object_component>
      <object_component id="oc-9e">
         <name>.text:TI_memcpy_small</name>
         <load_address>0x5272</load_address>
         <readonly>true</readonly>
         <executable>true</executable>
         <run_address>0x5272</run_address>
         <size>0x12</size>
         <alignment>0x1</alignment>
         <input_file_ref idref="fl-b3"/>
      </object_component>
      <object_component id="oc-20">
         <name>.text:decompress:none</name>
         <load_address>0x5284</load_address>
         <readonly>true</readonly>
         <executable>true</executable>
         <run_address>0x5284</run_address>
         <size>0x12</size>
         <alignment>0x2</alignment>
         <input_file_ref idref="fl-33"/>
      </object_component>
      <object_component id="oc-1b9">
         <name>.text.DL_SYSCTL_disableHFXT</name>
         <load_address>0x5298</load_address>
         <readonly>true</readonly>
         <executable>true</executable>
         <run_address>0x5298</run_address>
         <size>0x10</size>
         <alignment>0x4</alignment>
         <input_file_ref idref="fl-2"/>
      </object_component>
      <object_component id="oc-176">
         <name>.text.DL_Timer_setCaptureCompareValue</name>
         <load_address>0x52a8</load_address>
         <readonly>true</readonly>
         <executable>true</executable>
         <run_address>0x52a8</run_address>
         <size>0x10</size>
         <alignment>0x4</alignment>
         <input_file_ref idref="fl-1d"/>
      </object_component>
      <object_component id="oc-59">
         <name>.text:decompress:ZI</name>
         <load_address>0x52b8</load_address>
         <readonly>true</readonly>
         <executable>true</executable>
         <run_address>0x52b8</run_address>
         <size>0x10</size>
         <alignment>0x2</alignment>
         <input_file_ref idref="fl-32"/>
      </object_component>
      <object_component id="oc-11c">
         <name>.text:TI_memset_small</name>
         <load_address>0x52c8</load_address>
         <readonly>true</readonly>
         <executable>true</executable>
         <run_address>0x52c8</run_address>
         <size>0xe</size>
         <alignment>0x1</alignment>
         <input_file_ref idref="fl-b4"/>
      </object_component>
      <object_component id="oc-140">
         <name>.text.DL_Common_delayCycles</name>
         <load_address>0x52d6</load_address>
         <readonly>true</readonly>
         <executable>true</executable>
         <run_address>0x52d6</run_address>
         <size>0xa</size>
         <alignment>0x2</alignment>
         <input_file_ref idref="fl-1b"/>
      </object_component>
      <object_component id="oc-4c">
         <name>.text.__aeabi_memcpy</name>
         <load_address>0x52e0</load_address>
         <readonly>true</readonly>
         <executable>true</executable>
         <run_address>0x52e0</run_address>
         <size>0x8</size>
         <alignment>0x4</alignment>
         <input_file_ref idref="fl-ad"/>
      </object_component>
      <object_component id="oc-33">
         <name>.text.Default_Handler</name>
         <load_address>0x52e8</load_address>
         <readonly>true</readonly>
         <executable>true</executable>
         <run_address>0x52e8</run_address>
         <size>0x4</size>
         <alignment>0x2</alignment>
         <input_file_ref idref="fl-3"/>
      </object_component>
      <object_component id="oc-2f">
         <name>.text.Reset_Handler</name>
         <load_address>0x52ec</load_address>
         <readonly>true</readonly>
         <executable>true</executable>
         <run_address>0x52ec</run_address>
         <size>0x4</size>
         <alignment>0x2</alignment>
         <input_file_ref idref="fl-3"/>
      </object_component>
      <object_component id="oc-84">
         <name>.text._system_pre_init</name>
         <load_address>0x52f0</load_address>
         <readonly>true</readonly>
         <executable>true</executable>
         <run_address>0x52f0</run_address>
         <size>0x4</size>
         <alignment>0x2</alignment>
         <input_file_ref idref="fl-30"/>
      </object_component>
      <object_component id="oc-fc">
         <name>.text:abort</name>
         <load_address>0x52f4</load_address>
         <readonly>true</readonly>
         <executable>true</executable>
         <run_address>0x52f4</run_address>
         <size>0x4</size>
         <alignment>0x2</alignment>
         <input_file_ref idref="fl-35"/>
      </object_component>
      <object_component id="oc-25b">
         <name>.cinit..data.load</name>
         <load_address>0x5358</load_address>
         <readonly>true</readonly>
         <run_address>0x5358</run_address>
         <size>0x18</size>
         <alignment>0x1</alignment>
      </object_component>
      <object_component id="oc-259">
         <name>__TI_handler_table</name>
         <load_address>0x5370</load_address>
         <readonly>true</readonly>
         <run_address>0x5370</run_address>
         <size>0xc</size>
         <alignment>0x4</alignment>
      </object_component>
      <object_component id="oc-25c">
         <name>.cinit..bss.load</name>
         <load_address>0x537c</load_address>
         <readonly>true</readonly>
         <run_address>0x537c</run_address>
         <size>0x8</size>
         <alignment>0x4</alignment>
      </object_component>
      <object_component id="oc-25a">
         <name>__TI_cinit_table</name>
         <load_address>0x5384</load_address>
         <readonly>true</readonly>
         <run_address>0x5384</run_address>
         <size>0x10</size>
         <alignment>0x4</alignment>
      </object_component>
      <object_component id="oc-1cb">
         <name>.rodata.gIMU_RECEIVE_DATATimerConfig</name>
         <load_address>0x5300</load_address>
         <readonly>true</readonly>
         <run_address>0x5300</run_address>
         <size>0x14</size>
         <alignment>0x4</alignment>
         <input_file_ref idref="fl-2"/>
      </object_component>
      <object_component id="oc-1c9">
         <name>.rodata.gTIM_EncoderATimerConfig</name>
         <load_address>0x5314</load_address>
         <readonly>true</readonly>
         <run_address>0x5314</run_address>
         <size>0x14</size>
         <alignment>0x4</alignment>
         <input_file_ref idref="fl-2"/>
      </object_component>
      <object_component id="oc-1e4">
         <name>.rodata.gIMUConfig</name>
         <load_address>0x5328</load_address>
         <readonly>true</readonly>
         <run_address>0x5328</run_address>
         <size>0xa</size>
         <alignment>0x2</alignment>
         <input_file_ref idref="fl-2"/>
      </object_component>
      <object_component id="oc-1e2">
         <name>.rodata.gUART_0Config</name>
         <load_address>0x5332</load_address>
         <readonly>true</readonly>
         <run_address>0x5332</run_address>
         <size>0xa</size>
         <alignment>0x2</alignment>
         <input_file_ref idref="fl-2"/>
      </object_component>
      <object_component id="oc-1c5">
         <name>.rodata.gmotorABConfig</name>
         <load_address>0x533c</load_address>
         <readonly>true</readonly>
         <run_address>0x533c</run_address>
         <size>0x8</size>
         <alignment>0x4</alignment>
         <input_file_ref idref="fl-2"/>
      </object_component>
      <object_component id="oc-1ca">
         <name>.rodata.gIMU_RECEIVE_DATAClockConfig</name>
         <load_address>0x5344</load_address>
         <readonly>true</readonly>
         <run_address>0x5344</run_address>
         <size>0x3</size>
         <alignment>0x1</alignment>
         <input_file_ref idref="fl-2"/>
      </object_component>
      <object_component id="oc-1c8">
         <name>.rodata.gTIM_EncoderAClockConfig</name>
         <load_address>0x5347</load_address>
         <readonly>true</readonly>
         <run_address>0x5347</run_address>
         <size>0x3</size>
         <alignment>0x1</alignment>
         <input_file_ref idref="fl-2"/>
      </object_component>
      <object_component id="oc-1c4">
         <name>.rodata.gmotorABClockConfig</name>
         <load_address>0x534a</load_address>
         <readonly>true</readonly>
         <run_address>0x534a</run_address>
         <size>0x3</size>
         <alignment>0x1</alignment>
         <input_file_ref idref="fl-2"/>
      </object_component>
      <object_component id="oc-1e3">
         <name>.rodata.gIMUClockConfig</name>
         <load_address>0x534d</load_address>
         <readonly>true</readonly>
         <run_address>0x534d</run_address>
         <size>0x2</size>
         <alignment>0x1</alignment>
         <input_file_ref idref="fl-2"/>
      </object_component>
      <object_component id="oc-1da">
         <name>.rodata.gOLEDClockConfig</name>
         <load_address>0x534f</load_address>
         <readonly>true</readonly>
         <run_address>0x534f</run_address>
         <size>0x2</size>
         <alignment>0x1</alignment>
         <input_file_ref idref="fl-2"/>
      </object_component>
      <object_component id="oc-1e1">
         <name>.rodata.gUART_0ClockConfig</name>
         <load_address>0x5351</load_address>
         <readonly>true</readonly>
         <run_address>0x5351</run_address>
         <size>0x2</size>
         <alignment>0x1</alignment>
         <input_file_ref idref="fl-2"/>
      </object_component>
      <object_component id="oc-223">
         <name>.binit</name>
         <load_address>0x0</load_address>
         <readonly>true</readonly>
         <run_address>0x0</run_address>
         <size>0x0</size>
         <alignment>0x4</alignment>
      </object_component>
      <object_component id="oc-ea">
         <name>.data.TASK</name>
         <load_address>0x20200436</load_address>
         <readwrite>true</readwrite>
         <run_address>0x20200436</run_address>
         <size>0x1</size>
         <alignment>0x1</alignment>
         <input_file_ref idref="fl-1"/>
      </object_component>
      <object_component id="oc-f0">
         <name>.data.workstep</name>
         <load_address>0x2020043b</load_address>
         <readwrite>true</readwrite>
         <run_address>0x2020043b</run_address>
         <size>0x1</size>
         <alignment>0x1</alignment>
         <input_file_ref idref="fl-1"/>
      </object_component>
      <object_component id="oc-d5">
         <name>.data.First_flag</name>
         <load_address>0x2020042a</load_address>
         <readwrite>true</readwrite>
         <run_address>0x2020042a</run_address>
         <size>0x1</size>
         <alignment>0x1</alignment>
         <input_file_ref idref="fl-1"/>
      </object_component>
      <object_component id="oc-f1">
         <name>.data.basespeed</name>
         <load_address>0x20200420</load_address>
         <readwrite>true</readwrite>
         <run_address>0x20200420</run_address>
         <size>0x4</size>
         <alignment>0x4</alignment>
         <input_file_ref idref="fl-1"/>
      </object_component>
      <object_component id="oc-f5">
         <name>.data.angle_record</name>
         <load_address>0x20200418</load_address>
         <readwrite>true</readwrite>
         <run_address>0x20200418</run_address>
         <size>0x4</size>
         <alignment>0x4</alignment>
         <input_file_ref idref="fl-1"/>
      </object_component>
      <object_component id="oc-f7">
         <name>.data.task4_jishu</name>
         <load_address>0x2020043a</load_address>
         <readwrite>true</readwrite>
         <run_address>0x2020043a</run_address>
         <size>0x1</size>
         <alignment>0x1</alignment>
         <input_file_ref idref="fl-1"/>
      </object_component>
      <object_component id="oc-f8">
         <name>.data.angle_record_3</name>
         <load_address>0x2020041c</load_address>
         <readwrite>true</readwrite>
         <run_address>0x2020041c</run_address>
         <size>0x4</size>
         <alignment>0x4</alignment>
         <input_file_ref idref="fl-1"/>
      </object_component>
      <object_component id="oc-d9">
         <name>.data.MODE_flag</name>
[...]
         <object_component_ref idref="oc-e3"/>
      </symbol>
      <symbol id="sm-216">
         <name>heisei_time</name>
         <value>0x20200428</value>
         <object_component_ref idref="oc-18d"/>
      </symbol>
      <symbol id="sm-217">
         <name>baisei_time</name>
         <value>0x20200424</value>
         <object_component_ref idref="oc-18e"/>
      </symbol>
      <symbol id="sm-218">
         <name>baisei_time_task2</name>
         <value>0x20200426</value>
         <object_component_ref idref="oc-18f"/>
      </symbol>
      <symbol id="sm-219">
         <name>Line_flag_task2</name>
         <value>0x20200430</value>
         <object_component_ref idref="oc-f6"/>
      </symbol>
      <symbol id="sm-21a">
         <name>Trace_task_3</name>
         <value>0x20fd</value>
         <object_component_ref idref="oc-f9"/>
      </symbol>
      <symbol id="sm-21b">
         <name>shengguang</name>
         <value>0x45f9</value>
         <object_component_ref idref="oc-e5"/>
      </symbol>
      <symbol id="sm-21c">
         <name>duanlu</name>
         <value>0x3361</value>
         <object_component_ref idref="oc-de"/>
      </symbol>
      <symbol id="sm-21d">
         <name>Trace_pid_test</name>
         <value>0x25c9</value>
         <object_component_ref idref="oc-eb"/>
      </symbol>
      <symbol id="sm-24f">
         <name>ISR_Enable</name>
         <value>0x4569</value>
         <object_component_ref idref="oc-ae"/>
      </symbol>
      <symbol id="sm-250">
         <name>UART1_IRQHandler</name>
         <value>0x2ec7</value>
         <object_component_ref idref="oc-39"/>
      </symbol>
      <symbol id="sm-251">
         <name>TIMA1_IRQHandler</name>
         <value>0x48dd</value>
         <object_component_ref idref="oc-40"/>
      </symbol>
      <symbol id="sm-252">
         <name>Left_Count</name>
         <value>0x20200400</value>
         <object_component_ref idref="oc-67"/>
      </symbol>
      <symbol id="sm-253">
         <name>Speed_Left_now</name>
         <value>0x20200410</value>
         <object_component_ref idref="oc-79"/>
      </symbol>
      <symbol id="sm-254">
         <name>Right_Count</name>
         <value>0x2020040c</value>
         <object_component_ref idref="oc-68"/>
      </symbol>
      <symbol id="sm-255">
         <name>Speed_Right_now</name>
         <value>0x20200414</value>
         <object_component_ref idref="oc-7a"/>
      </symbol>
      <symbol id="sm-256">
         <name>TIMA0_IRQHandler</name>
         <value>0x4131</value>
         <object_component_ref idref="oc-3f"/>
      </symbol>
      <symbol id="sm-257">
         <name>shengguang_flag</name>
         <value>0x20200438</value>
         <object_component_ref idref="oc-77"/>
      </symbol>
      <symbol id="sm-258">
         <name>shengguang_time</name>
         <value>0x20200439</value>
         <object_component_ref idref="oc-78"/>
      </symbol>
      <symbol id="sm-259">
         <name>GROUP1_IRQHandler</name>
         <value>0x4041</value>
         <object_component_ref idref="oc-34"/>
      </symbol>
      <symbol id="sm-25a">
         <name>duanlu_jishu_flag</name>
         <value>0x20200437</value>
         <object_component_ref idref="oc-66"/>
      </symbol>
      <symbol id="sm-26e">
         <name>pid_cal</name>
         <value>0x35d1</value>
         <object_component_ref idref="oc-15a"/>
      </symbol>
      <symbol id="sm-26f">
         <name>Yaw_error_zzk</name>
         <value>0x2ec9</value>
         <object_component_ref idref="oc-1f2"/>
      </symbol>
      <symbol id="sm-270">
         <name>fabs_zzk</name>
         <value>0x4b95</value>
         <object_component_ref idref="oc-216"/>
      </symbol>
      <symbol id="sm-271">
         <name>pid_cal_trace</name>
         <value>0x34b5</value>
         <object_component_ref idref="oc-184"/>
      </symbol>
      <symbol id="sm-272">
         <name>pid_init</name>
         <value>0x46bd</value>
         <object_component_ref idref="oc-da"/>
      </symbol>
      <symbol id="sm-273">
         <name>angle</name>
         <value>0x20200380</value>
      </symbol>
      <symbol id="sm-274">
         <name>trace_pid</name>
         <value>0x202003b4</value>
      </symbol>
      <symbol id="sm-275">
         <name>attitude_dat</name>
         <value>0x202003e8</value>
      </symbol>
      <symbol id="sm-276">
         <name>__TI_ATRegion0_src_addr</name>
         <value>0x0</value>
      </symbol>
      <symbol id="sm-277">
         <name>__TI_ATRegion0_trg_addr</name>
         <value>0x0</value>
      </symbol>
      <symbol id="sm-278">
         <name>__TI_ATRegion0_region_sz</name>
         <value>0x0</value>
      </symbol>
      <symbol id="sm-279">
         <name>__TI_ATRegion1_src_addr</name>
         <value>0x0</value>
      </symbol>
      <symbol id="sm-27a">
         <name>__TI_ATRegion1_trg_addr</name>
         <value>0x0</value>
      </symbol>
      <symbol id="sm-27b">
         <name>__TI_ATRegion1_region_sz</name>
         <value>0x0</value>
      </symbol>
      <symbol id="sm-27c">
         <name>__TI_ATRegion2_src_addr</name>
         <value>0x0</value>
      </symbol>
      <symbol id="sm-27d">
         <name>__TI_ATRegion2_trg_addr</name>
         <value>0x0</value>
      </symbol>
      <symbol id="sm-27e">
         <name>__TI_ATRegion2_region_sz</name>
         <value>0x0</value>
      </symbol>
      <symbol id="sm-287">
         <name>DL_Common_delayCycles</name>
         <value>0x52d7</value>
         <object_component_ref idref="oc-140"/>
      </symbol>
      <symbol id="sm-291">
         <name>DL_I2C_setClockConfig</name>
         <value>0x4caf</value>
         <object_component_ref idref="oc-1cc"/>
      </symbol>
      <symbol id="sm-2ad">
         <name>DL_Timer_setClockConfig</name>
         <value>0x4ea9</value>
         <object_component_ref idref="oc-1be"/>
      </symbol>
      <symbol id="sm-2ae">
         <name>DL_Timer_initTimerMode</name>
         <value>0x37f9</value>
         <object_component_ref idref="oc-1c6"/>
      </symbol>
      <symbol id="sm-2af">
         <name>DL_Timer_setCaptureCompareValue</name>
         <value>0x52a9</value>
         <object_component_ref idref="oc-176"/>
      </symbol>
      <symbol id="sm-2b0">
         <name>DL_Timer_initPWMMode</name>
         <value>0x3a9d</value>
         <object_component_ref idref="oc-1bf"/>
      </symbol>
      <symbol id="sm-2b1">
         <name>DL_Timer_setCaptureCompareOutCtl</name>
         <value>0x50a9</value>
         <object_component_ref idref="oc-1c0"/>
      </symbol>
      <symbol id="sm-2b2">
         <name>DL_Timer_setCaptCompUpdateMethod</name>
         <value>0x4e8d</value>
         <object_component_ref idref="oc-1c1"/>
      </symbol>
      <symbol id="sm-2c2">
         <name>DL_UART_init</name>
         <value>0x4521</value>
         <object_component_ref idref="oc-1dc"/>
      </symbol>
      <symbol id="sm-2c3">
         <name>DL_UART_setClockConfig</name>
         <value>0x5261</value>
         <object_component_ref idref="oc-1db"/>
      </symbol>
      <symbol id="sm-2c4">
         <name>DL_UART_receiveDataBlocking</name>
         <value>0x4d19</value>
         <object_component_ref idref="oc-6c"/>
      </symbol>
      <symbol id="sm-2cf">
         <name>_c_int00_noargs</name>
         <value>0x4c61</value>
         <object_component_ref idref="oc-5c"/>
      </symbol>
      <symbol id="sm-2d0">
         <name>__stack</name>
         <value>0x20207e00</value>
         <object_component_ref idref="oc-1a"/>
      </symbol>
      <symbol id="sm-2dc">
         <name>__TI_auto_init_nobinit_nopinit</name>
         <value>0x4829</value>
         <object_component_ref idref="oc-103"/>
      </symbol>
      <symbol id="sm-2e4">
         <name>_system_pre_init</name>
         <value>0x52f1</value>
         <object_component_ref idref="oc-84"/>
      </symbol>
      <symbol id="sm-2ef">
         <name>__TI_zero_init</name>
         <value>0x52b9</value>
         <object_component_ref idref="oc-59"/>
      </symbol>
      <symbol id="sm-2f8">
         <name>__TI_decompress_none</name>
         <value>0x5285</value>
         <object_component_ref idref="oc-20"/>
      </symbol>
      <symbol id="sm-303">
         <name>__TI_decompress_lzss</name>
         <value>0x40b9</value>
         <object_component_ref idref="oc-1c"/>
      </symbol>
      <symbol id="sm-30d">
         <name>abort</name>
         <value>0x52f5</value>
         <object_component_ref idref="oc-fc"/>
      </symbol>
      <symbol id="sm-30e">
         <name>C$$EXIT</name>
         <value>0x52f4</value>
         <object_component_ref idref="oc-fc"/>
      </symbol>
      <symbol id="sm-316">
         <name>__aeabi_fadd</name>
         <value>0x39cf</value>
         <object_component_ref idref="oc-c7"/>
      </symbol>
      <symbol id="sm-317">
         <name>__addsf3</name>
         <value>0x39cf</value>
         <object_component_ref idref="oc-c7"/>
      </symbol>
      <symbol id="sm-318">
         <name>__aeabi_fsub</name>
         <value>0x39c5</value>
         <object_component_ref idref="oc-c7"/>
      </symbol>
      <symbol id="sm-319">
         <name>__subsf3</name>
         <value>0x39c5</value>
         <object_component_ref idref="oc-c7"/>
      </symbol>
      <symbol id="sm-31f">
         <name>__aeabi_dadd</name>
         <value>0x2d3f</value>
         <object_component_ref idref="oc-163"/>
      </symbol>
      <symbol id="sm-320">
         <name>__adddf3</name>
         <value>0x2d3f</value>
         <object_component_ref idref="oc-163"/>
      </symbol>
      <symbol id="sm-321">
         <name>__aeabi_dsub</name>
         <value>0x2d35</value>
         <object_component_ref idref="oc-163"/>
      </symbol>
      <symbol id="sm-322">
         <name>__subdf3</name>
         <value>0x2d35</value>
         <object_component_ref idref="oc-163"/>
      </symbol>
      <symbol id="sm-328">
         <name>__aeabi_dmul</name>
         <value>0x38e1</value>
         <object_component_ref idref="oc-15f"/>
      </symbol>
      <symbol id="sm-329">
         <name>__muldf3</name>
         <value>0x38e1</value>
         <object_component_ref idref="oc-15f"/>
      </symbol>
      <symbol id="sm-32f">
         <name>__muldsi3</name>
         <value>0x48a1</value>
         <object_component_ref idref="oc-1ed"/>
      </symbol>
      <symbol id="sm-335">
         <name>__aeabi_fmul</name>
         <value>0x3e2d</value>
         <object_component_ref idref="oc-14f"/>
      </symbol>
      <symbol id="sm-336">
         <name>__mulsf3</name>
         <value>0x3e2d</value>
         <object_component_ref idref="oc-14f"/>
      </symbol>
      <symbol id="sm-33c">
         <name>__aeabi_fdiv</name>
         <value>0x3f3d</value>
         <object_component_ref idref="oc-14b"/>
      </symbol>
      <symbol id="sm-33d">
         <name>__divsf3</name>
         <value>0x3f3d</value>
         <object_component_ref idref="oc-14b"/>
      </symbol>
      <symbol id="sm-343">
         <name>__aeabi_ddiv</name>
         <value>0x36ed</value>
         <object_component_ref idref="oc-cb"/>
      </symbol>
      <symbol id="sm-344">
         <name>__divdf3</name>
         <value>0x36ed</value>
         <object_component_ref idref="oc-cb"/>
      </symbol>
      <symbol id="sm-34a">
         <name>__aeabi_f2d</name>
         <value>0x467d</value>
         <object_component_ref idref="oc-b4"/>
      </symbol>
      <symbol id="sm-34b">
         <name>__extendsfdf2</name>
         <value>0x467d</value>
         <object_component_ref idref="oc-b4"/>
      </symbol>
      <symbol id="sm-351">
         <name>__aeabi_f2iz</name>
         <value>0x4915</value>
         <object_component_ref idref="oc-201"/>
      </symbol>
      <symbol id="sm-352">
         <name>__fixsfsi</name>
         <value>0x4915</value>
         <object_component_ref idref="oc-201"/>
      </symbol>
      <symbol id="sm-358">
         <name>__aeabi_f2uiz</name>
         <value>0x4a55</value>
         <object_component_ref idref="oc-172"/>
      </symbol>
      <symbol id="sm-359">
         <name>__fixunssfsi</name>
         <value>0x4a55</value>
         <object_component_ref idref="oc-172"/>
      </symbol>
      <symbol id="sm-35f">
         <name>__aeabi_i2d</name>
         <value>0x4b69</value>
         <object_component_ref idref="oc-180"/>
      </symbol>
      <symbol id="sm-360">
         <name>__floatsidf</name>
         <value>0x4b69</value>
         <object_component_ref idref="oc-180"/>
      </symbol>
      <symbol id="sm-366">
         <name>__aeabi_i2f</name>
         <value>0x47b1</value>
         <object_component_ref idref="oc-147"/>
      </symbol>
      <symbol id="sm-367">
         <name>__floatsisf</name>
         <value>0x47b1</value>
         <object_component_ref idref="oc-147"/>
      </symbol>
      <symbol id="sm-36d">
         <name>__aeabi_ui2f</name>
         <value>0x4c39</value>
         <object_component_ref idref="oc-e6"/>
      </symbol>
      <symbol id="sm-36e">
         <name>__floatunsisf</name>
         <value>0x4c39</value>
         <object_component_ref idref="oc-e6"/>
      </symbol>
      <symbol id="sm-375">
         <name>__aeabi_d2f</name>
         <value>0x41b1</value>
         <object_component_ref idref="oc-cf"/>
      </symbol>
      <symbol id="sm-376">
         <name>__truncdfsf2</name>
         <value>0x41b1</value>
         <object_component_ref idref="oc-cf"/>
      </symbol>
      <symbol id="sm-37c">
         <name>__aeabi_dcmpeq</name>
         <value>0x4301</value>
         <object_component_ref idref="oc-b8"/>
      </symbol>
      <symbol id="sm-37d">
         <name>__aeabi_dcmplt</name>
         <value>0x4315</value>
         <object_component_ref idref="oc-b8"/>
      </symbol>
      <symbol id="sm-37e">
         <name>__aeabi_dcmple</name>
         <value>0x4329</value>
         <object_component_ref idref="oc-b8"/>
      </symbol>
      <symbol id="sm-37f">
         <name>__aeabi_dcmpge</name>
         <value>0x433d</value>
         <object_component_ref idref="oc-b8"/>
      </symbol>
      <symbol id="sm-380">
         <name>__aeabi_dcmpgt</name>
         <value>0x4351</value>
         <object_component_ref idref="oc-b8"/>
      </symbol>
      <symbol id="sm-386">
         <name>__aeabi_fcmpeq</name>
         <value>0x4365</value>
         <object_component_ref idref="oc-15b"/>
      </symbol>
      <symbol id="sm-387">
         <name>__aeabi_fcmplt</name>
         <value>0x4379</value>
         <object_component_ref idref="oc-15b"/>
      </symbol>
      <symbol id="sm-388">
         <name>__aeabi_fcmple</name>
         <value>0x438d</value>
         <object_component_ref idref="oc-15b"/>
      </symbol>
      <symbol id="sm-389">
         <name>__aeabi_fcmpge</name>
         <value>0x43a1</value>
         <object_component_ref idref="oc-15b"/>
      </symbol>
      <symbol id="sm-38a">
         <name>__aeabi_fcmpgt</name>
         <value>0x43b5</value>
         <object_component_ref idref="oc-15b"/>
      </symbol>
      <symbol id="sm-390">
         <name>__aeabi_memcpy</name>
         <value>0x52e1</value>
         <object_component_ref idref="oc-4c"/>
      </symbol>
      <symbol id="sm-391">
         <name>__aeabi_memcpy4</name>
         <value>0x52e1</value>
         <object_component_ref idref="oc-4c"/>
      </symbol>
      <symbol id="sm-392">
         <name>__aeabi_memcpy8</name>
         <value>0x52e1</value>
         <object_component_ref idref="oc-4c"/>
      </symbol>
      <symbol id="sm-399">
         <name>__aeabi_memclr</name>
         <value>0x41a5</value>
         <object_component_ref idref="oc-7f"/>
      </symbol>
      <symbol id="sm-39a">
         <name>__aeabi_memclr4</name>
         <value>0x41a5</value>
         <object_component_ref idref="oc-7f"/>
      </symbol>
      <symbol id="sm-39b">
         <name>__aeabi_memclr8</name>
         <value>0x41a5</value>
         <object_component_ref idref="oc-7f"/>
      </symbol>
      <symbol id="sm-3a1">
         <name>__aeabi_uidiv</name>
         <value>0x463d</value>
         <object_component_ref idref="oc-99"/>
      </symbol>
      <symbol id="sm-3a2">
         <name>__aeabi_uidivmod</name>
         <value>0x463d</value>
         <object_component_ref idref="oc-99"/>
      </symbol>
      <symbol id="sm-3ab">
         <name>__eqsf2</name>
         <value>0x4865</value>
         <object_component_ref idref="oc-1f3"/>
      </symbol>
      <symbol id="sm-3ac">
         <name>__lesf2</name>
         <value>0x4865</value>
         <object_component_ref idref="oc-1f3"/>
      </symbol>
      <symbol id="sm-3ad">
         <name>__ltsf2</name>
         <value>0x4865</value>
         <object_component_ref idref="oc-1f3"/>
      </symbol>
      <symbol id="sm-3ae">
         <name>__nesf2</name>
         <value>0x4865</value>
         <object_component_ref idref="oc-1f3"/>
      </symbol>
      <symbol id="sm-3af">
         <name>__cmpsf2</name>
         <value>0x4865</value>
         <object_component_ref idref="oc-1f3"/>
      </symbol>
      <symbol id="sm-3b0">
         <name>__gtsf2</name>
         <value>0x47ed</value>
         <object_component_ref idref="oc-1f8"/>
      </symbol>
      <symbol id="sm-3b1">
         <name>__gesf2</name>
         <value>0x47ed</value>
         <object_component_ref idref="oc-1f8"/>
      </symbol>
      <symbol id="sm-3bf">
         <name>__ledf2</name>
         <value>0x4295</value>
         <object_component_ref idref="oc-138"/>
      </symbol>
      <symbol id="sm-3c0">
         <name>__gedf2</name>
         <value>0x4225</value>
         <object_component_ref idref="oc-13e"/>
      </symbol>
      <symbol id="sm-3c1">
         <name>__cmpdf2</name>
         <value>0x4295</value>
         <object_component_ref idref="oc-138"/>
      </symbol>
      <symbol id="sm-3c2">
         <name>__eqdf2</name>
         <value>0x4295</value>
         <object_component_ref idref="oc-138"/>
      </symbol>
      <symbol id="sm-3c3">
         <name>__ltdf2</name>
         <value>0x4295</value>
         <object_component_ref idref="oc-138"/>
      </symbol>
      <symbol id="sm-3c4">
         <name>__nedf2</name>
         <value>0x4295</value>
         <object_component_ref idref="oc-138"/>
      </symbol>
      <symbol id="sm-3c5">
         <name>__gtdf2</name>
         <value>0x4225</value>
         <object_component_ref idref="oc-13e"/>
      </symbol>
      <symbol id="sm-3cf">
         <name>__aeabi_idiv0</name>
         <value>0x36eb</value>
         <object_component_ref idref="oc-115"/>
      </symbol>
      <symbol id="sm-3d8">
         <name>TI_memcpy_small</name>
         <value>0x5273</value>
         <object_component_ref idref="oc-9e"/>
      </symbol>
      <symbol id="sm-3e1">
         <name>TI_memset_small</name>
         <value>0x52c9</value>
         <object_component_ref idref="oc-11c"/>
      </symbol>
      <symbol id="sm-3e2">
         <name>__TI_static_base__</name>
         <value>0x0</value>
      </symbol>
      <symbol id="sm-3e5">
         <name>__mpu_init</name>
         <value>0x0</value>
      </symbol>
      <symbol id="sm-3e6">
         <name>_system_post_cinit</name>
         <value>0x0</value>
      </symbol>
   </symbol_table>
   <title>Link successful</title>
</link_info>
