<?xml version="1.0" encoding="ISO-8859-1" ?>
<link_info>
   <banner>TI ARM Clang Linker PC v3.2.2.LTS</banner>
   <copyright>Copyright (c) 1996-2018 Texas Instruments Incorporated</copyright>
   <link_time>0x66a8b6c1</link_time>
   <link_errors>0x0</link_errors>
   <output_file>C:\Users\1\workspace_ccstheia\diansai2024H copy\Debug\diansai2024H copy.out</output_file>
   <entry_point>
      <name>_c_int00_noargs</name>
      <address>0x238d</address>
   </entry_point>
   <input_file_list>
      <input_file id="fl-1">
         <path>C:\Users\1\workspace_ccstheia\diansai2024H copy\Debug\.\</path>
         <kind>object</kind>
         <file>diansai2024H.o</file>
         <name>diansai2024H.o</name>
      </input_file>
      <input_file id="fl-2">
         <path>C:\Users\1\workspace_ccstheia\diansai2024H copy\Debug\.\</path>
         <kind>object</kind>
         <file>ti_msp_dl_config.o</file>
         <name>ti_msp_dl_config.o</name>
      </input_file>
      <input_file id="fl-3">
         <path>C:\Users\1\workspace_ccstheia\diansai2024H copy\Debug\.\</path>
         <kind>object</kind>
         <file>startup_mspm0g350x_ticlang.o</file>
         <name>startup_mspm0g350x_ticlang.o</name>
      </input_file>
      <input_file id="fl-4">
         <path>C:\Users\1\workspace_ccstheia\diansai2024H copy\Debug\.\Hardware\</path>
         <kind>object</kind>
         <file>atk_ms901m.o</file>
         <name>atk_ms901m.o</name>
      </input_file>
      <input_file id="fl-5">
         <path>C:\Users\1\workspace_ccstheia\diansai2024H copy\Debug\.\Hardware\</path>
         <kind>object</kind>
         <file>atk_ms901m_uart.o</file>
         <name>atk_ms901m_uart.o</name>
      </input_file>
      <input_file id="fl-6">
         <path>C:\Users\1\workspace_ccstheia\diansai2024H copy\Debug\.\Hardware\</path>
         <kind>object</kind>
         <file>delay.o</file>
         <name>delay.o</name>
      </input_file>
      <input_file id="fl-7">
         <path>C:\Users\1\workspace_ccstheia\diansai2024H copy\Debug\.\Hardware\</path>
         <kind>object</kind>
         <file>gpio_zzk.o</file>
         <name>gpio_zzk.o</name>
      </input_file>
      <input_file id="fl-8">
         <path>C:\Users\1\workspace_ccstheia\diansai2024H copy\Debug\.\Hardware\</path>
         <kind>object</kind>
         <file>huidu5.o</file>
         <name>huidu5.o</name>
      </input_file>
      <input_file id="fl-9">
         <path>C:\Users\1\workspace_ccstheia\diansai2024H copy\Debug\.\Hardware\</path>
         <kind>object</kind>
         <file>motor.o</file>
         <name>motor.o</name>
      </input_file>
      <input_file id="fl-a">
         <path>C:\Users\1\workspace_ccstheia\diansai2024H copy\Debug\.\Hardware\</path>
         <kind>object</kind>
         <file>oled.o</file>
         <name>oled.o</name>
      </input_file>
      <input_file id="fl-b">
         <path>C:\Users\1\workspace_ccstheia\diansai2024H copy\Debug\.\User\</path>
         <kind>object</kind>
         <file>control.o</file>
         <name>control.o</name>
      </input_file>
      <input_file id="fl-c">
         <path>C:\Users\1\workspace_ccstheia\diansai2024H copy\Debug\.\User\</path>
         <kind>object</kind>
         <file>isr.o</file>
         <name>isr.o</name>
      </input_file>
      <input_file id="fl-d">
         <path>C:\Users\1\workspace_ccstheia\diansai2024H copy\Debug\.\User\</path>
         <kind>object</kind>
         <file>pid.o</file>
         <name>pid.o</name>
      </input_file>
      <input_file id="fl-1a">
         <path>C:\Users\1\workspace_ccstheia\diansai2024H copy\Debug\</path>
         <kind>object</kind>
         <file>&lt;internal&gt;</file>
         <name>&lt;internal&gt;</name>
      </input_file>
      <input_file id="fl-1b">
         <path>E:\ti\mspm0_sdk_2_01_00_03\source\ti\driverlib\lib\ticlang\m0p\mspm0g1x0x_g3x0x\</path>
         <kind>archive</kind>
         <file>driverlib.a</file>
         <name>dl_common.o</name>
      </input_file>
      <input_file id="fl-1c">
         <path>E:\ti\mspm0_sdk_2_01_00_03\source\ti\driverlib\lib\ticlang\m0p\mspm0g1x0x_g3x0x\</path>
         <kind>archive</kind>
         <file>driverlib.a</file>
         <name>dl_i2c.o</name>
      </input_file>
      <input_file id="fl-1d">
         <path>E:\ti\mspm0_sdk_2_01_00_03\source\ti\driverlib\lib\ticlang\m0p\mspm0g1x0x_g3x0x\</path>
         <kind>archive</kind>
         <file>driverlib.a</file>
         <name>dl_timer.o</name>
      </input_file>
      <input_file id="fl-1e">
         <path>E:\ti\mspm0_sdk_2_01_00_03\source\ti\driverlib\lib\ticlang\m0p\mspm0g1x0x_g3x0x\</path>
         <kind>archive</kind>
         <file>driverlib.a</file>
         <name>dl_uart.o</name>
      </input_file>
      <input_file id="fl-2d">
         <path>E:\ti\ccstheia140\ccs\tools\compiler\ti-cgt-armllvm_3.2.2.LTS\lib\armv6m-ti-none-eabi\c\</path>
         <kind>archive</kind>
         <file>libc.a</file>
         <name>boot_cortex_m.c.obj</name>
      </input_file>
      <input_file id="fl-2e">
         <path>E:\ti\ccstheia140\ccs\tools\compiler\ti-cgt-armllvm_3.2.2.LTS\lib\armv6m-ti-none-eabi\c\</path>
         <kind>archive</kind>
         <file>libc.a</file>
         <name>mathacl_init.c.obj</name>
      </input_file>
      <input_file id="fl-2f">
         <path>E:\ti\ccstheia140\ccs\tools\compiler\ti-cgt-armllvm_3.2.2.LTS\lib\armv6m-ti-none-eabi\c\</path>
         <kind>archive</kind>
         <file>libc.a</file>
         <name>autoinit.c.obj</name>
      </input_file>
      <input_file id="fl-30">
         <path>E:\ti\ccstheia140\ccs\tools\compiler\ti-cgt-armllvm_3.2.2.LTS\lib\armv6m-ti-none-eabi\c\</path>
         <kind>archive</kind>
         <file>libc.a</file>
         <name>pre_init.c.obj</name>
      </input_file>
      <input_file id="fl-31">
         <path>E:\ti\ccstheia140\ccs\tools\compiler\ti-cgt-armllvm_3.2.2.LTS\lib\armv6m-ti-none-eabi\c\</path>
         <kind>archive</kind>
         <file>libc.a</file>
         <name>cpy_tbl.c.obj</name>
      </input_file>
      <input_file id="fl-32">
         <path>E:\ti\ccstheia140\ccs\tools\compiler\ti-cgt-armllvm_3.2.2.LTS\lib\armv6m-ti-none-eabi\c\</path>
         <kind>archive</kind>
         <file>libc.a</file>
         <name>copy_zero_init.c.obj</name>
      </input_file>
      <input_file id="fl-33">
         <path>E:\ti\ccstheia140\ccs\tools\compiler\ti-cgt-armllvm_3.2.2.LTS\lib\armv6m-ti-none-eabi\c\</path>
         <kind>archive</kind>
         <file>libc.a</file>
         <name>copy_decompress_none.c.obj</name>
      </input_file>
      <input_file id="fl-34">
         <path>E:\ti\ccstheia140\ccs\tools\compiler\ti-cgt-armllvm_3.2.2.LTS\lib\armv6m-ti-none-eabi\c\</path>
         <kind>archive</kind>
         <file>libc.a</file>
         <name>copy_decompress_lzss.c.obj</name>
      </input_file>
      <input_file id="fl-35">
         <path>E:\ti\ccstheia140\ccs\tools\compiler\ti-cgt-armllvm_3.2.2.LTS\lib\armv6m-ti-none-eabi\c\</path>
         <kind>archive</kind>
         <file>libc.a</file>
         <name>exit.c.obj</name>
      </input_file>
      <input_file id="fl-36">
         <path>E:\ti\ccstheia140\ccs\tools\compiler\ti-cgt-armllvm_3.2.2.LTS\lib\armv6m-ti-none-eabi\c\</path>
         <kind>archive</kind>
         <file>libc.a</file>
         <name>_lock.c.obj</name>
      </input_file>
      <input_file id="fl-37">
         <path>E:\ti\ccstheia140\ccs\tools\compiler\ti-cgt-armllvm_3.2.2.LTS\lib\armv6m-ti-none-eabi\c\</path>
         <kind>archive</kind>
         <file>libc.a</file>
         <name>args_main.c.obj</name>
      </input_file>
      <input_file id="fl-9d">
         <path>E:\ti\ccstheia140\ccs\tools\compiler\ti-cgt-armllvm_3.2.2.LTS\lib\clang\15.0.7\lib\armv6m-ti-none-eabi\</path>
         <kind>archive</kind>
         <file>libclang_rt.builtins.a</file>
         <name>addsf3.S.obj</name>
      </input_file>
      <input_file id="fl-9e">
         <path>E:\ti\ccstheia140\ccs\tools\compiler\ti-cgt-armllvm_3.2.2.LTS\lib\clang\15.0.7\lib\armv6m-ti-none-eabi\</path>
         <kind>archive</kind>
         <file>libclang_rt.builtins.a</file>
         <name>adddf3.S.obj</name>
      </input_file>
      <input_file id="fl-9f">
         <path>E:\ti\ccstheia140\ccs\tools\compiler\ti-cgt-armllvm_3.2.2.LTS\lib\clang\15.0.7\lib\armv6m-ti-none-eabi\</path>
         <kind>archive</kind>
         <file>libclang_rt.builtins.a</file>
         <name>muldf3.S.obj</name>
      </input_file>
      <input_file id="fl-a0">
         <path>E:\ti\ccstheia140\ccs\tools\compiler\ti-cgt-armllvm_3.2.2.LTS\lib\clang\15.0.7\lib\armv6m-ti-none-eabi\</path>
         <kind>archive</kind>
         <file>libclang_rt.builtins.a</file>
         <name>muldsi3.S.obj</name>
      </input_file>
      <input_file id="fl-a1">
         <path>E:\ti\ccstheia140\ccs\tools\compiler\ti-cgt-armllvm_3.2.2.LTS\lib\clang\15.0.7\lib\armv6m-ti-none-eabi\</path>
         <kind>archive</kind>
         <file>libclang_rt.builtins.a</file>
         <name>mulsf3.S.obj</name>
      </input_file>
      <input_file id="fl-a2">
         <path>E:\ti\ccstheia140\ccs\tools\compiler\ti-cgt-armllvm_3.2.2.LTS\lib\clang\15.0.7\lib\armv6m-ti-none-eabi\</path>
         <kind>archive</kind>
         <file>libclang_rt.builtins.a</file>
         <name>divsf3.S.obj</name>
      </input_file>
      <input_file id="fl-a3">
         <path>E:\ti\ccstheia140\ccs\tools\compiler\ti-cgt-armllvm_3.2.2.LTS\lib\clang\15.0.7\lib\armv6m-ti-none-eabi\</path>
         <kind>archive</kind>
         <file>libclang_rt.builtins.a</file>
         <name>divdf3.S.obj</name>
      </input_file>
      <input_file id="fl-a4">
         <path>E:\ti\ccstheia140\ccs\tools\compiler\ti-cgt-armllvm_3.2.2.LTS\lib\clang\15.0.7\lib\armv6m-ti-none-eabi\</path>
         <kind>archive</kind>
         <file>libclang_rt.builtins.a</file>
         <name>extendsfdf2.S.obj</name>
      </input_file>
      <input_file id="fl-a5">
         <path>E:\ti\ccstheia140\ccs\tools\compiler\ti-cgt-armllvm_3.2.2.LTS\lib\clang\15.0.7\lib\armv6m-ti-none-eabi\</path>
         <kind>archive</kind>
         <file>libclang_rt.builtins.a</file>
         <name>fixsfsi.S.obj</name>
      </input_file>
      <input_file id="fl-a6">
         <path>E:\ti\ccstheia140\ccs\tools\compiler\ti-cgt-armllvm_3.2.2.LTS\lib\clang\15.0.7\lib\armv6m-ti-none-eabi\</path>
         <kind>archive</kind>
         <file>libclang_rt.builtins.a</file>
         <name>fixunsdfsi.S.obj</name>
      </input_file>
      <input_file id="fl-a7">
         <path>E:\ti\ccstheia140\ccs\tools\compiler\ti-cgt-armllvm_3.2.2.LTS\lib\clang\15.0.7\lib\armv6m-ti-none-eabi\</path>
         <kind>archive</kind>
         <file>libclang_rt.builtins.a</file>
         <name>fixunssfsi.S.obj</name>
      </input_file>
      <input_file id="fl-a8">
         <path>E:\ti\ccstheia140\ccs\tools\compiler\ti-cgt-armllvm_3.2.2.LTS\lib\clang\15.0.7\lib\armv6m-ti-none-eabi\</path>
         <kind>archive</kind>
         <file>libclang_rt.builtins.a</file>
         <name>floatsisf.S.obj</name>
      </input_file>
      <input_file id="fl-a9">
         <path>E:\ti\ccstheia140\ccs\tools\compiler\ti-cgt-armllvm_3.2.2.LTS\lib\clang\15.0.7\lib\armv6m-ti-none-eabi\</path>
         <kind>archive</kind>
         <file>libclang_rt.builtins.a</file>
         <name>floatunsisf.S.obj</name>
      </input_file>
      <input_file id="fl-aa">
         <path>E:\ti\ccstheia140\ccs\tools\compiler\ti-cgt-armllvm_3.2.2.LTS\lib\clang\15.0.7\lib\armv6m-ti-none-eabi\</path>
         <kind>archive</kind>
         <file>libclang_rt.builtins.a</file>
         <name>truncdfsf2.S.obj</name>
      </input_file>
      <input_file id="fl-ab">
         <path>E:\ti\ccstheia140\ccs\tools\compiler\ti-cgt-armllvm_3.2.2.LTS\lib\clang\15.0.7\lib\armv6m-ti-none-eabi\</path>
         <kind>archive</kind>
         <file>libclang_rt.builtins.a</file>
         <name>aeabi_fcmp.S.obj</name>
      </input_file>
      <input_file id="fl-ac">
         <path>E:\ti\ccstheia140\ccs\tools\compiler\ti-cgt-armllvm_3.2.2.LTS\lib\clang\15.0.7\lib\armv6m-ti-none-eabi\</path>
         <kind>archive</kind>
         <file>libclang_rt.builtins.a</file>
         <name>aeabi_memcpy.S.obj</name>
      </input_file>
      <input_file id="fl-ad">
         <path>E:\ti\ccstheia140\ccs\tools\compiler\ti-cgt-armllvm_3.2.2.LTS\lib\clang\15.0.7\lib\armv6m-ti-none-eabi\</path>
         <kind>archive</kind>
         <file>libclang_rt.builtins.a</file>
         <name>aeabi_memset.S.obj</name>
      </input_file>
      <input_file id="fl-ae">
         <path>E:\ti\ccstheia140\ccs\tools\compiler\ti-cgt-armllvm_3.2.2.LTS\lib\clang\15.0.7\lib\armv6m-ti-none-eabi\</path>
         <kind>archive</kind>
         <file>libclang_rt.builtins.a</file>
         <name>aeabi_uidivmod.S.obj</name>
      </input_file>
      <input_file id="fl-af">
         <path>E:\ti\ccstheia140\ccs\tools\compiler\ti-cgt-armllvm_3.2.2.LTS\lib\clang\15.0.7\lib\armv6m-ti-none-eabi\</path>
         <kind>archive</kind>
         <file>libclang_rt.builtins.a</file>
         <name>comparesf2.S.obj</name>
      </input_file>
      <input_file id="fl-b0">
         <path>E:\ti\ccstheia140\ccs\tools\compiler\ti-cgt-armllvm_3.2.2.LTS\lib\clang\15.0.7\lib\armv6m-ti-none-eabi\</path>
         <kind>archive</kind>
         <file>libclang_rt.builtins.a</file>
         <name>aeabi_div0.c.obj</name>
      </input_file>
      <input_file id="fl-b1">
         <path>E:\ti\ccstheia140\ccs\tools\compiler\ti-cgt-armllvm_3.2.2.LTS\lib\armv6m-ti-none-eabi\c\</path>
         <kind>archive</kind>
         <file>libc.a</file>
         <name>memcpy16.S.obj</name>
      </input_file>
      <input_file id="fl-b2">
         <path>E:\ti\ccstheia140\ccs\tools\compiler\ti-cgt-armllvm_3.2.2.LTS\lib\armv6m-ti-none-eabi\c\</path>
         <kind>archive</kind>
         <file>libc.a</file>
         <name>memset16.S.obj</name>
      </input_file>
   </input_file_list>
   <object_component_list>
      <object_component id="oc-18">
         <name>.intvecs</name>
         <load_address>0x0</load_address>
         <readonly>true</readonly>
         <run_address>0x0</run_address>
         <size>0xc0</size>
         <alignment>0x4</alignment>
         <input_file_ref idref="fl-3"/>
      </object_component>
      <object_component id="oc-f5">
         <name>.text.Trace</name>
         <load_address>0xc0</load_address>
         <readonly>true</readonly>
         <executable>true</executable>
         <run_address>0xc0</run_address>
         <size>0x28c</size>
         <alignment>0x4</alignment>
         <input_file_ref idref="fl-b"/>
      </object_component>
      <object_component id="oc-a3">
         <name>.text.atk_ms901m_get_frame_by_id</name>
         <load_address>0x34c</load_address>
         <readonly>true</readonly>
         <executable>true</executable>
         <run_address>0x34c</run_address>
         <size>0x28c</size>
         <alignment>0x4</alignment>
         <input_file_ref idref="fl-4"/>
      </object_component>
      <object_component id="oc-8d">
         <name>.text.main</name>
         <load_address>0x5d8</load_address>
         <readonly>true</readonly>
         <executable>true</executable>
         <run_address>0x5d8</run_address>
         <size>0x1f0</size>
         <alignment>0x4</alignment>
         <input_file_ref idref="fl-1"/>
      </object_component>
      <object_component id="oc-14a">
         <name>.text.SYSCFG_DL_GPIO_init</name>
         <load_address>0x7c8</load_address>
         <readonly>true</readonly>
         <executable>true</executable>
         <run_address>0x7c8</run_address>
         <size>0x1a0</size>
         <alignment>0x4</alignment>
         <input_file_ref idref="fl-2"/>
      </object_component>
      <object_component id="oc-168">
         <name>.text.adddf3_subdf3</name>
         <load_address>0x968</load_address>
         <readonly>true</readonly>
         <executable>true</executable>
         <run_address>0x968</run_address>
         <size>0x192</size>
         <alignment>0x4</alignment>
         <input_file_ref idref="fl-9e"/>
      </object_component>
      <object_component id="oc-3e">
         <name>.text.UART0_IRQHandler</name>
         <load_address>0xafa</load_address>
         <readonly>true</readonly>
         <executable>true</executable>
         <run_address>0xafa</run_address>
         <size>0x2</size>
         <alignment>0x2</alignment>
         <input_file_ref idref="fl-c"/>
      </object_component>
      <object_component id="oc-7c">
         <name>.text.pid_control</name>
         <load_address>0xafc</load_address>
         <readonly>true</readonly>
         <executable>true</executable>
         <run_address>0xafc</run_address>
         <size>0x138</size>
         <alignment>0x4</alignment>
         <input_file_ref idref="fl-d"/>
      </object_component>
      <object_component id="oc-bc">
         <name>.text.pid_cal</name>
         <load_address>0xc34</load_address>
         <readonly>true</readonly>
         <executable>true</executable>
         <run_address>0xc34</run_address>
         <size>0x11c</size>
         <alignment>0x2</alignment>
         <input_file_ref idref="fl-d"/>
      </object_component>
      <object_component id="oc-f6">
         <name>.text.Get_Light_TTL</name>
         <load_address>0xd50</load_address>
         <readonly>true</readonly>
         <executable>true</executable>
         <run_address>0xd50</run_address>
         <size>0x104</size>
         <alignment>0x4</alignment>
         <input_file_ref idref="fl-8"/>
      </object_component>
      <object_component id="oc-1c0">
         <name>.text.DL_Timer_initTimerMode</name>
         <load_address>0xe54</load_address>
         <readonly>true</readonly>
         <executable>true</executable>
         <run_address>0xe54</run_address>
         <size>0xe8</size>
         <alignment>0x4</alignment>
         <input_file_ref idref="fl-1d"/>
      </object_component>
      <object_component id="oc-164">
         <name>.text.__muldf3</name>
         <load_address>0xf3c</load_address>
         <readonly>true</readonly>
         <executable>true</executable>
         <run_address>0xf3c</run_address>
         <size>0xe4</size>
         <alignment>0x4</alignment>
         <input_file_ref idref="fl-9f"/>
      </object_component>
      <object_component id="oc-133">
         <name>.text</name>
         <load_address>0x1020</load_address>
         <readonly>true</readonly>
         <executable>true</executable>
         <run_address>0x1020</run_address>
         <size>0xd8</size>
         <alignment>0x4</alignment>
         <input_file_ref idref="fl-9d"/>
      </object_component>
      <object_component id="oc-1b9">
         <name>.text.DL_Timer_initPWMMode</name>
         <load_address>0x10f8</load_address>
         <readonly>true</readonly>
         <executable>true</executable>
         <run_address>0x10f8</run_address>
         <size>0xc4</size>
         <alignment>0x4</alignment>
         <input_file_ref idref="fl-1d"/>
      </object_component>
      <object_component id="oc-75">
         <name>.text.atk_ms901m_get_attitude</name>
         <load_address>0x11bc</load_address>
         <readonly>true</readonly>
         <executable>true</executable>
         <run_address>0x11bc</run_address>
         <size>0xc0</size>
         <alignment>0x4</alignment>
         <input_file_ref idref="fl-4"/>
      </object_component>
      <object_component id="oc-121">
         <name>.text.atk_ms901m_uart_rx_fifo_read</name>
         <load_address>0x127c</load_address>
         <readonly>true</readonly>
         <executable>true</executable>
         <run_address>0x127c</run_address>
         <size>0xc0</size>
         <alignment>0x4</alignment>
         <input_file_ref idref="fl-5"/>
      </object_component>
      <object_component id="oc-c9">
         <name>.text.datavision_send</name>
         <load_address>0x133c</load_address>
         <readonly>true</readonly>
         <executable>true</executable>
         <run_address>0x133c</run_address>
         <size>0xa4</size>
         <alignment>0x4</alignment>
         <input_file_ref idref="fl-d"/>
      </object_component>
      <object_component id="oc-149">
         <name>.text.SYSCFG_DL_initPower</name>
         <load_address>0x13e0</load_address>
         <readonly>true</readonly>
         <executable>true</executable>
         <run_address>0x13e0</run_address>
         <size>0xa0</size>
         <alignment>0x4</alignment>
         <input_file_ref idref="fl-2"/>
      </object_component>
      <object_component id="oc-34">
         <name>.text.GROUP1_IRQHandler</name>
         <load_address>0x1480</load_address>
         <readonly>true</readonly>
         <executable>true</executable>
         <run_address>0x1480</run_address>
         <size>0x9c</size>
         <alignment>0x4</alignment>
         <input_file_ref idref="fl-c"/>
      </object_component>
      <object_component id="oc-f3">
         <name>.text.motor_set</name>
         <load_address>0x151c</load_address>
         <readonly>true</readonly>
         <executable>true</executable>
         <run_address>0x151c</run_address>
         <size>0x9c</size>
         <alignment>0x4</alignment>
         <input_file_ref idref="fl-9"/>
      </object_component>
      <object_component id="oc-ac">
         <name>.text.__mulsf3</name>
         <load_address>0x15b8</load_address>
         <readonly>true</readonly>
         <executable>true</executable>
         <run_address>0x15b8</run_address>
         <size>0x8c</size>
         <alignment>0x4</alignment>
         <input_file_ref idref="fl-a1"/>
      </object_component>
      <object_component id="oc-ee">
         <name>.text.duanlu</name>
         <load_address>0x1644</load_address>
         <readonly>true</readonly>
         <executable>true</executable>
         <run_address>0x1644</run_address>
         <size>0x88</size>
         <alignment>0x4</alignment>
         <input_file_ref idref="fl-b"/>
      </object_component>
      <object_component id="oc-14c">
         <name>.text.SYSCFG_DL_motorAB_init</name>
         <load_address>0x16cc</load_address>
         <readonly>true</readonly>
         <executable>true</executable>
         <run_address>0x16cc</run_address>
         <size>0x84</size>
         <alignment>0x4</alignment>
         <input_file_ref idref="fl-2"/>
      </object_component>
      <object_component id="oc-1b7">
         <name>.text.__NVIC_SetPriority</name>
         <load_address>0x1750</load_address>
         <readonly>true</readonly>
         <executable>true</executable>
         <run_address>0x1750</run_address>
         <size>0x84</size>
         <alignment>0x4</alignment>
         <input_file_ref idref="fl-2"/>
      </object_component>
      <object_component id="oc-a8">
         <name>.text.__divsf3</name>
         <load_address>0x17d4</load_address>
         <readonly>true</readonly>
         <executable>true</executable>
         <run_address>0x17d4</run_address>
         <size>0x82</size>
         <alignment>0x4</alignment>
         <input_file_ref idref="fl-a2"/>
      </object_component>
      <object_component id="oc-11b">
         <name>.text.__aeabi_idiv0</name>
         <load_address>0x1856</load_address>
         <readonly>true</readonly>
         <executable>true</executable>
         <run_address>0x1856</run_address>
         <size>0x2</size>
         <alignment>0x2</alignment>
         <input_file_ref idref="fl-b0"/>
      </object_component>
      <object_component id="oc-172">
         <name>.text.motorA_dir_speed</name>
         <load_address>0x1858</load_address>
         <readonly>true</readonly>
         <executable>true</executable>
         <run_address>0x1858</run_address>
         <size>0x7c</size>
         <alignment>0x4</alignment>
         <input_file_ref idref="fl-9"/>
      </object_component>
      <object_component id="oc-e7">
         <name>.text.motor_target_set</name>
         <load_address>0x18d4</load_address>
         <readonly>true</readonly>
         <executable>true</executable>
         <run_address>0x18d4</run_address>
         <size>0x7c</size>
         <alignment>0x4</alignment>
         <input_file_ref idref="fl-d"/>
      </object_component>
      <object_component id="oc-173">
         <name>.text.motorB_dir_speed</name>
         <load_address>0x1950</load_address>
         <readonly>true</readonly>
         <executable>true</executable>
         <run_address>0x1950</run_address>
         <size>0x78</size>
         <alignment>0x4</alignment>
         <input_file_ref idref="fl-9"/>
      </object_component>
      <object_component id="oc-1c">
         <name>.text:decompress:lzss</name>
         <load_address>0x19c8</load_address>
         <readonly>true</readonly>
         <executable>true</executable>
         <run_address>0x19c8</run_address>
         <size>0x78</size>
         <alignment>0x4</alignment>
         <input_file_ref idref="fl-34"/>
      </object_component>
      <object_component id="oc-16c">
         <name>.text.__truncdfsf2</name>
         <load_address>0x1a40</load_address>
         <readonly>true</readonly>
         <executable>true</executable>
         <run_address>0x1a40</run_address>
         <size>0x74</size>
         <alignment>0x10</alignment>
         <input_file_ref idref="fl-aa"/>
      </object_component>
      <object_component id="oc-137">
         <name>.text.__aeabi_fcmp</name>
         <load_address>0x1ab4</load_address>
         <readonly>true</readonly>
         <executable>true</executable>
         <run_address>0x1ab4</run_address>
         <size>0x62</size>
         <alignment>0x4</alignment>
         <input_file_ref idref="fl-ab"/>
      </object_component>
      <object_component id="oc-71">
         <name>.text.atk_ms901m_uart_rx_fifo_write</name>
         <load_address>0x1b18</load_address>
         <readonly>true</readonly>
         <executable>true</executable>
         <run_address>0x1b18</run_address>
         <size>0x60</size>
         <alignment>0x4</alignment>
         <input_file_ref idref="fl-5"/>
      </object_component>
      <object_component id="oc-14f">
         <name>.text.SYSCFG_DL_OLED_init</name>
         <load_address>0x1b78</load_address>
         <readonly>true</readonly>
         <executable>true</executable>
         <run_address>0x1b78</run_address>
         <size>0x58</size>
         <alignment>0x4</alignment>
         <input_file_ref idref="fl-2"/>
      </object_component>
      <object_component id="oc-151">
         <name>.text.SYSCFG_DL_IMU_init</name>
         <load_address>0x1bd0</load_address>
         <readonly>true</readonly>
         <executable>true</executable>
         <run_address>0x1bd0</run_address>
         <size>0x54</size>
         <alignment>0x4</alignment>
         <input_file_ref idref="fl-2"/>
      </object_component>
      <object_component id="oc-1d8">
         <name>.text.DL_UART_setBaudRateDivisor</name>
         <load_address>0x1c24</load_address>
         <readonly>true</readonly>
         <executable>true</executable>
         <run_address>0x1c24</run_address>
         <size>0x4c</size>
         <alignment>0x4</alignment>
         <input_file_ref idref="fl-2"/>
      </object_component>
      <object_component id="oc-1d6">
         <name>.text.DL_UART_init</name>
         <load_address>0x1c70</load_address>
         <readonly>true</readonly>
         <executable>true</executable>
         <run_address>0x1c70</run_address>
         <size>0x48</size>
         <alignment>0x4</alignment>
         <input_file_ref idref="fl-1e"/>
      </object_component>
      <object_component id="oc-e0">
         <name>.text.ISR_Enable</name>
         <load_address>0x1cb8</load_address>
         <readonly>true</readonly>
         <executable>true</executable>
         <run_address>0x1cb8</run_address>
         <size>0x48</size>
         <alignment>0x4</alignment>
         <input_file_ref idref="fl-c"/>
      </object_component>
      <object_component id="oc-150">
         <name>.text.SYSCFG_DL_UART_0_init</name>
         <load_address>0x1d00</load_address>
         <readonly>true</readonly>
         <executable>true</executable>
         <run_address>0x1d00</run_address>
         <size>0x48</size>
         <alignment>0x4</alignment>
         <input_file_ref idref="fl-2"/>
      </object_component>
      <object_component id="oc-bd">
         <name>.text.pidout_limit</name>
         <load_address>0x1d48</load_address>
         <readonly>true</readonly>
         <executable>true</executable>
         <run_address>0x1d48</run_address>
         <size>0x44</size>
         <alignment>0x4</alignment>
         <input_file_ref idref="fl-d"/>
      </object_component>
      <object_component id="oc-1e3">
         <name>.text.__fixunsdfsi</name>
         <load_address>0x1d8c</load_address>
         <readonly>true</readonly>
         <executable>true</executable>
         <run_address>0x1d8c</run_address>
         <size>0x42</size>
         <alignment>0x4</alignment>
         <input_file_ref idref="fl-a6"/>
      </object_component>
      <object_component id="oc-9e">
         <name>.text.__aeabi_uidivmod</name>
         <load_address>0x1dd0</load_address>
         <readonly>true</readonly>
         <executable>true</executable>
         <run_address>0x1dd0</run_address>
         <size>0x40</size>
         <alignment>0x4</alignment>
         <input_file_ref idref="fl-ae"/>
      </object_component>
      <object_component id="oc-160">
         <name>.text.__extendsfdf2</name>
         <load_address>0x1e10</load_address>
         <readonly>true</readonly>
         <executable>true</executable>
         <run_address>0x1e10</run_address>
         <size>0x40</size>
         <alignment>0x4</alignment>
         <input_file_ref idref="fl-a4"/>
      </object_component>
      <object_component id="oc-f4">
         <name>.text.shengguang</name>
         <load_address>0x1e50</load_address>
         <readonly>true</readonly>
         <executable>true</executable>
         <run_address>0x1e50</run_address>
         <size>0x40</size>
         <alignment>0x4</alignment>
         <input_file_ref idref="fl-b"/>
      </object_component>
      <object_component id="oc-1a6">
         <name>.text.DL_GPIO_initPeripheralInputFunctionFeatures</name>
         <load_address>0x1e90</load_address>
         <readonly>true</readonly>
         <executable>true</executable>
         <run_address>0x1e90</run_address>
         <size>0x3c</size>
         <alignment>0x4</alignment>
         <input_file_ref idref="fl-2"/>
      </object_component>
      <object_component id="oc-14d">
         <name>.text.SYSCFG_DL_TIM_EncoderA_init</name>
         <load_address>0x1ecc</load_address>
         <readonly>true</readonly>
         <executable>true</executable>
         <run_address>0x1ecc</run_address>
         <size>0x3c</size>
         <alignment>0x4</alignment>
         <input_file_ref idref="fl-2"/>
      </object_component>
      <object_component id="oc-da">
         <name>.text.SYSCFG_DL_init</name>
         <load_address>0x1f08</load_address>
         <readonly>true</readonly>
         <executable>true</executable>
         <run_address>0x1f08</run_address>
         <size>0x3c</size>
         <alignment>0x4</alignment>
         <input_file_ref idref="fl-2"/>
      </object_component>
      <object_component id="oc-a4">
         <name>.text.__floatsisf</name>
         <load_address>0x1f44</load_address>
         <readonly>true</readonly>
         <executable>true</executable>
         <run_address>0x1f44</run_address>
         <size>0x3c</size>
         <alignment>0x4</alignment>
         <input_file_ref idref="fl-a8"/>
      </object_component>
      <object_component id="oc-199">
         <name>.text.__gtsf2</name>
         <load_address>0x1f80</load_address>
         <readonly>true</readonly>
         <executable>true</executable>
         <run_address>0x1f80</run_address>
         <size>0x3c</size>
         <alignment>0x4</alignment>
         <input_file_ref idref="fl-af"/>
      </object_component>
      <object_component id="oc-109">
         <name>.text:__TI_auto_init_nobinit_nopinit</name>
         <load_address>0x1fbc</load_address>
         <readonly>true</readonly>
         <executable>true</executable>
         <run_address>0x1fbc</run_address>
         <size>0x3c</size>
         <alignment>0x4</alignment>
         <input_file_ref idref="fl-2f"/>
      </object_component>
      <object_component id="oc-194">
         <name>.text.__eqsf2</name>
         <load_address>0x1ff8</load_address>
         <readonly>true</readonly>
         <executable>true</executable>
         <run_address>0x1ff8</run_address>
         <size>0x3a</size>
         <alignment>0x4</alignment>
         <input_file_ref idref="fl-af"/>
      </object_component>
      <object_component id="oc-128">
         <name>.text.__muldsi3</name>
         <load_address>0x2034</load_address>
         <readonly>true</readonly>
         <executable>true</executable>
         <run_address>0x2034</run_address>
         <size>0x3a</size>
         <alignment>0x4</alignment>
         <input_file_ref idref="fl-a0"/>
      </object_component>
      <object_component id="oc-12e">
         <name>.text.__fixsfsi</name>
         <load_address>0x2070</load_address>
         <readonly>true</readonly>
         <executable>true</executable>
         <run_address>0x2070</run_address>
         <size>0x38</size>
         <alignment>0x4</alignment>
         <input_file_ref idref="fl-a5"/>
      </object_component>
      <object_component id="oc-be">
         <name>.text.gpio_set</name>
         <load_address>0x20a8</load_address>
         <readonly>true</readonly>
         <executable>true</executable>
         <run_address>0x20a8</run_address>
         <size>0x38</size>
         <alignment>0x2</alignment>
         <input_file_ref idref="fl-7"/>
      </object_component>
      <object_component id="oc-1aa">
         <name>.text.DL_GPIO_initDigitalInputFeatures</name>
         <load_address>0x20e0</load_address>
         <readonly>true</readonly>
         <executable>true</executable>
         <run_address>0x20e0</run_address>
         <size>0x34</size>
         <alignment>0x4</alignment>
         <input_file_ref idref="fl-2"/>
      </object_component>
      <object_component id="oc-14e">
         <name>.text.SYSCFG_DL_IMU_RECEIVE_DATA_init</name>
         <load_address>0x2114</load_address>
         <readonly>true</readonly>
         <executable>true</executable>
         <run_address>0x2114</run_address>
         <size>0x34</size>
         <alignment>0x4</alignment>
         <input_file_ref idref="fl-2"/>
      </object_component>
      <object_component id="oc-14b">
         <name>.text.SYSCFG_DL_SYSCTL_init</name>
         <load_address>0x2148</load_address>
         <readonly>true</readonly>
         <executable>true</executable>
         <run_address>0x2148</run_address>
         <size>0x32</size>
         <alignment>0x2</alignment>
         <input_file_ref idref="fl-2"/>
      </object_component>
      <object_component id="oc-b8">
         <name>.text.__fixunssfsi</name>
         <load_address>0x217c</load_address>
         <readonly>true</readonly>
         <executable>true</executable>
         <run_address>0x217c</run_address>
         <size>0x32</size>
         <alignment>0x4</alignment>
         <input_file_ref idref="fl-a7"/>
      </object_component>
      <object_component id="oc-39">
         <name>.text.UART1_IRQHandler</name>
         <load_address>0x21b0</load_address>
         <readonly>true</readonly>
         <executable>true</executable>
         <run_address>0x21b0</run_address>
         <size>0x30</size>
         <alignment>0x4</alignment>
         <input_file_ref idref="fl-5"/>
      </object_component>
      <object_component id="oc-df">
         <name>.text.atk_ms901m_uart_init</name>
         <load_address>0x21e0</load_address>
         <readonly>true</readonly>
         <executable>true</executable>
         <run_address>0x21e0</run_address>
         <size>0x30</size>
         <alignment>0x4</alignment>
         <input_file_ref idref="fl-5"/>
      </object_component>
      <object_component id="oc-156">
         <name>.text.__NVIC_ClearPendingIRQ</name>
         <load_address>0x2210</load_address>
         <readonly>true</readonly>
         <executable>true</executable>
         <run_address>0x2210</run_address>
         <size>0x2c</size>
         <alignment>0x4</alignment>
         <input_file_ref idref="fl-5"/>
      </object_component>
      <object_component id="oc-158">
         <name>.text.__NVIC_ClearPendingIRQ</name>
         <load_address>0x223c</load_address>
         <readonly>true</readonly>
         <executable>true</executable>
         <run_address>0x223c</run_address>
         <size>0x2c</size>
         <alignment>0x4</alignment>
         <input_file_ref idref="fl-c"/>
      </object_component>
      <object_component id="oc-157">
         <name>.text.__NVIC_EnableIRQ</name>
         <load_address>0x2268</load_address>
         <readonly>true</readonly>
         <executable>true</executable>
         <run_address>0x2268</run_address>
         <size>0x2c</size>
         <alignment>0x4</alignment>
         <input_file_ref idref="fl-5"/>
      </object_component>
      <object_component id="oc-159">
         <name>.text.__NVIC_EnableIRQ</name>
         <load_address>0x2294</load_address>
         <readonly>true</readonly>
         <executable>true</executable>
         <run_address>0x2294</run_address>
         <size>0x2c</size>
         <alignment>0x4</alignment>
         <input_file_ref idref="fl-c"/>
      </object_component>
      <object_component id="oc-e1">
         <name>.text.pid_init</name>
         <load_address>0x22c0</load_address>
         <readonly>true</readonly>
         <executable>true</executable>
         <run_address>0x22c0</run_address>
         <size>0x2a</size>
         <alignment>0x2</alignment>
         <input_file_ref idref="fl-d"/>
      </object_component>
      <object_component id="oc-1f2">
         <name>.text.DL_Common_updateReg</name>
         <load_address>0x22ea</load_address>
         <readonly>true</readonly>
         <executable>true</executable>
         <run_address>0x22ea</run_address>
         <size>0x28</size>
         <alignment>0x2</alignment>
         <input_file_ref idref="fl-2"/>
      </object_component>
      <object_component id="oc-1d1">
         <name>.text.DL_I2C_setControllerRXFIFOThreshold</name>
         <load_address>0x2314</load_address>
         <readonly>true</readonly>
         <executable>true</executable>
         <run_address>0x2314</run_address>
         <size>0x28</size>
         <alignment>0x4</alignment>
         <input_file_ref idref="fl-2"/>
      </object_component>
      <object_component id="oc-1d0">
         <name>.text.DL_I2C_setControllerTXFIFOThreshold</name>
         <load_address>0x233c</load_address>
         <readonly>true</readonly>
         <executable>true</executable>
         <run_address>0x233c</run_address>
         <size>0x28</size>
         <alignment>0x4</alignment>
         <input_file_ref idref="fl-2"/>
      </object_component>
      <object_component id="oc-b4">
         <name>.text.__floatunsisf</name>
         <load_address>0x2364</load_address>
         <readonly>true</readonly>
         <executable>true</executable>
         <run_address>0x2364</run_address>
         <size>0x28</size>
         <alignment>0x4</alignment>
         <input_file_ref idref="fl-a9"/>
      </object_component>
      <object_component id="oc-5c">
         <name>.text:_c_int00_noargs</name>
         <load_address>0x238c</load_address>
         <readonly>true</readonly>
         <executable>true</executable>
         <run_address>0x238c</run_address>
         <size>0x28</size>
         <alignment>0x4</alignment>
         <input_file_ref idref="fl-2d"/>
      </object_component>
      <object_component id="oc-1cc">
         <name>.text.DL_I2C_setAnalogGlitchFilterPulseWidth</name>
         <load_address>0x23b4</load_address>
         <readonly>true</readonly>
         <executable>true</executable>
         <run_address>0x23b4</run_address>
         <size>0x26</size>
         <alignment>0x2</alignment>
         <input_file_ref idref="fl-2"/>
      </object_component>
      <object_component id="oc-1c6">
         <name>.text.DL_I2C_setClockConfig</name>
         <load_address>0x23da</load_address>
         <readonly>true</readonly>
         <executable>true</executable>
         <run_address>0x23da</run_address>
         <size>0x26</size>
         <alignment>0x2</alignment>
         <input_file_ref idref="fl-1c"/>
      </object_component>
      <object_component id="oc-3f">
         <name>.text.TIMA0_IRQHandler</name>
         <load_address>0x2400</load_address>
         <readonly>true</readonly>
         <executable>true</executable>
         <run_address>0x2400</run_address>
         <size>0x24</size>
         <alignment>0x4</alignment>
         <input_file_ref idref="fl-c"/>
      </object_component>
      <object_component id="oc-e9">
         <name>.text.delay_ms</name>
         <load_address>0x2424</load_address>
         <readonly>true</readonly>
         <executable>true</executable>
         <run_address>0x2424</run_address>
         <size>0x22</size>
         <alignment>0x2</alignment>
         <input_file_ref idref="fl-6"/>
      </object_component>
      <object_component id="oc-1a8">
         <name>.text.DL_GPIO_initPeripheralInputFunction</name>
         <load_address>0x2448</load_address>
         <readonly>true</readonly>
         <executable>true</executable>
         <run_address>0x2448</run_address>
         <size>0x20</size>
         <alignment>0x4</alignment>
         <input_file_ref idref="fl-2"/>
      </object_component>
      <object_component id="oc-6b">
         <name>.text.DL_UART_receiveDataBlocking</name>
         <load_address>0x2468</load_address>
         <readonly>true</readonly>
         <executable>true</executable>
         <run_address>0x2468</run_address>
         <size>0x20</size>
         <alignment>0x4</alignment>
         <input_file_ref idref="fl-1e"/>
      </object_component>
      <object_component id="oc-141">
         <name>.text.DL_UART_transmitDataBlocking</name>
         <load_address>0x2488</load_address>
         <readonly>true</readonly>
         <executable>true</executable>
         <run_address>0x2488</run_address>
         <size>0x20</size>
         <alignment>0x4</alignment>
         <input_file_ref idref="fl-1e"/>
      </object_component>
      <object_component id="oc-1d7">
         <name>.text.DL_UART_setOversampling</name>
         <load_address>0x24a8</load_address>
         <readonly>true</readonly>
         <executable>true</executable>
         <run_address>0x24a8</run_address>
         <size>0x1e</size>
         <alignment>0x2</alignment>
         <input_file_ref idref="fl-2"/>
      </object_component>
      <object_component id="oc-65">
         <name>.text.DL_GPIO_clearInterruptStatus</name>
         <load_address>0x24c8</load_address>
         <readonly>true</readonly>
         <executable>true</executable>
         <run_address>0x24c8</run_address>
         <size>0x1c</size>
         <alignment>0x4</alignment>
         <input_file_ref idref="fl-c"/>
      </object_component>
      <object_component id="oc-1af">
         <name>.text.DL_GPIO_clearInterruptStatus</name>
         <load_address>0x24e4</load_address>
         <readonly>true</readonly>
         <executable>true</executable>
         <run_address>0x24e4</run_address>
         <size>0x1c</size>
         <alignment>0x4</alignment>
         <input_file_ref idref="fl-2"/>
      </object_component>
      <object_component id="oc-1a7">
         <name>.text.DL_GPIO_enableHiZ</name>
         <load_address>0x2500</load_address>
         <readonly>true</readonly>
         <executable>true</executable>
         <run_address>0x2500</run_address>
         <size>0x1c</size>
         <alignment>0x4</alignment>
         <input_file_ref idref="fl-2"/>
      </object_component>
      <object_component id="oc-1b0">
         <name>.text.DL_GPIO_enableInterrupt</name>
         <load_address>0x251c</load_address>
         <readonly>true</readonly>
         <executable>true</executable>
         <run_address>0x251c</run_address>
         <size>0x1c</size>
         <alignment>0x4</alignment>
         <input_file_ref idref="fl-2"/>
      </object_component>
      <object_component id="oc-1ab">
         <name>.text.DL_GPIO_initDigitalInput</name>
         <load_address>0x2538</load_address>
         <readonly>true</readonly>
         <executable>true</executable>
         <run_address>0x2538</run_address>
         <size>0x1c</size>
         <alignment>0x4</alignment>
         <input_file_ref idref="fl-2"/>
      </object_component>
      <object_component id="oc-1a4">
         <name>.text.DL_GPIO_initPeripheralOutputFunction</name>
         <load_address>0x2554</load_address>
         <readonly>true</readonly>
         <executable>true</executable>
         <run_address>0x2554</run_address>
         <size>0x1c</size>
         <alignment>0x4</alignment>
         <input_file_ref idref="fl-2"/>
      </object_component>
      <object_component id="oc-1ad">
         <name>.text.DL_GPIO_setLowerPinsPolarity</name>
         <load_address>0x2570</load_address>
         <readonly>true</readonly>
         <executable>true</executable>
         <run_address>0x2570</run_address>
         <size>0x1c</size>
         <alignment>0x4</alignment>
         <input_file_ref idref="fl-2"/>
      </object_component>
      <object_component id="oc-1b6">
         <name>.text.DL_SYSCTL_setMCLKDivider</name>
         <load_address>0x258c</load_address>
         <readonly>true</readonly>
         <executable>true</executable>
         <run_address>0x258c</run_address>
         <size>0x1c</size>
         <alignment>0x4</alignment>
         <input_file_ref idref="fl-2"/>
      </object_component>
      <object_component id="oc-1b2">
         <name>.text.DL_SYSCTL_setSYSOSCFreq</name>
         <load_address>0x25a8</load_address>
         <readonly>true</readonly>
         <executable>true</executable>
         <run_address>0x25a8</run_address>
         <size>0x1c</size>
         <alignment>0x4</alignment>
         <input_file_ref idref="fl-2"/>
      </object_component>
      <object_component id="oc-1b5">
         <name>.text.DL_SYSCTL_setULPCLKDivider</name>
         <load_address>0x25c4</load_address>
         <readonly>true</readonly>
         <executable>true</executable>
         <run_address>0x25c4</run_address>
         <size>0x1c</size>
         <alignment>0x4</alignment>
         <input_file_ref idref="fl-2"/>
      </object_component>
      <object_component id="oc-1c1">
         <name>.text.DL_Timer_enableInterrupt</name>
         <load_address>0x25e0</load_address>
         <readonly>true</readonly>
         <executable>true</executable>
         <run_address>0x25e0</run_address>
         <size>0x1c</size>
         <alignment>0x4</alignment>
         <input_file_ref idref="fl-2"/>
      </object_component>
      <object_component id="oc-1bb">
         <name>.text.DL_Timer_setCaptCompUpdateMethod</name>
         <load_address>0x25fc</load_address>
         <readonly>true</readonly>
         <executable>true</executable>
         <run_address>0x25fc</run_address>
         <size>0x1c</size>
         <alignment>0x4</alignment>
         <input_file_ref idref="fl-1d"/>
      </object_component>
      <object_component id="oc-1b8">
         <name>.text.DL_Timer_setClockConfig</name>
         <load_address>0x2618</load_address>
         <readonly>true</readonly>
         <executable>true</executable>
         <run_address>0x2618</run_address>
         <size>0x1c</size>
         <alignment>0x4</alignment>
         <input_file_ref idref="fl-1d"/>
      </object_component>
      <object_component id="oc-1d9">
         <name>.text.DL_UART_enableInterrupt</name>
         <load_address>0x2634</load_address>
         <readonly>true</readonly>
         <executable>true</executable>
         <run_address>0x2634</run_address>
         <size>0x1c</size>
         <alignment>0x4</alignment>
         <input_file_ref idref="fl-2"/>
      </object_component>
      <object_component id="oc-40">
         <name>.text.TIMA1_IRQHandler</name>
         <load_address>0x2650</load_address>
         <readonly>true</readonly>
         <executable>true</executable>
         <run_address>0x2650</run_address>
         <size>0x1c</size>
         <alignment>0x4</alignment>
         <input_file_ref idref="fl-c"/>
      </object_component>
      <object_component id="oc-1a5">
         <name>.text.DL_GPIO_enableOutput</name>
         <load_address>0x266c</load_address>
         <readonly>true</readonly>
         <executable>true</executable>
         <run_address>0x266c</run_address>
         <size>0x18</size>
         <alignment>0x4</alignment>
         <input_file_ref idref="fl-2"/>
      </object_component>
      <object_component id="oc-1a0">
         <name>.text.DL_GPIO_enablePower</name>
         <load_address>0x2684</load_address>
         <readonly>true</readonly>
         <executable>true</executable>
         <run_address>0x2684</run_address>
         <size>0x18</size>
         <alignment>0x4</alignment>
         <input_file_ref idref="fl-2"/>
      </object_component>
      <object_component id="oc-63">
         <name>.text.DL_GPIO_getEnabledInterruptStatus</name>
         <load_address>0x269c</load_address>
         <readonly>true</readonly>
         <executable>true</executable>
         <run_address>0x269c</run_address>
         <size>0x18</size>
         <alignment>0x4</alignment>
         <input_file_ref idref="fl-c"/>
      </object_component>
      <object_component id="oc-1a9">
         <name>.text.DL_GPIO_initDigitalOutput</name>
         <load_address>0x26b4</load_address>
         <readonly>true</readonly>
         <executable>true</executable>
         <run_address>0x26b4</run_address>
         <size>0x18</size>
         <alignment>0x4</alignment>
         <input_file_ref idref="fl-2"/>
      </object_component>
      <object_component id="oc-19c">
         <name>.text.DL_GPIO_reset</name>
         <load_address>0x26cc</load_address>
         <readonly>true</readonly>
         <executable>true</executable>
         <run_address>0x26cc</run_address>
         <size>0x18</size>
         <alignment>0x4</alignment>
         <input_file_ref idref="fl-2"/>
      </object_component>
      <object_component id="oc-174">
         <name>.text.DL_GPIO_setPins</name>
         <load_address>0x26e4</load_address>
         <readonly>true</readonly>
         <executable>true</executable>
         <run_address>0x26e4</run_address>
         <size>0x18</size>
         <alignment>0x4</alignment>
         <input_file_ref idref="fl-b"/>
      </object_component>
      <object_component id="oc-13b">
         <name>.text.DL_GPIO_setPins</name>
         <load_address>0x26fc</load_address>
         <readonly>true</readonly>
         <executable>true</executable>
         <run_address>0x26fc</run_address>
         <size>0x18</size>
         <alignment>0x4</alignment>
         <input_file_ref idref="fl-7"/>
      </object_component>
      <object_component id="oc-15b">
         <name>.text.DL_GPIO_setPins</name>
         <load_address>0x2714</load_address>
         <readonly>true</readonly>
         <executable>true</executable>
         <run_address>0x2714</run_address>
         <size>0x18</size>
         <alignment>0x4</alignment>
         <input_file_ref idref="fl-9"/>
      </object_component>
      <object_component id="oc-1ae">
         <name>.text.DL_GPIO_setUpperPinsPolarity</name>
         <load_address>0x272c</load_address>
         <readonly>true</readonly>
         <executable>true</executable>
         <run_address>0x272c</run_address>
         <size>0x18</size>
         <alignment>0x2</alignment>
         <input_file_ref idref="fl-2"/>
      </object_component>
      <object_component id="oc-1cd">
         <name>.text.DL_I2C_enableAnalogGlitchFilter</name>
         <load_address>0x2744</load_address>
         <readonly>true</readonly>
         <executable>true</executable>
         <run_address>0x2744</run_address>
         <size>0x18</size>
         <alignment>0x2</alignment>
         <input_file_ref idref="fl-2"/>
      </object_component>
      <object_component id="oc-1d3">
         <name>.text.DL_I2C_enableController</name>
         <load_address>0x275c</load_address>
         <readonly>true</readonly>
         <executable>true</executable>
         <run_address>0x275c</run_address>
         <size>0x18</size>
         <alignment>0x4</alignment>
         <input_file_ref idref="fl-2"/>
      </object_component>
      <object_component id="oc-1d2">
         <name>.text.DL_I2C_enableControllerClockStretching</name>
         <load_address>0x2774</load_address>
         <readonly>true</readonly>
         <executable>true</executable>
         <run_address>0x2774</run_address>
         <size>0x18</size>
         <alignment>0x4</alignment>
         <input_file_ref idref="fl-2"/>
      </object_component>
      <object_component id="oc-1a2">
         <name>.text.DL_I2C_enablePower</name>
         <load_address>0x278c</load_address>
         <readonly>true</readonly>
         <executable>true</executable>
         <run_address>0x278c</run_address>
         <size>0x18</size>
         <alignment>0x4</alignment>
         <input_file_ref idref="fl-2"/>
      </object_component>
      <object_component id="oc-19e">
         <name>.text.DL_I2C_reset</name>
         <load_address>0x27a4</load_address>
         <readonly>true</readonly>
         <executable>true</executable>
         <run_address>0x27a4</run_address>
         <size>0x18</size>
         <alignment>0x4</alignment>
         <input_file_ref idref="fl-2"/>
      </object_component>
      <object_component id="oc-1cf">
         <name>.text.DL_I2C_setTimerPeriod</name>
         <load_address>0x27bc</load_address>
         <readonly>true</readonly>
         <executable>true</executable>
         <run_address>0x27bc</run_address>
         <size>0x18</size>
         <alignment>0x4</alignment>
         <input_file_ref idref="fl-2"/>
      </object_component>
      <object_component id="oc-1b1">
         <name>.text.DL_SYSCTL_setBORThreshold</name>
         <load_address>0x27d4</load_address>
         <readonly>true</readonly>
         <executable>true</executable>
         <run_address>0x27d4</run_address>
         <size>0x18</size>
         <alignment>0x4</alignment>
         <input_file_ref idref="fl-2"/>
      </object_component>
      <object_component id="oc-1a1">
         <name>.text.DL_Timer_enablePower</name>
         <load_address>0x27ec</load_address>
         <readonly>true</readonly>
         <executable>true</executable>
         <run_address>0x27ec</run_address>
         <size>0x18</size>
         <alignment>0x4</alignment>
         <input_file_ref idref="fl-2"/>
      </object_component>
      <object_component id="oc-19d">
         <name>.text.DL_Timer_reset</name>
         <load_address>0x2804</load_address>
         <readonly>true</readonly>
         <executable>true</executable>
         <run_address>0x2804</run_address>
         <size>0x18</size>
         <alignment>0x4</alignment>
         <input_file_ref idref="fl-2"/>
      </object_component>
      <object_component id="oc-1ba">
         <name>.text.DL_Timer_setCaptureCompareOutCtl</name>
         <load_address>0x281c</load_address>
         <readonly>true</readonly>
         <executable>true</executable>
         <run_address>0x281c</run_address>
         <size>0x18</size>
         <alignment>0x4</alignment>
         <input_file_ref idref="fl-1d"/>
      </object_component>
      <object_component id="oc-15a">
         <name>.text.DL_Timer_startCounter</name>
         <load_address>0x2834</load_address>
         <readonly>true</readonly>
         <executable>true</executable>
         <run_address>0x2834</run_address>
         <size>0x18</size>
         <alignment>0x4</alignment>
         <input_file_ref idref="fl-c"/>
      </object_component>
      <object_component id="oc-1a3">
         <name>.text.DL_UART_enablePower</name>
         <load_address>0x284c</load_address>
         <readonly>true</readonly>
         <executable>true</executable>
         <run_address>0x284c</run_address>
         <size>0x18</size>
         <alignment>0x4</alignment>
         <input_file_ref idref="fl-2"/>
      </object_component>
      <object_component id="oc-19f">
         <name>.text.DL_UART_reset</name>
         <load_address>0x2864</load_address>
         <readonly>true</readonly>
         <executable>true</executable>
         <run_address>0x2864</run_address>
         <size>0x18</size>
         <alignment>0x4</alignment>
         <input_file_ref idref="fl-2"/>
      </object_component>
      <object_component id="oc-e8">
         <name>.text.DL_GPIO_readPins</name>
         <load_address>0x287c</load_address>
         <readonly>true</readonly>
         <executable>true</executable>
         <run_address>0x287c</run_address>
         <size>0x16</size>
         <alignment>0x2</alignment>
         <input_file_ref idref="fl-1"/>
      </object_component>
      <object_component id="oc-17c">
         <name>.text.DL_GPIO_readPins</name>
         <load_address>0x2892</load_address>
         <readonly>true</readonly>
         <executable>true</executable>
         <run_address>0x2892</run_address>
         <size>0x16</size>
         <alignment>0x2</alignment>
         <input_file_ref idref="fl-8"/>
      </object_component>
      <object_component id="oc-64">
         <name>.text.DL_GPIO_readPins</name>
         <load_address>0x28a8</load_address>
         <readonly>true</readonly>
         <executable>true</executable>
         <run_address>0x28a8</run_address>
         <size>0x16</size>
         <alignment>0x2</alignment>
         <input_file_ref idref="fl-c"/>
      </object_component>
      <object_component id="oc-1da">
         <name>.text.DL_UART_enable</name>
         <load_address>0x28be</load_address>
         <readonly>true</readonly>
         <executable>true</executable>
         <run_address>0x28be</run_address>
         <size>0x16</size>
         <alignment>0x2</alignment>
         <input_file_ref idref="fl-2"/>
      </object_component>
      <object_component id="oc-53">
         <name>.text:decompress:ZI:__TI_zero_init_nomemset</name>
         <load_address>0x28d4</load_address>
         <readonly>true</readonly>
         <executable>true</executable>
         <run_address>0x28d4</run_address>
         <size>0x16</size>
         <alignment>0x2</alignment>
         <input_file_ref idref="fl-32"/>
      </object_component>
      <object_component id="oc-175">
         <name>.text.DL_GPIO_clearPins</name>
         <load_address>0x28ea</load_address>
         <readonly>true</readonly>
         <executable>true</executable>
         <run_address>0x28ea</run_address>
         <size>0x14</size>
         <alignment>0x2</alignment>
         <input_file_ref idref="fl-b"/>
      </object_component>
      <object_component id="oc-13c">
         <name>.text.DL_GPIO_clearPins</name>
         <load_address>0x28fe</load_address>
         <readonly>true</readonly>
         <executable>true</executable>
         <run_address>0x28fe</run_address>
         <size>0x14</size>
         <alignment>0x2</alignment>
         <input_file_ref idref="fl-7"/>
      </object_component>
      <object_component id="oc-1ac">
         <name>.text.DL_GPIO_clearPins</name>
         <load_address>0x2912</load_address>
         <readonly>true</readonly>
         <executable>true</executable>
         <run_address>0x2912</run_address>
         <size>0x14</size>
         <alignment>0x2</alignment>
         <input_file_ref idref="fl-2"/>
      </object_component>
      <object_component id="oc-1ce">
         <name>.text.DL_I2C_resetControllerTransfer</name>
         <load_address>0x2928</load_address>
         <readonly>true</readonly>
         <executable>true</executable>
         <run_address>0x2928</run_address>
         <size>0x14</size>
         <alignment>0x4</alignment>
         <input_file_ref idref="fl-2"/>
      </object_component>
      <object_component id="oc-1b4">
         <name>.text.DL_SYSCTL_disableSYSPLL</name>
         <load_address>0x293c</load_address>
         <readonly>true</readonly>
         <executable>true</executable>
         <run_address>0x293c</run_address>
         <size>0x14</size>
         <alignment>0x4</alignment>
         <input_file_ref idref="fl-2"/>
      </object_component>
      <object_component id="oc-1bc">
         <name>.text.DL_Timer_enableClock</name>
         <load_address>0x2950</load_address>
         <readonly>true</readonly>
         <executable>true</executable>
         <run_address>0x2950</run_address>
         <size>0x14</size>
         <alignment>0x4</alignment>
         <input_file_ref idref="fl-2"/>
      </object_component>
      <object_component id="oc-1bd">
         <name>.text.DL_Timer_setCCPDirection</name>
         <load_address>0x2964</load_address>
         <readonly>true</readonly>
         <executable>true</executable>
         <run_address>0x2964</run_address>
         <size>0x14</size>
         <alignment>0x2</alignment>
         <input_file_ref idref="fl-2"/>
      </object_component>
      <object_component id="oc-e2">
         <name>.text.motor_on</name>
         <load_address>0x2978</load_address>
         <readonly>true</readonly>
         <executable>true</executable>
         <run_address>0x2978</run_address>
         <size>0x14</size>
         <alignment>0x4</alignment>
         <input_file_ref idref="fl-9"/>
      </object_component>
      <object_component id="oc-74">
         <name>.text.DL_Timer_getPendingInterrupt</name>
         <load_address>0x298c</load_address>
         <readonly>true</readonly>
         <executable>true</executable>
         <run_address>0x298c</run_address>
         <size>0x12</size>
         <alignment>0x2</alignment>
         <input_file_ref idref="fl-c"/>
      </object_component>
      <object_component id="oc-6a">
         <name>.text.DL_UART_getPendingInterrupt</name>
         <load_address>0x299e</load_address>
         <readonly>true</readonly>
         <executable>true</executable>
         <run_address>0x299e</run_address>
         <size>0x12</size>
         <alignment>0x2</alignment>
         <input_file_ref idref="fl-5"/>
      </object_component>
      <object_component id="oc-1d5">
         <name>.text.DL_UART_setClockConfig</name>
         <load_address>0x29b0</load_address>
         <readonly>true</readonly>
         <executable>true</executable>
         <run_address>0x29b0</run_address>
         <size>0x12</size>
         <alignment>0x2</alignment>
         <input_file_ref idref="fl-1e"/>
      </object_component>
      <object_component id="oc-d0">
         <name>.text:TI_memcpy_small</name>
         <load_address>0x29c2</load_address>
         <readonly>true</readonly>
         <executable>true</executable>
         <run_address>0x29c2</run_address>
         <size>0x12</size>
         <alignment>0x1</alignment>
         <input_file_ref idref="fl-b1"/>
      </object_component>
      <object_component id="oc-20">
         <name>.text:decompress:none</name>
         <load_address>0x29d4</load_address>
         <readonly>true</readonly>
         <executable>true</executable>
         <run_address>0x29d4</run_address>
         <size>0x12</size>
         <alignment>0x2</alignment>
         <input_file_ref idref="fl-33"/>
      </object_component>
      <object_component id="oc-1b3">
         <name>.text.DL_SYSCTL_disableHFXT</name>
         <load_address>0x29e8</load_address>
         <readonly>true</readonly>
         <executable>true</executable>
         <run_address>0x29e8</run_address>
         <size>0x10</size>
         <alignment>0x4</alignment>
         <input_file_ref idref="fl-2"/>
      </object_component>
      <object_component id="oc-c3">
         <name>.text.DL_Timer_setCaptureCompareValue</name>
         <load_address>0x29f8</load_address>
         <readonly>true</readonly>
         <executable>true</executable>
         <run_address>0x29f8</run_address>
         <size>0x10</size>
         <alignment>0x4</alignment>
         <input_file_ref idref="fl-1d"/>
      </object_component>
      <object_component id="oc-143">
         <name>.text:TI_memset_small</name>
         <load_address>0x2a08</load_address>
         <readonly>true</readonly>
         <executable>true</executable>
         <run_address>0x2a08</run_address>
         <size>0xe</size>
         <alignment>0x1</alignment>
         <input_file_ref idref="fl-b2"/>
      </object_component>
      <object_component id="oc-84">
         <name>.text.__aeabi_memclr</name>
         <load_address>0x2a18</load_address>
         <readonly>true</readonly>
         <executable>true</executable>
         <run_address>0x2a18</run_address>
         <size>0xc</size>
         <alignment>0x4</alignment>
         <input_file_ref idref="fl-ad"/>
      </object_component>
      <object_component id="oc-122">
         <name>.text.DL_Common_delayCycles</name>
         <load_address>0x2a24</load_address>
         <readonly>true</readonly>
         <executable>true</executable>
         <run_address>0x2a24</run_address>
         <size>0xa</size>
         <alignment>0x2</alignment>
         <input_file_ref idref="fl-1b"/>
      </object_component>
      <object_component id="oc-4c">
         <name>.text.__aeabi_memcpy</name>
         <load_address>0x2a30</load_address>
         <readonly>true</readonly>
         <executable>true</executable>
         <run_address>0x2a30</run_address>
         <size>0x8</size>
         <alignment>0x4</alignment>
         <input_file_ref idref="fl-ac"/>
      </object_component>
      <object_component id="oc-33">
         <name>.text.Default_Handler</name>
         <load_address>0x2a38</load_address>
         <readonly>true</readonly>
         <executable>true</executable>
         <run_address>0x2a38</run_address>
         <size>0x4</size>
         <alignment>0x2</alignment>
         <input_file_ref idref="fl-3"/>
      </object_component>
      <object_component id="oc-2f">
         <name>.text.Reset_Handler</name>
         <load_address>0x2a3c</load_address>
         <readonly>true</readonly>
         <executable>true</executable>
         <run_address>0x2a3c</run_address>
         <size>0x4</size>
         <alignment>0x2</alignment>
         <input_file_ref idref="fl-3"/>
      </object_component>
      <object_component id="oc-89">
         <name>.text._system_pre_init</name>
         <load_address>0x2a40</load_address>
         <readonly>true</readonly>
         <executable>true</executable>
         <run_address>0x2a40</run_address>
         <size>0x4</size>
         <alignment>0x2</alignment>
         <input_file_ref idref="fl-30"/>
      </object_component>
      <object_component id="oc-102">
         <name>.text:abort</name>
         <load_address>0x2a44</load_address>
         <readonly>true</readonly>
         <executable>true</executable>
         <run_address>0x2a44</run_address>
         <size>0x4</size>
         <alignment>0x2</alignment>
         <input_file_ref idref="fl-35"/>
      </object_component>
      <object_component id="oc-237">
         <name>.cinit..data.load</name>
         <load_address>0x2aa8</load_address>
         <readonly>true</readonly>
         <run_address>0x2aa8</run_address>
         <size>0x10</size>
         <alignment>0x1</alignment>
      </object_component>
      <object_component id="oc-235">
         <name>__TI_handler_table</name>
         <load_address>0x2ab8</load_address>
         <readonly>true</readonly>
         <run_address>0x2ab8</run_address>
         <size>0xc</size>
         <alignment>0x4</alignment>
      </object_component>
      <object_component id="oc-238">
         <name>.cinit..bss.load</name>
         <load_address>0x2ac4</load_address>
         <readonly>true</readonly>
         <run_address>0x2ac4</run_address>
         <size>0x8</size>
         <alignment>0x4</alignment>
      </object_component>
      <object_component id="oc-236">
         <name>__TI_cinit_table</name>
         <load_address>0x2acc</load_address>
         <readonly>true</readonly>
         <run_address>0x2acc</run_address>
         <size>0x10</size>
         <alignment>0x4</alignment>
      </object_component>
      <object_component id="oc-1c5">
         <name>.rodata.gIMU_RECEIVE_DATATimerConfig</name>
         <load_address>0x2a50</load_address>
         <readonly>true</readonly>
         <run_address>0x2a50</run_address>
         <size>0x14</size>
         <alignment>0x4</alignment>
         <input_file_ref idref="fl-2"/>
      </object_component>
      <object_component id="oc-1c3">
         <name>.rodata.gTIM_EncoderATimerConfig</name>
         <load_address>0x2a64</load_address>
         <readonly>true</readonly>
         <run_address>0x2a64</run_address>
         <size>0x14</size>
         <alignment>0x4</alignment>
         <input_file_ref idref="fl-2"/>
      </object_component>
      <object_component id="oc-1de">
         <name>.rodata.gIMUConfig</name>
         <load_address>0x2a78</load_address>
         <readonly>true</readonly>
         <run_address>0x2a78</run_address>
         <size>0xa</size>
         <alignment>0x2</alignment>
         <input_file_ref idref="fl-2"/>
      </object_component>
      <object_component id="oc-1dc">
         <name>.rodata.gUART_0Config</name>
         <load_address>0x2a82</load_address>
         <readonly>true</readonly>
         <run_address>0x2a82</run_address>
         <size>0xa</size>
         <alignment>0x2</alignment>
         <input_file_ref idref="fl-2"/>
      </object_component>
      <object_component id="oc-1bf">
         <name>.rodata.gmotorABConfig</name>
         <load_address>0x2a8c</load_address>
         <readonly>true</readonly>
         <run_address>0x2a8c</run_address>
         <size>0x8</size>
         <alignment>0x4</alignment>
         <input_file_ref idref="fl-2"/>
      </object_component>
      <object_component id="oc-1c4">
         <name>.rodata.gIMU_RECEIVE_DATAClockConfig</name>
         <load_address>0x2a94</load_address>
         <readonly>true</readonly>
         <run_address>0x2a94</run_address>
         <size>0x3</size>
         <alignment>0x1</alignment>
         <input_file_ref idref="fl-2"/>
      </object_component>
      <object_component id="oc-1c2">
         <name>.rodata.gTIM_EncoderAClockConfig</name>
         <load_address>0x2a97</load_address>
         <readonly>true</readonly>
         <run_address>0x2a97</run_address>
         <size>0x3</size>
         <alignment>0x1</alignment>
         <input_file_ref idref="fl-2"/>
      </object_component>
      <object_component id="oc-1be">
         <name>.rodata.gmotorABClockConfig</name>
         <load_address>0x2a9a</load_address>
         <readonly>true</readonly>
         <run_address>0x2a9a</run_address>
         <size>0x3</size>
         <alignment>0x1</alignment>
         <input_file_ref idref="fl-2"/>
      </object_component>
      <object_component id="oc-1dd">
         <name>.rodata.gIMUClockConfig</name>
         <load_address>0x2a9d</load_address>
         <readonly>true</readonly>
         <run_address>0x2a9d</run_address>
         <size>0x2</size>
         <alignment>0x1</alignment>
         <input_file_ref idref="fl-2"/>
      </object_component>
      <object_component id="oc-1d4">
         <name>.rodata.gOLEDClockConfig</name>
         <load_address>0x2a9f</load_address>
         <readonly>true</readonly>
         <run_address>0x2a9f</run_address>
         <size>0x2</size>
         <alignment>0x1</alignment>
         <input_file_ref idref="fl-2"/>
      </object_component>
      <object_component id="oc-1db">
         <name>.rodata.gUART_0ClockConfig</name>
         <load_address>0x2aa1</load_address>
         <readonly>true</readonly>
         <run_address>0x2aa1</run_address>
         <size>0x2</size>
         <alignment>0x1</alignment>
         <input_file_ref idref="fl-2"/>
      </object_component>
      <object_component id="oc-1ff">
         <name>.binit</name>
         <load_address>0x0</load_address>
         <readonly>true</readonly>
         <run_address>0x0</run_address>
         <size>0x0</size>
         <alignment>0x4</alignment>
      </object_component>
      <object_component id="oc-fd">
         <name>.data.TASK</name>
         <load_address>0x20200344</load_address>
         <readwrite>true</readwrite>
         <run_address>0x20200344</run_address>
         <size>0x1</size>
         <alignment>0x1</alignment>
         <input_file_ref idref="fl-1"/>
      </object_component>
      <object_component id="oc-ff">
         <name>.data.workstep</name>
         <load_address>0x20200348</load_address>
         <readwrite>true</readwrite>
         <run_address>0x20200348</run_address>
         <size>0x1</size>
         <alignment>0x1</alignment>
         <input_file_ref idref="fl-1"/>
      </object_component>
      <object_component id="oc-fc">
         <name>.data.pid_mode</name>
         <load_address>0x20200347</load_address>
         <readwrite>true</readwrite>
         <run_address>0x20200347</run_address>
         <size>0x1</size>
         <alignment>0x1</alignment>
         <input_file_ref idref="fl-1"/>
      </object_component>
      <object_component id="oc-177">
         <name>.data.L1</name>
         <load_address>0x2020033e</load_address>
         <readwrite>true</readwrite>
         <run_address>0x2020033e</run_address>
         <size>0x1</size>
         <alignment>0x1</alignment>
         <input_file_ref idref="fl-8"/>
      </object_component>
      <object_component id="oc-176">
         <name>.data.L2</name>
         <load_address>0x2020033f</load_address>
         <readwrite>true</readwrite>
         <run_address>0x2020033f</run_address>
         <size>0x1</size>
         <alignment>0x1</alignment>
         <input_file_ref idref="fl-8"/>
      </object_component>
      <object_component id="oc-178">
         <name>.data.M</name>
         <load_address>0x20200341</load_address>
         <readwrite>true</readwrite>
         <run_address>0x20200341</run_address>
         <size>0x1</size>
         <alignment>0x1</alignment>
         <input_file_ref idref="fl-8"/>
      </object_component>
      <object_component id="oc-179">
         <name>.data.R1</name>
         <load_address>0x20200342</load_address>
         <readwrite>true</readwrite>
         <run_address>0x20200342</run_address>
         <size>0x1</size>
         <alignment>0x1</alignment>
         <input_file_ref idref="fl-8"/>
      </object_component>
      <object_component id="oc-17a">
         <name>.data.R2</name>
         <load_address>0x20200343</load_address>
         <readwrite>true</readwrite>
         <run_address>0x20200343</run_address>
         <size>0x1</size>
         <alignment>0x1</alignment>
         <input_file_ref idref="fl-8"/>
      </object_component>
      <object_component id="oc-fe">
         <name>.data.Line_flag</name>
         <load_address>0x20200340</load_address>
         <readwrite>true</readwrite>
         <run_address>0x20200340</run_address>
         <size>0x1</size>
         <alignment>0x1</alignment>
         <input_file_ref idref="fl-8"/>
      </object_component>
      <object_component id="oc-1e7">
         <name>.data.motor_max_duty</name>
         <load_address>0x20200338</load_address>
         <readwrite>true</readwrite>
         <run_address>0x20200338</run_address>
         <size>0x4</size>
         <alignment>0x4</alignment>
         <input_file_ref idref="fl-9"/>
      </object_component>
      <object_component id="oc-17b">
         <name>.data.turn</name>
         <load_address>0x2020033c</load_address>
         <readwrite>true</readwrite>
         <run_address>0x2020033c</run_address>
         <size>0x2</size>
         <alignment>0x2</alignment>
         <input_file_ref idref="fl-b"/>
      </object_component>
      <object_component id="oc-66">
         <name>.data.Left_Count</name>
         <load_address>0x20200328</load_address>
         <readwrite>true</readwrite>
         <run_address>0x20200328</run_address>
         <size>0x4</size>
         <alignment>0x4</alignment>
         <input_file_ref idref="fl-c"/>
      </object_component>
      <object_component id="oc-67">
         <name>.data.Right_Count</name>
         <load_address>0x2020032c</load_address>
         <readwrite>true</readwrite>
         <run_address>0x2020032c</run_address>
         <size>0x4</size>
         <alignment>0x4</alignment>
         <input_file_ref idref="fl-c"/>
      </object_component>
      <object_component id="oc-ce">
         <name>.data.Speed_Left_now</name>
         <load_address>0x20200330</load_address>
         <readwrite>true</readwrite>
         <run_address>0x20200330</run_address>
         <size>0x4</size>
         <alignment>0x4</alignment>
         <input_file_ref idref="fl-c"/>
      </object_component>
      <object_component id="oc-cf">
         <name>.data.Speed_Right_now</name>
         <load_address>0x20200334</load_address>
         <readwrite>true</readwrite>
         <run_address>0x20200334</run_address>
         <size>0x4</size>
         <alignment>0x4</alignment>
         <input_file_ref idref="fl-c"/>
      </object_component>
      <object_component id="oc-ca">
         <name>.data.motorA_dir</name>
         <load_address>0x20200345</load_address>
         <readwrite>true</readwrite>
         <run_address>0x20200345</run_address>
[...]
         <value>0x127d</value>
         <object_component_ref idref="oc-121"/>
      </symbol>
      <symbol id="sm-185">
         <name>atk_ms901m_uart_init</name>
         <value>0x21e1</value>
         <object_component_ref idref="oc-df"/>
      </symbol>
      <symbol id="sm-186">
         <name>UART1_IRQHandler</name>
         <value>0x21b1</value>
         <object_component_ref idref="oc-39"/>
      </symbol>
      <symbol id="sm-18f">
         <name>delay_ms</name>
         <value>0x2425</value>
         <object_component_ref idref="oc-e9"/>
      </symbol>
      <symbol id="sm-19f">
         <name>gpio_set</name>
         <value>0x20a9</value>
         <object_component_ref idref="oc-be"/>
      </symbol>
      <symbol id="sm-1ac">
         <name>Get_Light_TTL</name>
         <value>0xd51</value>
         <object_component_ref idref="oc-f6"/>
      </symbol>
      <symbol id="sm-1ad">
         <name>L2</name>
         <value>0x2020033f</value>
         <object_component_ref idref="oc-176"/>
      </symbol>
      <symbol id="sm-1ae">
         <name>L1</name>
         <value>0x2020033e</value>
         <object_component_ref idref="oc-177"/>
      </symbol>
      <symbol id="sm-1af">
         <name>M</name>
         <value>0x20200341</value>
         <object_component_ref idref="oc-178"/>
      </symbol>
      <symbol id="sm-1b0">
         <name>R1</name>
         <value>0x20200342</value>
         <object_component_ref idref="oc-179"/>
      </symbol>
      <symbol id="sm-1b1">
         <name>R2</name>
         <value>0x20200343</value>
         <object_component_ref idref="oc-17a"/>
      </symbol>
      <symbol id="sm-1b2">
         <name>Line_flag</name>
         <value>0x20200340</value>
         <object_component_ref idref="oc-fe"/>
      </symbol>
      <symbol id="sm-1c9">
         <name>motorA_dir_speed</name>
         <value>0x1859</value>
         <object_component_ref idref="oc-172"/>
      </symbol>
      <symbol id="sm-1ca">
         <name>motor_max_duty</name>
         <value>0x20200338</value>
         <object_component_ref idref="oc-1e7"/>
      </symbol>
      <symbol id="sm-1cb">
         <name>motorB_dir_speed</name>
         <value>0x1951</value>
         <object_component_ref idref="oc-173"/>
      </symbol>
      <symbol id="sm-1cc">
         <name>motor_set</name>
         <value>0x151d</value>
         <object_component_ref idref="oc-f3"/>
      </symbol>
      <symbol id="sm-1cd">
         <name>motor_on</name>
         <value>0x2979</value>
         <object_component_ref idref="oc-e2"/>
      </symbol>
      <symbol id="sm-1e5">
         <name>Trace</name>
         <value>0xc1</value>
         <object_component_ref idref="oc-f5"/>
      </symbol>
      <symbol id="sm-1e6">
         <name>turn</name>
         <value>0x2020033c</value>
         <object_component_ref idref="oc-17b"/>
      </symbol>
      <symbol id="sm-1e7">
         <name>shengguang</name>
         <value>0x1e51</value>
         <object_component_ref idref="oc-f4"/>
      </symbol>
      <symbol id="sm-1e8">
         <name>duanlu</name>
         <value>0x1645</value>
         <object_component_ref idref="oc-ee"/>
      </symbol>
      <symbol id="sm-217">
         <name>ISR_Enable</name>
         <value>0x1cb9</value>
         <object_component_ref idref="oc-e0"/>
      </symbol>
      <symbol id="sm-218">
         <name>UART0_IRQHandler</name>
         <value>0xafb</value>
         <object_component_ref idref="oc-3e"/>
      </symbol>
      <symbol id="sm-219">
         <name>TIMA1_IRQHandler</name>
         <value>0x2651</value>
         <object_component_ref idref="oc-40"/>
      </symbol>
      <symbol id="sm-21a">
         <name>TIMA0_IRQHandler</name>
         <value>0x2401</value>
         <object_component_ref idref="oc-3f"/>
      </symbol>
      <symbol id="sm-21b">
         <name>GROUP1_IRQHandler</name>
         <value>0x1481</value>
         <object_component_ref idref="oc-34"/>
      </symbol>
      <symbol id="sm-21c">
         <name>Left_Count</name>
         <value>0x20200328</value>
         <object_component_ref idref="oc-66"/>
      </symbol>
      <symbol id="sm-21d">
         <name>Right_Count</name>
         <value>0x2020032c</value>
         <object_component_ref idref="oc-67"/>
      </symbol>
      <symbol id="sm-21e">
         <name>Speed_Left_now</name>
         <value>0x20200330</value>
         <object_component_ref idref="oc-ce"/>
      </symbol>
      <symbol id="sm-21f">
         <name>Speed_Right_now</name>
         <value>0x20200334</value>
         <object_component_ref idref="oc-cf"/>
      </symbol>
      <symbol id="sm-236">
         <name>motor_target_set</name>
         <value>0x18d5</value>
         <object_component_ref idref="oc-e7"/>
      </symbol>
      <symbol id="sm-237">
         <name>motorA_dir</name>
         <value>0x20200345</value>
         <object_component_ref idref="oc-ca"/>
      </symbol>
      <symbol id="sm-238">
         <name>motorA</name>
         <value>0x202002b4</value>
      </symbol>
      <symbol id="sm-239">
         <name>motorB_dir</name>
         <value>0x20200346</value>
         <object_component_ref idref="oc-cc"/>
      </symbol>
      <symbol id="sm-23a">
         <name>motorB</name>
         <value>0x202002e8</value>
      </symbol>
      <symbol id="sm-23b">
         <name>pid_control</name>
         <value>0xafd</value>
         <object_component_ref idref="oc-7c"/>
      </symbol>
      <symbol id="sm-23c">
         <name>pid_cal</name>
         <value>0xc35</value>
         <object_component_ref idref="oc-bc"/>
      </symbol>
      <symbol id="sm-23d">
         <name>pidout_limit</name>
         <value>0x1d49</value>
         <object_component_ref idref="oc-bd"/>
      </symbol>
      <symbol id="sm-23e">
         <name>datavision_send</name>
         <value>0x133d</value>
         <object_component_ref idref="oc-c9"/>
      </symbol>
      <symbol id="sm-23f">
         <name>pid_init</name>
         <value>0x22c1</value>
         <object_component_ref idref="oc-e1"/>
      </symbol>
      <symbol id="sm-240">
         <name>angle</name>
         <value>0x20200280</value>
      </symbol>
      <symbol id="sm-241">
         <name>attitude_dat</name>
         <value>0x2020031c</value>
      </symbol>
      <symbol id="sm-242">
         <name>__TI_ATRegion0_src_addr</name>
         <value>0x0</value>
      </symbol>
      <symbol id="sm-243">
         <name>__TI_ATRegion0_trg_addr</name>
         <value>0x0</value>
      </symbol>
      <symbol id="sm-244">
         <name>__TI_ATRegion0_region_sz</name>
         <value>0x0</value>
      </symbol>
      <symbol id="sm-245">
         <name>__TI_ATRegion1_src_addr</name>
         <value>0x0</value>
      </symbol>
      <symbol id="sm-246">
         <name>__TI_ATRegion1_trg_addr</name>
         <value>0x0</value>
      </symbol>
      <symbol id="sm-247">
         <name>__TI_ATRegion1_region_sz</name>
         <value>0x0</value>
      </symbol>
      <symbol id="sm-248">
         <name>__TI_ATRegion2_src_addr</name>
         <value>0x0</value>
      </symbol>
      <symbol id="sm-249">
         <name>__TI_ATRegion2_trg_addr</name>
         <value>0x0</value>
      </symbol>
      <symbol id="sm-24a">
         <name>__TI_ATRegion2_region_sz</name>
         <value>0x0</value>
      </symbol>
      <symbol id="sm-253">
         <name>DL_Common_delayCycles</name>
         <value>0x2a25</value>
         <object_component_ref idref="oc-122"/>
      </symbol>
      <symbol id="sm-25d">
         <name>DL_I2C_setClockConfig</name>
         <value>0x23db</value>
         <object_component_ref idref="oc-1c6"/>
      </symbol>
      <symbol id="sm-279">
         <name>DL_Timer_setClockConfig</name>
         <value>0x2619</value>
         <object_component_ref idref="oc-1b8"/>
      </symbol>
      <symbol id="sm-27a">
         <name>DL_Timer_initTimerMode</name>
         <value>0xe55</value>
         <object_component_ref idref="oc-1c0"/>
      </symbol>
      <symbol id="sm-27b">
         <name>DL_Timer_setCaptureCompareValue</name>
         <value>0x29f9</value>
         <object_component_ref idref="oc-c3"/>
      </symbol>
      <symbol id="sm-27c">
         <name>DL_Timer_initPWMMode</name>
         <value>0x10f9</value>
         <object_component_ref idref="oc-1b9"/>
      </symbol>
      <symbol id="sm-27d">
         <name>DL_Timer_setCaptureCompareOutCtl</name>
         <value>0x281d</value>
         <object_component_ref idref="oc-1ba"/>
      </symbol>
      <symbol id="sm-27e">
         <name>DL_Timer_setCaptCompUpdateMethod</name>
         <value>0x25fd</value>
         <object_component_ref idref="oc-1bb"/>
      </symbol>
      <symbol id="sm-291">
         <name>DL_UART_init</name>
         <value>0x1c71</value>
         <object_component_ref idref="oc-1d6"/>
      </symbol>
      <symbol id="sm-292">
         <name>DL_UART_setClockConfig</name>
         <value>0x29b1</value>
         <object_component_ref idref="oc-1d5"/>
      </symbol>
      <symbol id="sm-293">
         <name>DL_UART_receiveDataBlocking</name>
         <value>0x2469</value>
         <object_component_ref idref="oc-6b"/>
      </symbol>
      <symbol id="sm-294">
         <name>DL_UART_transmitDataBlocking</name>
         <value>0x2489</value>
         <object_component_ref idref="oc-141"/>
      </symbol>
      <symbol id="sm-29f">
         <name>_c_int00_noargs</name>
         <value>0x238d</value>
         <object_component_ref idref="oc-5c"/>
      </symbol>
      <symbol id="sm-2a0">
         <name>__stack</name>
         <value>0x20207e00</value>
         <object_component_ref idref="oc-1a"/>
      </symbol>
      <symbol id="sm-2ac">
         <name>__TI_auto_init_nobinit_nopinit</name>
         <value>0x1fbd</value>
         <object_component_ref idref="oc-109"/>
      </symbol>
      <symbol id="sm-2b4">
         <name>_system_pre_init</name>
         <value>0x2a41</value>
         <object_component_ref idref="oc-89"/>
      </symbol>
      <symbol id="sm-2bf">
         <name>__TI_zero_init_nomemset</name>
         <value>0x28d5</value>
         <object_component_ref idref="oc-53"/>
      </symbol>
      <symbol id="sm-2c8">
         <name>__TI_decompress_none</name>
         <value>0x29d5</value>
         <object_component_ref idref="oc-20"/>
      </symbol>
      <symbol id="sm-2d3">
         <name>__TI_decompress_lzss</name>
         <value>0x19c9</value>
         <object_component_ref idref="oc-1c"/>
      </symbol>
      <symbol id="sm-2dd">
         <name>abort</name>
         <value>0x2a45</value>
         <object_component_ref idref="oc-102"/>
      </symbol>
      <symbol id="sm-2de">
         <name>C$$EXIT</name>
         <value>0x2a44</value>
         <object_component_ref idref="oc-102"/>
      </symbol>
      <symbol id="sm-2e6">
         <name>__aeabi_fadd</name>
         <value>0x102b</value>
         <object_component_ref idref="oc-133"/>
      </symbol>
      <symbol id="sm-2e7">
         <name>__addsf3</name>
         <value>0x102b</value>
         <object_component_ref idref="oc-133"/>
      </symbol>
      <symbol id="sm-2e8">
         <name>__aeabi_fsub</name>
         <value>0x1021</value>
         <object_component_ref idref="oc-133"/>
      </symbol>
      <symbol id="sm-2e9">
         <name>__subsf3</name>
         <value>0x1021</value>
         <object_component_ref idref="oc-133"/>
      </symbol>
      <symbol id="sm-2ef">
         <name>__aeabi_dadd</name>
         <value>0x973</value>
         <object_component_ref idref="oc-168"/>
      </symbol>
      <symbol id="sm-2f0">
         <name>__adddf3</name>
         <value>0x973</value>
         <object_component_ref idref="oc-168"/>
      </symbol>
      <symbol id="sm-2f1">
         <name>__aeabi_dsub</name>
         <value>0x969</value>
         <object_component_ref idref="oc-168"/>
      </symbol>
      <symbol id="sm-2f2">
         <name>__subdf3</name>
         <value>0x969</value>
         <object_component_ref idref="oc-168"/>
      </symbol>
      <symbol id="sm-2f8">
         <name>__aeabi_dmul</name>
         <value>0xf3d</value>
         <object_component_ref idref="oc-164"/>
      </symbol>
      <symbol id="sm-2f9">
         <name>__muldf3</name>
         <value>0xf3d</value>
         <object_component_ref idref="oc-164"/>
      </symbol>
      <symbol id="sm-2ff">
         <name>__muldsi3</name>
         <value>0x2035</value>
         <object_component_ref idref="oc-128"/>
      </symbol>
      <symbol id="sm-305">
         <name>__aeabi_fmul</name>
         <value>0x15b9</value>
         <object_component_ref idref="oc-ac"/>
      </symbol>
      <symbol id="sm-306">
         <name>__mulsf3</name>
         <value>0x15b9</value>
         <object_component_ref idref="oc-ac"/>
      </symbol>
      <symbol id="sm-30c">
         <name>__aeabi_fdiv</name>
         <value>0x17d5</value>
         <object_component_ref idref="oc-a8"/>
      </symbol>
      <symbol id="sm-30d">
         <name>__divsf3</name>
         <value>0x17d5</value>
         <object_component_ref idref="oc-a8"/>
      </symbol>
      <symbol id="sm-313">
         <name>__aeabi_f2d</name>
         <value>0x1e11</value>
         <object_component_ref idref="oc-160"/>
      </symbol>
      <symbol id="sm-314">
         <name>__extendsfdf2</name>
         <value>0x1e11</value>
         <object_component_ref idref="oc-160"/>
      </symbol>
      <symbol id="sm-31a">
         <name>__aeabi_f2iz</name>
         <value>0x2071</value>
         <object_component_ref idref="oc-12e"/>
      </symbol>
      <symbol id="sm-31b">
         <name>__fixsfsi</name>
         <value>0x2071</value>
         <object_component_ref idref="oc-12e"/>
      </symbol>
      <symbol id="sm-321">
         <name>__aeabi_d2uiz</name>
         <value>0x1d8d</value>
         <object_component_ref idref="oc-1e3"/>
      </symbol>
      <symbol id="sm-322">
         <name>__fixunsdfsi</name>
         <value>0x1d8d</value>
         <object_component_ref idref="oc-1e3"/>
      </symbol>
      <symbol id="sm-328">
         <name>__aeabi_f2uiz</name>
         <value>0x217d</value>
         <object_component_ref idref="oc-b8"/>
      </symbol>
      <symbol id="sm-329">
         <name>__fixunssfsi</name>
         <value>0x217d</value>
         <object_component_ref idref="oc-b8"/>
      </symbol>
      <symbol id="sm-32f">
         <name>__aeabi_i2f</name>
         <value>0x1f45</value>
         <object_component_ref idref="oc-a4"/>
      </symbol>
      <symbol id="sm-330">
         <name>__floatsisf</name>
         <value>0x1f45</value>
         <object_component_ref idref="oc-a4"/>
      </symbol>
      <symbol id="sm-336">
         <name>__aeabi_ui2f</name>
         <value>0x2365</value>
         <object_component_ref idref="oc-b4"/>
      </symbol>
      <symbol id="sm-337">
         <name>__floatunsisf</name>
         <value>0x2365</value>
         <object_component_ref idref="oc-b4"/>
      </symbol>
      <symbol id="sm-33e">
         <name>__aeabi_d2f</name>
         <value>0x1a41</value>
         <object_component_ref idref="oc-16c"/>
      </symbol>
      <symbol id="sm-33f">
         <name>__truncdfsf2</name>
         <value>0x1a41</value>
         <object_component_ref idref="oc-16c"/>
      </symbol>
      <symbol id="sm-345">
         <name>__aeabi_fcmpeq</name>
         <value>0x1ab5</value>
         <object_component_ref idref="oc-137"/>
      </symbol>
      <symbol id="sm-346">
         <name>__aeabi_fcmplt</name>
         <value>0x1ac9</value>
         <object_component_ref idref="oc-137"/>
      </symbol>
      <symbol id="sm-347">
         <name>__aeabi_fcmple</name>
         <value>0x1add</value>
         <object_component_ref idref="oc-137"/>
      </symbol>
      <symbol id="sm-348">
         <name>__aeabi_fcmpge</name>
         <value>0x1af1</value>
         <object_component_ref idref="oc-137"/>
      </symbol>
      <symbol id="sm-349">
         <name>__aeabi_fcmpgt</name>
         <value>0x1b05</value>
         <object_component_ref idref="oc-137"/>
      </symbol>
      <symbol id="sm-34f">
         <name>__aeabi_memcpy</name>
         <value>0x2a31</value>
         <object_component_ref idref="oc-4c"/>
      </symbol>
      <symbol id="sm-350">
         <name>__aeabi_memcpy4</name>
         <value>0x2a31</value>
         <object_component_ref idref="oc-4c"/>
      </symbol>
      <symbol id="sm-351">
         <name>__aeabi_memcpy8</name>
         <value>0x2a31</value>
         <object_component_ref idref="oc-4c"/>
      </symbol>
      <symbol id="sm-358">
         <name>__aeabi_memclr</name>
         <value>0x2a19</value>
         <object_component_ref idref="oc-84"/>
      </symbol>
      <symbol id="sm-359">
         <name>__aeabi_memclr4</name>
         <value>0x2a19</value>
         <object_component_ref idref="oc-84"/>
      </symbol>
      <symbol id="sm-35a">
         <name>__aeabi_memclr8</name>
         <value>0x2a19</value>
         <object_component_ref idref="oc-84"/>
      </symbol>
      <symbol id="sm-360">
         <name>__aeabi_uidiv</name>
         <value>0x1dd1</value>
         <object_component_ref idref="oc-9e"/>
      </symbol>
      <symbol id="sm-361">
         <name>__aeabi_uidivmod</name>
         <value>0x1dd1</value>
         <object_component_ref idref="oc-9e"/>
      </symbol>
      <symbol id="sm-36a">
         <name>__eqsf2</name>
         <value>0x1ff9</value>
         <object_component_ref idref="oc-194"/>
      </symbol>
      <symbol id="sm-36b">
         <name>__lesf2</name>
         <value>0x1ff9</value>
         <object_component_ref idref="oc-194"/>
      </symbol>
      <symbol id="sm-36c">
         <name>__ltsf2</name>
         <value>0x1ff9</value>
         <object_component_ref idref="oc-194"/>
      </symbol>
      <symbol id="sm-36d">
         <name>__nesf2</name>
         <value>0x1ff9</value>
         <object_component_ref idref="oc-194"/>
      </symbol>
      <symbol id="sm-36e">
         <name>__cmpsf2</name>
         <value>0x1ff9</value>
         <object_component_ref idref="oc-194"/>
      </symbol>
      <symbol id="sm-36f">
         <name>__gtsf2</name>
         <value>0x1f81</value>
         <object_component_ref idref="oc-199"/>
      </symbol>
      <symbol id="sm-370">
         <name>__gesf2</name>
         <value>0x1f81</value>
         <object_component_ref idref="oc-199"/>
      </symbol>
      <symbol id="sm-37a">
         <name>__aeabi_idiv0</name>
         <value>0x1857</value>
         <object_component_ref idref="oc-11b"/>
      </symbol>
      <symbol id="sm-383">
         <name>TI_memcpy_small</name>
         <value>0x29c3</value>
         <object_component_ref idref="oc-d0"/>
      </symbol>
      <symbol id="sm-38c">
         <name>TI_memset_small</name>
         <value>0x2a09</value>
         <object_component_ref idref="oc-143"/>
      </symbol>
      <symbol id="sm-38d">
         <name>__TI_static_base__</name>
         <value>0x0</value>
      </symbol>
      <symbol id="sm-390">
         <name>__mpu_init</name>
         <value>0x0</value>
      </symbol>
      <symbol id="sm-391">
         <name>_system_post_cinit</name>
         <value>0x0</value>
      </symbol>
   </symbol_table>
   <title>Link successful</title>
</link_info>
