<?xml version="1.0" encoding="ISO-8859-1" ?>
<link_info>
   <banner>TI ARM Clang Linker PC v3.2.2.LTS</banner>
   <copyright>Copyright (c) 1996-2018 Texas Instruments Incorporated</copyright>
   <link_time>0x66ab58c9</link_time>
   <link_errors>0x0</link_errors>
   <output_file>C:\Users\1\workspace_ccstheia\diansai2024H\Debug\diansai2024H.out</output_file>
   <entry_point>
      <name>_c_int00_noargs</name>
      <address>0x3311</address>
   </entry_point>
   <input_file_list>
      <input_file id="fl-1">
         <path>C:\Users\1\workspace_ccstheia\diansai2024H\Debug\.\</path>
         <kind>object</kind>
         <file>diansai2024H.o</file>
         <name>diansai2024H.o</name>
      </input_file>
      <input_file id="fl-2">
         <path>C:\Users\1\workspace_ccstheia\diansai2024H\Debug\.\</path>
         <kind>object</kind>
         <file>ti_msp_dl_config.o</file>
         <name>ti_msp_dl_config.o</name>
      </input_file>
      <input_file id="fl-3">
         <path>C:\Users\1\workspace_ccstheia\diansai2024H\Debug\.\</path>
         <kind>object</kind>
         <file>startup_mspm0g350x_ticlang.o</file>
         <name>startup_mspm0g350x_ticlang.o</name>
      </input_file>
      <input_file id="fl-4">
         <path>C:\Users\1\workspace_ccstheia\diansai2024H\Debug\.\Hardware\</path>
         <kind>object</kind>
         <file>atk_ms901m.o</file>
         <name>atk_ms901m.o</name>
      </input_file>
      <input_file id="fl-5">
         <path>C:\Users\1\workspace_ccstheia\diansai2024H\Debug\.\Hardware\</path>
         <kind>object</kind>
         <file>atk_ms901m_uart.o</file>
         <name>atk_ms901m_uart.o</name>
      </input_file>
      <input_file id="fl-6">
         <path>C:\Users\1\workspace_ccstheia\diansai2024H\Debug\.\Hardware\</path>
         <kind>object</kind>
         <file>delay.o</file>
         <name>delay.o</name>
      </input_file>
      <input_file id="fl-7">
         <path>C:\Users\1\workspace_ccstheia\diansai2024H\Debug\.\Hardware\</path>
         <kind>object</kind>
         <file>gpio_zzk.o</file>
         <name>gpio_zzk.o</name>
      </input_file>
      <input_file id="fl-8">
         <path>C:\Users\1\workspace_ccstheia\diansai2024H\Debug\.\Hardware\</path>
         <kind>object</kind>
         <file>huidu5.o</file>
         <name>huidu5.o</name>
      </input_file>
      <input_file id="fl-9">
         <path>C:\Users\1\workspace_ccstheia\diansai2024H\Debug\.\Hardware\</path>
         <kind>object</kind>
         <file>motor.o</file>
         <name>motor.o</name>
      </input_file>
      <input_file id="fl-a">
         <path>C:\Users\1\workspace_ccstheia\diansai2024H\Debug\.\Hardware\</path>
         <kind>object</kind>
         <file>oled.o</file>
         <name>oled.o</name>
      </input_file>
      <input_file id="fl-b">
         <path>C:\Users\1\workspace_ccstheia\diansai2024H\Debug\.\User\</path>
         <kind>object</kind>
         <file>control.o</file>
         <name>control.o</name>
      </input_file>
      <input_file id="fl-c">
         <path>C:\Users\1\workspace_ccstheia\diansai2024H\Debug\.\User\</path>
         <kind>object</kind>
         <file>isr.o</file>
         <name>isr.o</name>
      </input_file>
      <input_file id="fl-d">
         <path>C:\Users\1\workspace_ccstheia\diansai2024H\Debug\.\User\</path>
         <kind>object</kind>
         <file>pid.o</file>
         <name>pid.o</name>
      </input_file>
      <input_file id="fl-1a">
         <path>C:\Users\1\workspace_ccstheia\diansai2024H\Debug\</path>
         <kind>object</kind>
         <file>&lt;internal&gt;</file>
         <name>&lt;internal&gt;</name>
      </input_file>
      <input_file id="fl-1b">
         <path>E:\ti\mspm0_sdk_2_01_00_03\source\ti\driverlib\lib\ticlang\m0p\mspm0g1x0x_g3x0x\</path>
         <kind>archive</kind>
         <file>driverlib.a</file>
         <name>dl_common.o</name>
      </input_file>
      <input_file id="fl-1c">
         <path>E:\ti\mspm0_sdk_2_01_00_03\source\ti\driverlib\lib\ticlang\m0p\mspm0g1x0x_g3x0x\</path>
         <kind>archive</kind>
         <file>driverlib.a</file>
         <name>dl_i2c.o</name>
      </input_file>
      <input_file id="fl-1d">
         <path>E:\ti\mspm0_sdk_2_01_00_03\source\ti\driverlib\lib\ticlang\m0p\mspm0g1x0x_g3x0x\</path>
         <kind>archive</kind>
         <file>driverlib.a</file>
         <name>dl_timer.o</name>
      </input_file>
      <input_file id="fl-1e">
         <path>E:\ti\mspm0_sdk_2_01_00_03\source\ti\driverlib\lib\ticlang\m0p\mspm0g1x0x_g3x0x\</path>
         <kind>archive</kind>
         <file>driverlib.a</file>
         <name>dl_uart.o</name>
      </input_file>
      <input_file id="fl-2d">
         <path>E:\ti\ccstheia140\ccs\tools\compiler\ti-cgt-armllvm_3.2.2.LTS\lib\armv6m-ti-none-eabi\c\</path>
         <kind>archive</kind>
         <file>libc.a</file>
         <name>boot_cortex_m.c.obj</name>
      </input_file>
      <input_file id="fl-2e">
         <path>E:\ti\ccstheia140\ccs\tools\compiler\ti-cgt-armllvm_3.2.2.LTS\lib\armv6m-ti-none-eabi\c\</path>
         <kind>archive</kind>
         <file>libc.a</file>
         <name>mathacl_init.c.obj</name>
      </input_file>
      <input_file id="fl-2f">
         <path>E:\ti\ccstheia140\ccs\tools\compiler\ti-cgt-armllvm_3.2.2.LTS\lib\armv6m-ti-none-eabi\c\</path>
         <kind>archive</kind>
         <file>libc.a</file>
         <name>autoinit.c.obj</name>
      </input_file>
      <input_file id="fl-30">
         <path>E:\ti\ccstheia140\ccs\tools\compiler\ti-cgt-armllvm_3.2.2.LTS\lib\armv6m-ti-none-eabi\c\</path>
         <kind>archive</kind>
         <file>libc.a</file>
         <name>pre_init.c.obj</name>
      </input_file>
      <input_file id="fl-31">
         <path>E:\ti\ccstheia140\ccs\tools\compiler\ti-cgt-armllvm_3.2.2.LTS\lib\armv6m-ti-none-eabi\c\</path>
         <kind>archive</kind>
         <file>libc.a</file>
         <name>cpy_tbl.c.obj</name>
      </input_file>
      <input_file id="fl-32">
         <path>E:\ti\ccstheia140\ccs\tools\compiler\ti-cgt-armllvm_3.2.2.LTS\lib\armv6m-ti-none-eabi\c\</path>
         <kind>archive</kind>
         <file>libc.a</file>
         <name>copy_zero_init.c.obj</name>
      </input_file>
      <input_file id="fl-33">
         <path>E:\ti\ccstheia140\ccs\tools\compiler\ti-cgt-armllvm_3.2.2.LTS\lib\armv6m-ti-none-eabi\c\</path>
         <kind>archive</kind>
         <file>libc.a</file>
         <name>copy_decompress_none.c.obj</name>
      </input_file>
      <input_file id="fl-34">
         <path>E:\ti\ccstheia140\ccs\tools\compiler\ti-cgt-armllvm_3.2.2.LTS\lib\armv6m-ti-none-eabi\c\</path>
         <kind>archive</kind>
         <file>libc.a</file>
         <name>copy_decompress_lzss.c.obj</name>
      </input_file>
      <input_file id="fl-35">
         <path>E:\ti\ccstheia140\ccs\tools\compiler\ti-cgt-armllvm_3.2.2.LTS\lib\armv6m-ti-none-eabi\c\</path>
         <kind>archive</kind>
         <file>libc.a</file>
         <name>exit.c.obj</name>
      </input_file>
      <input_file id="fl-36">
         <path>E:\ti\ccstheia140\ccs\tools\compiler\ti-cgt-armllvm_3.2.2.LTS\lib\armv6m-ti-none-eabi\c\</path>
         <kind>archive</kind>
         <file>libc.a</file>
         <name>_lock.c.obj</name>
      </input_file>
      <input_file id="fl-37">
         <path>E:\ti\ccstheia140\ccs\tools\compiler\ti-cgt-armllvm_3.2.2.LTS\lib\armv6m-ti-none-eabi\c\</path>
         <kind>archive</kind>
         <file>libc.a</file>
         <name>args_main.c.obj</name>
      </input_file>
      <input_file id="fl-9d">
         <path>E:\ti\ccstheia140\ccs\tools\compiler\ti-cgt-armllvm_3.2.2.LTS\lib\clang\15.0.7\lib\armv6m-ti-none-eabi\</path>
         <kind>archive</kind>
         <file>libclang_rt.builtins.a</file>
         <name>addsf3.S.obj</name>
      </input_file>
      <input_file id="fl-9e">
         <path>E:\ti\ccstheia140\ccs\tools\compiler\ti-cgt-armllvm_3.2.2.LTS\lib\clang\15.0.7\lib\armv6m-ti-none-eabi\</path>
         <kind>archive</kind>
         <file>libclang_rt.builtins.a</file>
         <name>adddf3.S.obj</name>
      </input_file>
      <input_file id="fl-9f">
         <path>E:\ti\ccstheia140\ccs\tools\compiler\ti-cgt-armllvm_3.2.2.LTS\lib\clang\15.0.7\lib\armv6m-ti-none-eabi\</path>
         <kind>archive</kind>
         <file>libclang_rt.builtins.a</file>
         <name>muldf3.S.obj</name>
      </input_file>
      <input_file id="fl-a0">
         <path>E:\ti\ccstheia140\ccs\tools\compiler\ti-cgt-armllvm_3.2.2.LTS\lib\clang\15.0.7\lib\armv6m-ti-none-eabi\</path>
         <kind>archive</kind>
         <file>libclang_rt.builtins.a</file>
         <name>muldsi3.S.obj</name>
      </input_file>
      <input_file id="fl-a1">
         <path>E:\ti\ccstheia140\ccs\tools\compiler\ti-cgt-armllvm_3.2.2.LTS\lib\clang\15.0.7\lib\armv6m-ti-none-eabi\</path>
         <kind>archive</kind>
         <file>libclang_rt.builtins.a</file>
         <name>mulsf3.S.obj</name>
      </input_file>
      <input_file id="fl-a2">
         <path>E:\ti\ccstheia140\ccs\tools\compiler\ti-cgt-armllvm_3.2.2.LTS\lib\clang\15.0.7\lib\armv6m-ti-none-eabi\</path>
         <kind>archive</kind>
         <file>libclang_rt.builtins.a</file>
         <name>divsf3.S.obj</name>
      </input_file>
      <input_file id="fl-a3">
         <path>E:\ti\ccstheia140\ccs\tools\compiler\ti-cgt-armllvm_3.2.2.LTS\lib\clang\15.0.7\lib\armv6m-ti-none-eabi\</path>
         <kind>archive</kind>
         <file>libclang_rt.builtins.a</file>
         <name>divdf3.S.obj</name>
      </input_file>
      <input_file id="fl-a4">
         <path>E:\ti\ccstheia140\ccs\tools\compiler\ti-cgt-armllvm_3.2.2.LTS\lib\clang\15.0.7\lib\armv6m-ti-none-eabi\</path>
         <kind>archive</kind>
         <file>libclang_rt.builtins.a</file>
         <name>extendsfdf2.S.obj</name>
      </input_file>
      <input_file id="fl-a5">
         <path>E:\ti\ccstheia140\ccs\tools\compiler\ti-cgt-armllvm_3.2.2.LTS\lib\clang\15.0.7\lib\armv6m-ti-none-eabi\</path>
         <kind>archive</kind>
         <file>libclang_rt.builtins.a</file>
         <name>fixsfsi.S.obj</name>
      </input_file>
      <input_file id="fl-a6">
         <path>E:\ti\ccstheia140\ccs\tools\compiler\ti-cgt-armllvm_3.2.2.LTS\lib\clang\15.0.7\lib\armv6m-ti-none-eabi\</path>
         <kind>archive</kind>
         <file>libclang_rt.builtins.a</file>
         <name>fixunssfsi.S.obj</name>
      </input_file>
      <input_file id="fl-a7">
         <path>E:\ti\ccstheia140\ccs\tools\compiler\ti-cgt-armllvm_3.2.2.LTS\lib\clang\15.0.7\lib\armv6m-ti-none-eabi\</path>
         <kind>archive</kind>
         <file>libclang_rt.builtins.a</file>
         <name>floatsisf.S.obj</name>
      </input_file>
      <input_file id="fl-a8">
         <path>E:\ti\ccstheia140\ccs\tools\compiler\ti-cgt-armllvm_3.2.2.LTS\lib\clang\15.0.7\lib\armv6m-ti-none-eabi\</path>
         <kind>archive</kind>
         <file>libclang_rt.builtins.a</file>
         <name>floatunsisf.S.obj</name>
      </input_file>
      <input_file id="fl-a9">
         <path>E:\ti\ccstheia140\ccs\tools\compiler\ti-cgt-armllvm_3.2.2.LTS\lib\clang\15.0.7\lib\armv6m-ti-none-eabi\</path>
         <kind>archive</kind>
         <file>libclang_rt.builtins.a</file>
         <name>truncdfsf2.S.obj</name>
      </input_file>
      <input_file id="fl-aa">
         <path>E:\ti\ccstheia140\ccs\tools\compiler\ti-cgt-armllvm_3.2.2.LTS\lib\clang\15.0.7\lib\armv6m-ti-none-eabi\</path>
         <kind>archive</kind>
         <file>libclang_rt.builtins.a</file>
         <name>aeabi_dcmp.S.obj</name>
      </input_file>
      <input_file id="fl-ab">
         <path>E:\ti\ccstheia140\ccs\tools\compiler\ti-cgt-armllvm_3.2.2.LTS\lib\clang\15.0.7\lib\armv6m-ti-none-eabi\</path>
         <kind>archive</kind>
         <file>libclang_rt.builtins.a</file>
         <name>aeabi_fcmp.S.obj</name>
      </input_file>
      <input_file id="fl-ac">
         <path>E:\ti\ccstheia140\ccs\tools\compiler\ti-cgt-armllvm_3.2.2.LTS\lib\clang\15.0.7\lib\armv6m-ti-none-eabi\</path>
         <kind>archive</kind>
         <file>libclang_rt.builtins.a</file>
         <name>aeabi_memcpy.S.obj</name>
      </input_file>
      <input_file id="fl-ad">
         <path>E:\ti\ccstheia140\ccs\tools\compiler\ti-cgt-armllvm_3.2.2.LTS\lib\clang\15.0.7\lib\armv6m-ti-none-eabi\</path>
         <kind>archive</kind>
         <file>libclang_rt.builtins.a</file>
         <name>aeabi_memset.S.obj</name>
      </input_file>
      <input_file id="fl-ae">
         <path>E:\ti\ccstheia140\ccs\tools\compiler\ti-cgt-armllvm_3.2.2.LTS\lib\clang\15.0.7\lib\armv6m-ti-none-eabi\</path>
         <kind>archive</kind>
         <file>libclang_rt.builtins.a</file>
         <name>aeabi_uidivmod.S.obj</name>
      </input_file>
      <input_file id="fl-af">
         <path>E:\ti\ccstheia140\ccs\tools\compiler\ti-cgt-armllvm_3.2.2.LTS\lib\clang\15.0.7\lib\armv6m-ti-none-eabi\</path>
         <kind>archive</kind>
         <file>libclang_rt.builtins.a</file>
         <name>comparesf2.S.obj</name>
      </input_file>
      <input_file id="fl-b0">
         <path>E:\ti\ccstheia140\ccs\tools\compiler\ti-cgt-armllvm_3.2.2.LTS\lib\clang\15.0.7\lib\armv6m-ti-none-eabi\</path>
         <kind>archive</kind>
         <file>libclang_rt.builtins.a</file>
         <name>comparedf2.c.obj</name>
      </input_file>
      <input_file id="fl-b1">
         <path>E:\ti\ccstheia140\ccs\tools\compiler\ti-cgt-armllvm_3.2.2.LTS\lib\clang\15.0.7\lib\armv6m-ti-none-eabi\</path>
         <kind>archive</kind>
         <file>libclang_rt.builtins.a</file>
         <name>aeabi_div0.c.obj</name>
      </input_file>
      <input_file id="fl-b2">
         <path>E:\ti\ccstheia140\ccs\tools\compiler\ti-cgt-armllvm_3.2.2.LTS\lib\armv6m-ti-none-eabi\c\</path>
         <kind>archive</kind>
         <file>libc.a</file>
         <name>memcpy16.S.obj</name>
      </input_file>
      <input_file id="fl-b3">
         <path>E:\ti\ccstheia140\ccs\tools\compiler\ti-cgt-armllvm_3.2.2.LTS\lib\armv6m-ti-none-eabi\c\</path>
         <kind>archive</kind>
         <file>libc.a</file>
         <name>memset16.S.obj</name>
      </input_file>
   </input_file_list>
   <object_component_list>
      <object_component id="oc-18">
         <name>.intvecs</name>
         <load_address>0x0</load_address>
         <readonly>true</readonly>
         <run_address>0x0</run_address>
         <size>0xc0</size>
         <alignment>0x4</alignment>
         <input_file_ref idref="fl-3"/>
      </object_component>
      <object_component id="oc-8e">
         <name>.text.main</name>
         <load_address>0xc0</load_address>
         <readonly>true</readonly>
         <executable>true</executable>
         <run_address>0xc0</run_address>
         <size>0x690</size>
         <alignment>0x4</alignment>
         <input_file_ref idref="fl-1"/>
      </object_component>
      <object_component id="oc-105">
         <name>.text.Trace_task_3</name>
         <load_address>0x750</load_address>
         <readonly>true</readonly>
         <executable>true</executable>
         <run_address>0x750</run_address>
         <size>0x4d0</size>
         <alignment>0x4</alignment>
         <input_file_ref idref="fl-b"/>
      </object_component>
      <object_component id="oc-101">
         <name>.text.Trace</name>
         <load_address>0xc20</load_address>
         <readonly>true</readonly>
         <executable>true</executable>
         <run_address>0xc20</run_address>
         <size>0x4b4</size>
         <alignment>0x4</alignment>
         <input_file_ref idref="fl-b"/>
      </object_component>
      <object_component id="oc-16f">
         <name>.text.atk_ms901m_get_frame_by_id</name>
         <load_address>0x10d4</load_address>
         <readonly>true</readonly>
         <executable>true</executable>
         <run_address>0x10d4</run_address>
         <size>0x28c</size>
         <alignment>0x4</alignment>
         <input_file_ref idref="fl-4"/>
      </object_component>
      <object_component id="oc-14c">
         <name>.text.SYSCFG_DL_GPIO_init</name>
         <load_address>0x1360</load_address>
         <readonly>true</readonly>
         <executable>true</executable>
         <run_address>0x1360</run_address>
         <size>0x1a0</size>
         <alignment>0x4</alignment>
         <input_file_ref idref="fl-2"/>
      </object_component>
      <object_component id="oc-181">
         <name>.text.adddf3_subdf3</name>
         <load_address>0x1500</load_address>
         <readonly>true</readonly>
         <executable>true</executable>
         <run_address>0x1500</run_address>
         <size>0x192</size>
         <alignment>0x4</alignment>
         <input_file_ref idref="fl-9e"/>
      </object_component>
      <object_component id="oc-39">
         <name>.text.UART1_IRQHandler</name>
         <load_address>0x1692</load_address>
         <readonly>true</readonly>
         <executable>true</executable>
         <run_address>0x1692</run_address>
         <size>0x2</size>
         <alignment>0x2</alignment>
         <input_file_ref idref="fl-c"/>
      </object_component>
      <object_component id="oc-12f">
         <name>.text.Yaw_error_zzk</name>
         <load_address>0x1694</load_address>
         <readonly>true</readonly>
         <executable>true</executable>
         <run_address>0x1694</run_address>
         <size>0x190</size>
         <alignment>0x4</alignment>
         <input_file_ref idref="fl-d"/>
      </object_component>
      <object_component id="oc-185">
         <name>.text.Get_Light_TTL</name>
         <load_address>0x1824</load_address>
         <readonly>true</readonly>
         <executable>true</executable>
         <run_address>0x1824</run_address>
         <size>0x184</size>
         <alignment>0x4</alignment>
         <input_file_ref idref="fl-8"/>
      </object_component>
      <object_component id="oc-f9">
         <name>.text.duanlu</name>
         <load_address>0x19a8</load_address>
         <readonly>true</readonly>
         <executable>true</executable>
         <run_address>0x19a8</run_address>
         <size>0x150</size>
         <alignment>0x4</alignment>
         <input_file_ref idref="fl-b"/>
      </object_component>
      <object_component id="oc-a7">
         <name>.text.pid_cal</name>
         <load_address>0x1af8</load_address>
         <readonly>true</readonly>
         <executable>true</executable>
         <run_address>0x1af8</run_address>
         <size>0x11a</size>
         <alignment>0x2</alignment>
         <input_file_ref idref="fl-d"/>
      </object_component>
      <object_component id="oc-128">
         <name>.text.__aeabi_idiv0</name>
         <load_address>0x1c12</load_address>
         <readonly>true</readonly>
         <executable>true</executable>
         <run_address>0x1c12</run_address>
         <size>0x2</size>
         <alignment>0x2</alignment>
         <input_file_ref idref="fl-b1"/>
      </object_component>
      <object_component id="oc-ee">
         <name>.text.__divdf3</name>
         <load_address>0x1c14</load_address>
         <readonly>true</readonly>
         <executable>true</executable>
         <run_address>0x1c14</run_address>
         <size>0x10c</size>
         <alignment>0x4</alignment>
         <input_file_ref idref="fl-a3"/>
      </object_component>
      <object_component id="oc-78">
         <name>.text.pid_control</name>
         <load_address>0x1d20</load_address>
         <readonly>true</readonly>
         <executable>true</executable>
         <run_address>0x1d20</run_address>
         <size>0xf0</size>
         <alignment>0x4</alignment>
         <input_file_ref idref="fl-d"/>
      </object_component>
      <object_component id="oc-1da">
         <name>.text.DL_Timer_initTimerMode</name>
         <load_address>0x1e10</load_address>
         <readonly>true</readonly>
         <executable>true</executable>
         <run_address>0x1e10</run_address>
         <size>0xe8</size>
         <alignment>0x4</alignment>
         <input_file_ref idref="fl-1d"/>
      </object_component>
      <object_component id="oc-17d">
         <name>.text.__muldf3</name>
         <load_address>0x1ef8</load_address>
         <readonly>true</readonly>
         <executable>true</executable>
         <run_address>0x1ef8</run_address>
         <size>0xe4</size>
         <alignment>0x4</alignment>
         <input_file_ref idref="fl-9f"/>
      </object_component>
      <object_component id="oc-ea">
         <name>.text</name>
         <load_address>0x1fdc</load_address>
         <readonly>true</readonly>
         <executable>true</executable>
         <run_address>0x1fdc</run_address>
         <size>0xd8</size>
         <alignment>0x4</alignment>
         <input_file_ref idref="fl-9d"/>
      </object_component>
      <object_component id="oc-1d3">
         <name>.text.DL_Timer_initPWMMode</name>
         <load_address>0x20b4</load_address>
         <readonly>true</readonly>
         <executable>true</executable>
         <run_address>0x20b4</run_address>
         <size>0xc4</size>
         <alignment>0x4</alignment>
         <input_file_ref idref="fl-1d"/>
      </object_component>
      <object_component id="oc-e5">
         <name>.text.atk_ms901m_get_attitude</name>
         <load_address>0x2178</load_address>
         <readonly>true</readonly>
         <executable>true</executable>
         <run_address>0x2178</run_address>
         <size>0xc0</size>
         <alignment>0x4</alignment>
         <input_file_ref idref="fl-4"/>
      </object_component>
      <object_component id="oc-1ff">
         <name>.text.atk_ms901m_uart_rx_fifo_read</name>
         <load_address>0x2238</load_address>
         <readonly>true</readonly>
         <executable>true</executable>
         <run_address>0x2238</run_address>
         <size>0xbc</size>
         <alignment>0x4</alignment>
         <input_file_ref idref="fl-5"/>
      </object_component>
      <object_component id="oc-fe">
         <name>.text.motor_set_4</name>
         <load_address>0x22f4</load_address>
         <readonly>true</readonly>
         <executable>true</executable>
         <run_address>0x22f4</run_address>
         <size>0xb0</size>
         <alignment>0x4</alignment>
         <input_file_ref idref="fl-9"/>
      </object_component>
      <object_component id="oc-14b">
         <name>.text.SYSCFG_DL_initPower</name>
         <load_address>0x23a4</load_address>
         <readonly>true</readonly>
         <executable>true</executable>
         <run_address>0x23a4</run_address>
         <size>0xa0</size>
         <alignment>0x4</alignment>
         <input_file_ref idref="fl-2"/>
      </object_component>
      <object_component id="oc-34">
         <name>.text.GROUP1_IRQHandler</name>
         <load_address>0x2444</load_address>
         <readonly>true</readonly>
         <executable>true</executable>
         <run_address>0x2444</run_address>
         <size>0x9c</size>
         <alignment>0x4</alignment>
         <input_file_ref idref="fl-c"/>
      </object_component>
      <object_component id="oc-130">
         <name>.text.__mulsf3</name>
         <load_address>0x24e0</load_address>
         <readonly>true</readonly>
         <executable>true</executable>
         <run_address>0x24e0</run_address>
         <size>0x8c</size>
         <alignment>0x4</alignment>
         <input_file_ref idref="fl-a1"/>
      </object_component>
      <object_component id="oc-1de">
         <name>.text.__NVIC_SetPriority</name>
         <load_address>0x256c</load_address>
         <readonly>true</readonly>
         <executable>true</executable>
         <run_address>0x256c</run_address>
         <size>0x84</size>
         <alignment>0x4</alignment>
         <input_file_ref idref="fl-2"/>
      </object_component>
      <object_component id="oc-174">
         <name>.text.__divsf3</name>
         <load_address>0x25f0</load_address>
         <readonly>true</readonly>
         <executable>true</executable>
         <run_address>0x25f0</run_address>
         <size>0x82</size>
         <alignment>0x4</alignment>
         <input_file_ref idref="fl-a2"/>
      </object_component>
      <object_component id="oc-14e">
         <name>.text.SYSCFG_DL_motorAB_init</name>
         <load_address>0x2674</load_address>
         <readonly>true</readonly>
         <executable>true</executable>
         <run_address>0x2674</run_address>
         <size>0x80</size>
         <alignment>0x4</alignment>
         <input_file_ref idref="fl-2"/>
      </object_component>
      <object_component id="oc-1c">
         <name>.text:decompress:lzss</name>
         <load_address>0x26f4</load_address>
         <readonly>true</readonly>
         <executable>true</executable>
         <run_address>0x26f4</run_address>
         <size>0x78</size>
         <alignment>0x4</alignment>
         <input_file_ref idref="fl-34"/>
      </object_component>
      <object_component id="oc-3f">
         <name>.text.TIMA0_IRQHandler</name>
         <load_address>0x276c</load_address>
         <readonly>true</readonly>
         <executable>true</executable>
         <run_address>0x276c</run_address>
         <size>0x74</size>
         <alignment>0x4</alignment>
         <input_file_ref idref="fl-c"/>
      </object_component>
      <object_component id="oc-f2">
         <name>.text.__truncdfsf2</name>
         <load_address>0x27e0</load_address>
         <readonly>true</readonly>
         <executable>true</executable>
         <run_address>0x27e0</run_address>
         <size>0x74</size>
         <alignment>0x10</alignment>
         <input_file_ref idref="fl-a9"/>
      </object_component>
      <object_component id="oc-167">
         <name>.text.__gedf2</name>
         <load_address>0x2854</load_address>
         <readonly>true</readonly>
         <executable>true</executable>
         <run_address>0x2854</run_address>
         <size>0x70</size>
         <alignment>0x4</alignment>
         <input_file_ref idref="fl-b0"/>
      </object_component>
      <object_component id="oc-161">
         <name>.text.__ledf2</name>
         <load_address>0x28c4</load_address>
         <readonly>true</readonly>
         <executable>true</executable>
         <run_address>0x28c4</run_address>
         <size>0x6c</size>
         <alignment>0x4</alignment>
         <input_file_ref idref="fl-b0"/>
      </object_component>
      <object_component id="oc-db">
         <name>.text.__aeabi_dcmp</name>
         <load_address>0x2930</load_address>
         <readonly>true</readonly>
         <executable>true</executable>
         <run_address>0x2930</run_address>
         <size>0x62</size>
         <alignment>0x4</alignment>
         <input_file_ref idref="fl-aa"/>
      </object_component>
      <object_component id="oc-134">
         <name>.text.__aeabi_fcmp</name>
         <load_address>0x2994</load_address>
         <readonly>true</readonly>
         <executable>true</executable>
         <run_address>0x2994</run_address>
         <size>0x62</size>
         <alignment>0x4</alignment>
         <input_file_ref idref="fl-ab"/>
      </object_component>
      <object_component id="oc-71">
         <name>.text.atk_ms901m_uart_rx_fifo_write</name>
         <load_address>0x29f8</load_address>
         <readonly>true</readonly>
         <executable>true</executable>
         <run_address>0x29f8</run_address>
         <size>0x60</size>
         <alignment>0x4</alignment>
         <input_file_ref idref="fl-5"/>
      </object_component>
      <object_component id="oc-151">
         <name>.text.SYSCFG_DL_OLED_init</name>
         <load_address>0x2a58</load_address>
         <readonly>true</readonly>
         <executable>true</executable>
         <run_address>0x2a58</run_address>
         <size>0x58</size>
         <alignment>0x4</alignment>
         <input_file_ref idref="fl-2"/>
      </object_component>
      <object_component id="oc-40">
         <name>.text.TIMA1_IRQHandler</name>
         <load_address>0x2ab0</load_address>
         <readonly>true</readonly>
         <executable>true</executable>
         <run_address>0x2ab0</run_address>
         <size>0x58</size>
         <alignment>0x4</alignment>
         <input_file_ref idref="fl-c"/>
      </object_component>
      <object_component id="oc-b8">
         <name>.text.datavision_send</name>
         <load_address>0x2b08</load_address>
         <readonly>true</readonly>
         <executable>true</executable>
         <run_address>0x2b08</run_address>
         <size>0x58</size>
         <alignment>0x4</alignment>
         <input_file_ref idref="fl-d"/>
      </object_component>
      <object_component id="oc-153">
         <name>.text.SYSCFG_DL_IMU_init</name>
         <load_address>0x2b60</load_address>
         <readonly>true</readonly>
         <executable>true</executable>
         <run_address>0x2b60</run_address>
         <size>0x54</size>
         <alignment>0x4</alignment>
         <input_file_ref idref="fl-2"/>
      </object_component>
      <object_component id="oc-1f3">
         <name>.text.DL_UART_setBaudRateDivisor</name>
         <load_address>0x2bb4</load_address>
         <readonly>true</readonly>
         <executable>true</executable>
         <run_address>0x2bb4</run_address>
         <size>0x4c</size>
         <alignment>0x4</alignment>
         <input_file_ref idref="fl-2"/>
      </object_component>
      <object_component id="oc-1f1">
         <name>.text.DL_UART_init</name>
         <load_address>0x2c00</load_address>
         <readonly>true</readonly>
         <executable>true</executable>
         <run_address>0x2c00</run_address>
         <size>0x48</size>
         <alignment>0x4</alignment>
         <input_file_ref idref="fl-1e"/>
      </object_component>
      <object_component id="oc-152">
         <name>.text.SYSCFG_DL_UART_0_init</name>
         <load_address>0x2c48</load_address>
         <readonly>true</readonly>
         <executable>true</executable>
         <run_address>0x2c48</run_address>
         <size>0x48</size>
         <alignment>0x4</alignment>
         <input_file_ref idref="fl-2"/>
      </object_component>
      <object_component id="oc-a8">
         <name>.text.pidout_limit</name>
         <load_address>0x2c90</load_address>
         <readonly>true</readonly>
         <executable>true</executable>
         <run_address>0x2c90</run_address>
         <size>0x44</size>
         <alignment>0x4</alignment>
         <input_file_ref idref="fl-d"/>
      </object_component>
      <object_component id="oc-100">
         <name>.text.shengguang</name>
         <load_address>0x2cd4</load_address>
         <readonly>true</readonly>
         <executable>true</executable>
         <run_address>0x2cd4</run_address>
         <size>0x44</size>
         <alignment>0x4</alignment>
         <input_file_ref idref="fl-b"/>
      </object_component>
      <object_component id="oc-d1">
         <name>.text.ISR_Enable</name>
         <load_address>0x2d18</load_address>
         <readonly>true</readonly>
         <executable>true</executable>
         <run_address>0x2d18</run_address>
         <size>0x40</size>
         <alignment>0x4</alignment>
         <input_file_ref idref="fl-c"/>
      </object_component>
      <object_component id="oc-9e">
         <name>.text.__aeabi_uidivmod</name>
         <load_address>0x2d58</load_address>
         <readonly>true</readonly>
         <executable>true</executable>
         <run_address>0x2d58</run_address>
         <size>0x40</size>
         <alignment>0x4</alignment>
         <input_file_ref idref="fl-ae"/>
      </object_component>
      <object_component id="oc-d7">
         <name>.text.__extendsfdf2</name>
         <load_address>0x2d98</load_address>
         <readonly>true</readonly>
         <executable>true</executable>
         <run_address>0x2d98</run_address>
         <size>0x40</size>
         <alignment>0x4</alignment>
         <input_file_ref idref="fl-a4"/>
      </object_component>
      <object_component id="oc-f8">
         <name>.text.pid_init</name>
         <load_address>0x2dd8</load_address>
         <readonly>true</readonly>
         <executable>true</executable>
         <run_address>0x2dd8</run_address>
         <size>0x40</size>
         <alignment>0x2</alignment>
         <input_file_ref idref="fl-d"/>
      </object_component>
      <object_component id="oc-1c3">
         <name>.text.DL_GPIO_initPeripheralInputFunctionFeatures</name>
         <load_address>0x2e18</load_address>
         <readonly>true</readonly>
         <executable>true</executable>
         <run_address>0x2e18</run_address>
         <size>0x3c</size>
         <alignment>0x4</alignment>
         <input_file_ref idref="fl-2"/>
      </object_component>
      <object_component id="oc-150">
         <name>.text.SYSCFG_DL_IMU_RECEIVE_DATA_init</name>
         <load_address>0x2e54</load_address>
         <readonly>true</readonly>
         <executable>true</executable>
         <run_address>0x2e54</run_address>
         <size>0x3c</size>
         <alignment>0x4</alignment>
         <input_file_ref idref="fl-2"/>
      </object_component>
      <object_component id="oc-cb">
         <name>.text.SYSCFG_DL_init</name>
         <load_address>0x2e90</load_address>
         <readonly>true</readonly>
         <executable>true</executable>
         <run_address>0x2e90</run_address>
         <size>0x3c</size>
         <alignment>0x4</alignment>
         <input_file_ref idref="fl-2"/>
      </object_component>
      <object_component id="oc-170">
         <name>.text.__floatsisf</name>
         <load_address>0x2ecc</load_address>
         <readonly>true</readonly>
         <executable>true</executable>
         <run_address>0x2ecc</run_address>
         <size>0x3c</size>
         <alignment>0x4</alignment>
         <input_file_ref idref="fl-a7"/>
      </object_component>
      <object_component id="oc-1b5">
         <name>.text.__gtsf2</name>
         <load_address>0x2f08</load_address>
         <readonly>true</readonly>
         <executable>true</executable>
         <run_address>0x2f08</run_address>
         <size>0x3c</size>
         <alignment>0x4</alignment>
         <input_file_ref idref="fl-af"/>
      </object_component>
      <object_component id="oc-116">
         <name>.text:__TI_auto_init_nobinit_nopinit</name>
         <load_address>0x2f44</load_address>
         <readonly>true</readonly>
         <executable>true</executable>
         <run_address>0x2f44</run_address>
         <size>0x3c</size>
         <alignment>0x4</alignment>
         <input_file_ref idref="fl-2f"/>
      </object_component>
      <object_component id="oc-1b0">
         <name>.text.__eqsf2</name>
         <load_address>0x2f80</load_address>
         <readonly>true</readonly>
         <executable>true</executable>
         <run_address>0x2f80</run_address>
         <size>0x3a</size>
         <alignment>0x4</alignment>
         <input_file_ref idref="fl-af"/>
      </object_component>
      <object_component id="oc-1ab">
         <name>.text.__muldsi3</name>
         <load_address>0x2fbc</load_address>
         <readonly>true</readonly>
         <executable>true</executable>
         <run_address>0x2fbc</run_address>
         <size>0x3a</size>
         <alignment>0x4</alignment>
         <input_file_ref idref="fl-a0"/>
      </object_component>
      <object_component id="oc-13c">
         <name>.text.__fixsfsi</name>
         <load_address>0x2ff8</load_address>
         <readonly>true</readonly>
         <executable>true</executable>
         <run_address>0x2ff8</run_address>
         <size>0x38</size>
         <alignment>0x4</alignment>
         <input_file_ref idref="fl-a5"/>
      </object_component>
      <object_component id="oc-a9">
         <name>.text.gpio_set</name>
         <load_address>0x3030</load_address>
         <readonly>true</readonly>
         <executable>true</executable>
         <run_address>0x3030</run_address>
         <size>0x38</size>
         <alignment>0x2</alignment>
         <input_file_ref idref="fl-7"/>
      </object_component>
      <object_component id="oc-1c7">
         <name>.text.DL_GPIO_initDigitalInputFeatures</name>
         <load_address>0x3068</load_address>
         <readonly>true</readonly>
         <executable>true</executable>
         <run_address>0x3068</run_address>
         <size>0x34</size>
         <alignment>0x4</alignment>
         <input_file_ref idref="fl-2"/>
      </object_component>
      <object_component id="oc-14f">
         <name>.text.SYSCFG_DL_TIM_EncoderA_init</name>
         <load_address>0x309c</load_address>
         <readonly>true</readonly>
         <executable>true</executable>
         <run_address>0x309c</run_address>
         <size>0x34</size>
         <alignment>0x4</alignment>
         <input_file_ref idref="fl-2"/>
      </object_component>
      <object_component id="oc-d0">
         <name>.text.atk_ms901m_uart_init</name>
         <load_address>0x30d0</load_address>
         <readonly>true</readonly>
         <executable>true</executable>
         <run_address>0x30d0</run_address>
         <size>0x34</size>
         <alignment>0x4</alignment>
         <input_file_ref idref="fl-5"/>
      </object_component>
      <object_component id="oc-ae">
         <name>.text.__fixunssfsi</name>
         <load_address>0x3104</load_address>
         <readonly>true</readonly>
         <executable>true</executable>
         <run_address>0x3104</run_address>
         <size>0x32</size>
         <alignment>0x4</alignment>
         <input_file_ref idref="fl-a6"/>
      </object_component>
      <object_component id="oc-3a">
         <name>.text.UART0_IRQHandler</name>
         <load_address>0x3138</load_address>
         <readonly>true</readonly>
         <executable>true</executable>
         <run_address>0x3138</run_address>
         <size>0x30</size>
         <alignment>0x4</alignment>
         <input_file_ref idref="fl-5"/>
      </object_component>
      <object_component id="oc-158">
         <name>.text.__NVIC_ClearPendingIRQ</name>
         <load_address>0x3168</load_address>
         <readonly>true</readonly>
         <executable>true</executable>
         <run_address>0x3168</run_address>
         <size>0x2c</size>
         <alignment>0x4</alignment>
         <input_file_ref idref="fl-5"/>
      </object_component>
      <object_component id="oc-15a">
         <name>.text.__NVIC_ClearPendingIRQ</name>
         <load_address>0x3194</load_address>
         <readonly>true</readonly>
         <executable>true</executable>
         <run_address>0x3194</run_address>
         <size>0x2c</size>
         <alignment>0x4</alignment>
         <input_file_ref idref="fl-c"/>
      </object_component>
      <object_component id="oc-159">
         <name>.text.__NVIC_EnableIRQ</name>
         <load_address>0x31c0</load_address>
         <readonly>true</readonly>
         <executable>true</executable>
         <run_address>0x31c0</run_address>
         <size>0x2c</size>
         <alignment>0x4</alignment>
         <input_file_ref idref="fl-5"/>
      </object_component>
      <object_component id="oc-15b">
         <name>.text.__NVIC_EnableIRQ</name>
         <load_address>0x31ec</load_address>
         <readonly>true</readonly>
         <executable>true</executable>
         <run_address>0x31ec</run_address>
         <size>0x2c</size>
         <alignment>0x4</alignment>
         <input_file_ref idref="fl-c"/>
      </object_component>
      <object_component id="oc-1a9">
         <name>.text.fabs_zzk</name>
         <load_address>0x3218</load_address>
         <readonly>true</readonly>
         <executable>true</executable>
         <run_address>0x3218</run_address>
         <size>0x2c</size>
         <alignment>0x2</alignment>
         <input_file_ref idref="fl-d"/>
      </object_component>
      <object_component id="oc-14d">
         <name>.text.SYSCFG_DL_SYSCTL_init</name>
         <load_address>0x3244</load_address>
         <readonly>true</readonly>
         <executable>true</executable>
         <run_address>0x3244</run_address>
         <size>0x2a</size>
         <alignment>0x2</alignment>
         <input_file_ref idref="fl-2"/>
      </object_component>
      <object_component id="oc-210">
         <name>.text.DL_Common_updateReg</name>
         <load_address>0x326e</load_address>
         <readonly>true</readonly>
         <executable>true</executable>
         <run_address>0x326e</run_address>
         <size>0x28</size>
         <alignment>0x2</alignment>
         <input_file_ref idref="fl-2"/>
      </object_component>
      <object_component id="oc-1ec">
         <name>.text.DL_I2C_setControllerRXFIFOThreshold</name>
         <load_address>0x3298</load_address>
         <readonly>true</readonly>
         <executable>true</executable>
         <run_address>0x3298</run_address>
         <size>0x28</size>
         <alignment>0x4</alignment>
         <input_file_ref idref="fl-2"/>
      </object_component>
      <object_component id="oc-1eb">
         <name>.text.DL_I2C_setControllerTXFIFOThreshold</name>
         <load_address>0x32c0</load_address>
         <readonly>true</readonly>
         <executable>true</executable>
         <run_address>0x32c0</run_address>
         <size>0x28</size>
         <alignment>0x4</alignment>
         <input_file_ref idref="fl-2"/>
      </object_component>
      <object_component id="oc-a3">
         <name>.text.__floatunsisf</name>
         <load_address>0x32e8</load_address>
         <readonly>true</readonly>
         <executable>true</executable>
         <run_address>0x32e8</run_address>
         <size>0x28</size>
         <alignment>0x4</alignment>
         <input_file_ref idref="fl-a8"/>
      </object_component>
      <object_component id="oc-5c">
         <name>.text:_c_int00_noargs</name>
         <load_address>0x3310</load_address>
         <readonly>true</readonly>
         <executable>true</executable>
         <run_address>0x3310</run_address>
         <size>0x28</size>
         <alignment>0x4</alignment>
         <input_file_ref idref="fl-2d"/>
      </object_component>
      <object_component id="oc-1e7">
         <name>.text.DL_I2C_setAnalogGlitchFilterPulseWidth</name>
         <load_address>0x3338</load_address>
         <readonly>true</readonly>
         <executable>true</executable>
         <run_address>0x3338</run_address>
         <size>0x26</size>
         <alignment>0x2</alignment>
         <input_file_ref idref="fl-2"/>
      </object_component>
      <object_component id="oc-1e1">
         <name>.text.DL_I2C_setClockConfig</name>
         <load_address>0x335e</load_address>
         <readonly>true</readonly>
         <executable>true</executable>
         <run_address>0x335e</run_address>
         <size>0x26</size>
         <alignment>0x2</alignment>
         <input_file_ref idref="fl-1c"/>
      </object_component>
      <object_component id="oc-df">
         <name>.text.delay_ms</name>
         <load_address>0x3384</load_address>
         <readonly>true</readonly>
         <executable>true</executable>
         <run_address>0x3384</run_address>
         <size>0x22</size>
         <alignment>0x2</alignment>
         <input_file_ref idref="fl-6"/>
      </object_component>
      <object_component id="oc-1c5">
         <name>.text.DL_GPIO_initPeripheralInputFunction</name>
         <load_address>0x33a8</load_address>
         <readonly>true</readonly>
         <executable>true</executable>
         <run_address>0x33a8</run_address>
         <size>0x20</size>
         <alignment>0x4</alignment>
         <input_file_ref idref="fl-2"/>
      </object_component>
      <object_component id="oc-6b">
         <name>.text.DL_UART_receiveDataBlocking</name>
         <load_address>0x33c8</load_address>
         <readonly>true</readonly>
         <executable>true</executable>
         <run_address>0x33c8</run_address>
         <size>0x20</size>
         <alignment>0x4</alignment>
         <input_file_ref idref="fl-1e"/>
      </object_component>
      <object_component id="oc-143">
         <name>.text.DL_UART_transmitDataBlocking</name>
         <load_address>0x33e8</load_address>
         <readonly>true</readonly>
         <executable>true</executable>
         <run_address>0x33e8</run_address>
         <size>0x20</size>
         <alignment>0x4</alignment>
         <input_file_ref idref="fl-1e"/>
      </object_component>
      <object_component id="oc-1f2">
         <name>.text.DL_UART_setOversampling</name>
         <load_address>0x3408</load_address>
         <readonly>true</readonly>
         <executable>true</executable>
         <run_address>0x3408</run_address>
         <size>0x1e</size>
         <alignment>0x2</alignment>
         <input_file_ref idref="fl-2"/>
      </object_component>
      <object_component id="oc-65">
         <name>.text.DL_GPIO_clearInterruptStatus</name>
         <load_address>0x3428</load_address>
         <readonly>true</readonly>
         <executable>true</executable>
         <run_address>0x3428</run_address>
         <size>0x1c</size>
         <alignment>0x4</alignment>
         <input_file_ref idref="fl-c"/>
      </object_component>
      <object_component id="oc-1c4">
         <name>.text.DL_GPIO_enableHiZ</name>
         <load_address>0x3444</load_address>
         <readonly>true</readonly>
         <executable>true</executable>
         <run_address>0x3444</run_address>
         <size>0x1c</size>
         <alignment>0x4</alignment>
         <input_file_ref idref="fl-2"/>
      </object_component>
      <object_component id="oc-1c8">
         <name>.text.DL_GPIO_initDigitalInput</name>
         <load_address>0x3460</load_address>
         <readonly>true</readonly>
         <executable>true</executable>
         <run_address>0x3460</run_address>
         <size>0x1c</size>
         <alignment>0x4</alignment>
         <input_file_ref idref="fl-2"/>
      </object_component>
      <object_component id="oc-1c1">
         <name>.text.DL_GPIO_initPeripheralOutputFunction</name>
         <load_address>0x347c</load_address>
         <readonly>true</readonly>
         <executable>true</executable>
         <run_address>0x347c</run_address>
         <size>0x1c</size>
         <alignment>0x4</alignment>
         <input_file_ref idref="fl-2"/>
      </object_component>
      <object_component id="oc-1ca">
         <name>.text.DL_GPIO_setLowerPinsPolarity</name>
         <load_address>0x3498</load_address>
         <readonly>true</readonly>
         <executable>true</executable>
         <run_address>0x3498</run_address>
         <size>0x1c</size>
         <alignment>0x4</alignment>
         <input_file_ref idref="fl-2"/>
      </object_component>
      <object_component id="oc-1d1">
         <name>.text.DL_SYSCTL_setMCLKDivider</name>
         <load_address>0x34b4</load_address>
         <readonly>true</readonly>
         <executable>true</executable>
         <run_address>0x34b4</run_address>
         <size>0x1c</size>
         <alignment>0x4</alignment>
         <input_file_ref idref="fl-2"/>
      </object_component>
      <object_component id="oc-1cd">
         <name>.text.DL_SYSCTL_setSYSOSCFreq</name>
         <load_address>0x34d0</load_address>
         <readonly>true</readonly>
         <executable>true</executable>
         <run_address>0x34d0</run_address>
         <size>0x1c</size>
         <alignment>0x4</alignment>
         <input_file_ref idref="fl-2"/>
      </object_component>
      <object_component id="oc-1d0">
         <name>.text.DL_SYSCTL_setULPCLKDivider</name>
         <load_address>0x34ec</load_address>
         <readonly>true</readonly>
         <executable>true</executable>
         <run_address>0x34ec</run_address>
         <size>0x1c</size>
         <alignment>0x4</alignment>
         <input_file_ref idref="fl-2"/>
      </object_component>
      <object_component id="oc-1db">
         <name>.text.DL_Timer_enableInterrupt</name>
         <load_address>0x3508</load_address>
         <readonly>true</readonly>
         <executable>true</executable>
         <run_address>0x3508</run_address>
         <size>0x1c</size>
         <alignment>0x4</alignment>
         <input_file_ref idref="fl-2"/>
      </object_component>
      <object_component id="oc-1d5">
         <name>.text.DL_Timer_setCaptCompUpdateMethod</name>
         <load_address>0x3524</load_address>
         <readonly>true</readonly>
         <executable>true</executable>
         <run_address>0x3524</run_address>
         <size>0x1c</size>
         <alignment>0x4</alignment>
         <input_file_ref idref="fl-1d"/>
      </object_component>
      <object_component id="oc-1d2">
         <name>.text.DL_Timer_setClockConfig</name>
         <load_address>0x3540</load_address>
         <readonly>true</readonly>
         <executable>true</executable>
         <run_address>0x3540</run_address>
         <size>0x1c</size>
         <alignment>0x4</alignment>
         <input_file_ref idref="fl-1d"/>
      </object_component>
      <object_component id="oc-1f4">
         <name>.text.DL_UART_enableInterrupt</name>
         <load_address>0x355c</load_address>
         <readonly>true</readonly>
         <executable>true</executable>
         <run_address>0x355c</run_address>
         <size>0x1c</size>
         <alignment>0x4</alignment>
         <input_file_ref idref="fl-2"/>
      </object_component>
      <object_component id="oc-1c2">
         <name>.text.DL_GPIO_enableOutput</name>
         <load_address>0x3578</load_address>
         <readonly>true</readonly>
         <executable>true</executable>
         <run_address>0x3578</run_address>
         <size>0x18</size>
         <alignment>0x4</alignment>
         <input_file_ref idref="fl-2"/>
      </object_component>
      <object_component id="oc-1bd">
         <name>.text.DL_GPIO_enablePower</name>
         <load_address>0x3590</load_address>
         <readonly>true</readonly>
         <executable>true</executable>
         <run_address>0x3590</run_address>
         <size>0x18</size>
         <alignment>0x4</alignment>
         <input_file_ref idref="fl-2"/>
      </object_component>
      <object_component id="oc-63">
         <name>.text.DL_GPIO_getEnabledInterruptStatus</name>
         <load_address>0x35a8</load_address>
         <readonly>true</readonly>
         <executable>true</executable>
         <run_address>0x35a8</run_address>
         <size>0x18</size>
         <alignment>0x4</alignment>
         <input_file_ref idref="fl-c"/>
      </object_component>
      <object_component id="oc-1c6">
         <name>.text.DL_GPIO_initDigitalOutput</name>
         <load_address>0x35c0</load_address>
         <readonly>true</readonly>
         <executable>true</executable>
         <run_address>0x35c0</run_address>
         <size>0x18</size>
         <alignment>0x4</alignment>
         <input_file_ref idref="fl-2"/>
      </object_component>
      <object_component id="oc-1b9">
         <name>.text.DL_GPIO_reset</name>
         <load_address>0x35d8</load_address>
         <readonly>true</readonly>
         <executable>true</executable>
         <run_address>0x35d8</run_address>
         <size>0x18</size>
         <alignment>0x4</alignment>
         <input_file_ref idref="fl-2"/>
      </object_component>
      <object_component id="oc-18c">
         <name>.text.DL_GPIO_setPins</name>
         <load_address>0x35f0</load_address>
         <readonly>true</readonly>
         <executable>true</executable>
         <run_address>0x35f0</run_address>
         <size>0x18</size>
         <alignment>0x4</alignment>
         <input_file_ref idref="fl-b"/>
      </object_component>
      <object_component id="oc-e4">
         <name>.text.DL_GPIO_setPins</name>
         <load_address>0x3608</load_address>
         <readonly>true</readonly>
         <executable>true</executable>
         <run_address>0x3608</run_address>
         <size>0x18</size>
         <alignment>0x4</alignment>
         <input_file_ref idref="fl-1"/>
      </object_component>
      <object_component id="oc-138">
         <name>.text.DL_GPIO_setPins</name>
         <load_address>0x3620</load_address>
         <readonly>true</readonly>
         <executable>true</executable>
         <run_address>0x3620</run_address>
         <size>0x18</size>
         <alignment>0x4</alignment>
         <input_file_ref idref="fl-7"/>
      </object_component>
      <object_component id="oc-15d">
         <name>.text.DL_GPIO_setPins</name>
         <load_address>0x3638</load_address>
         <readonly>true</readonly>
         <executable>true</executable>
         <run_address>0x3638</run_address>
         <size>0x18</size>
         <alignment>0x4</alignment>
         <input_file_ref idref="fl-9"/>
      </object_component>
      <object_component id="oc-1cb">
         <name>.text.DL_GPIO_setUpperPinsPolarity</name>
         <load_address>0x3650</load_address>
         <readonly>true</readonly>
         <executable>true</executable>
         <run_address>0x3650</run_address>
         <size>0x18</size>
         <alignment>0x2</alignment>
         <input_file_ref idref="fl-2"/>
      </object_component>
      <object_component id="oc-1e8">
         <name>.text.DL_I2C_enableAnalogGlitchFilter</name>
         <load_address>0x3668</load_address>
         <readonly>true</readonly>
         <executable>true</executable>
         <run_address>0x3668</run_address>
         <size>0x18</size>
         <alignment>0x2</alignment>
         <input_file_ref idref="fl-2"/>
      </object_component>
      <object_component id="oc-1ee">
         <name>.text.DL_I2C_enableController</name>
         <load_address>0x3680</load_address>
         <readonly>true</readonly>
         <executable>true</executable>
         <run_address>0x3680</run_address>
         <size>0x18</size>
         <alignment>0x4</alignment>
         <input_file_ref idref="fl-2"/>
      </object_component>
      <object_component id="oc-1ed">
         <name>.text.DL_I2C_enableControllerClockStretching</name>
         <load_address>0x3698</load_address>
         <readonly>true</readonly>
         <executable>true</executable>
         <run_address>0x3698</run_address>
         <size>0x18</size>
         <alignment>0x4</alignment>
         <input_file_ref idref="fl-2"/>
      </object_component>
      <object_component id="oc-1bf">
         <name>.text.DL_I2C_enablePower</name>
         <load_address>0x36b0</load_address>
         <readonly>true</readonly>
         <executable>true</executable>
         <run_address>0x36b0</run_address>
         <size>0x18</size>
         <alignment>0x4</alignment>
         <input_file_ref idref="fl-2"/>
      </object_component>
      <object_component id="oc-1bb">
         <name>.text.DL_I2C_reset</name>
         <load_address>0x36c8</load_address>
         <readonly>true</readonly>
         <executable>true</executable>
         <run_address>0x36c8</run_address>
         <size>0x18</size>
         <alignment>0x4</alignment>
         <input_file_ref idref="fl-2"/>
      </object_component>
      <object_component id="oc-1ea">
         <name>.text.DL_I2C_setTimerPeriod</name>
         <load_address>0x36e0</load_address>
         <readonly>true</readonly>
         <executable>true</executable>
         <run_address>0x36e0</run_address>
         <size>0x18</size>
         <alignment>0x4</alignment>
         <input_file_ref idref="fl-2"/>
      </object_component>
      <object_component id="oc-1cc">
         <name>.text.DL_SYSCTL_setBORThreshold</name>
         <load_address>0x36f8</load_address>
         <readonly>true</readonly>
         <executable>true</executable>
         <run_address>0x36f8</run_address>
         <size>0x18</size>
         <alignment>0x4</alignment>
         <input_file_ref idref="fl-2"/>
      </object_component>
      <object_component id="oc-1be">
         <name>.text.DL_Timer_enablePower</name>
         <load_address>0x3710</load_address>
         <readonly>true</readonly>
         <executable>true</executable>
         <run_address>0x3710</run_address>
         <size>0x18</size>
         <alignment>0x4</alignment>
         <input_file_ref idref="fl-2"/>
      </object_component>
      <object_component id="oc-1ba">
         <name>.text.DL_Timer_reset</name>
         <load_address>0x3728</load_address>
         <readonly>true</readonly>
         <executable>true</executable>
         <run_address>0x3728</run_address>
         <size>0x18</size>
         <alignment>0x4</alignment>
         <input_file_ref idref="fl-2"/>
      </object_component>
      <object_component id="oc-1d4">
         <name>.text.DL_Timer_setCaptureCompareOutCtl</name>
         <load_address>0x3740</load_address>
         <readonly>true</readonly>
         <executable>true</executable>
         <run_address>0x3740</run_address>
         <size>0x18</size>
         <alignment>0x4</alignment>
         <input_file_ref idref="fl-1d"/>
      </object_component>
      <object_component id="oc-15c">
         <name>.text.DL_Timer_startCounter</name>
         <load_address>0x3758</load_address>
         <readonly>true</readonly>
         <executable>true</executable>
         <run_address>0x3758</run_address>
         <size>0x18</size>
         <alignment>0x4</alignment>
         <input_file_ref idref="fl-c"/>
      </object_component>
      <object_component id="oc-1c0">
         <name>.text.DL_UART_enablePower</name>
         <load_address>0x3770</load_address>
         <readonly>true</readonly>
         <executable>true</executable>
         <run_address>0x3770</run_address>
         <size>0x18</size>
         <alignment>0x4</alignment>
         <input_file_ref idref="fl-2"/>
      </object_component>
      <object_component id="oc-1bc">
         <name>.text.DL_UART_reset</name>
         <load_address>0x3788</load_address>
         <readonly>true</readonly>
         <executable>true</executable>
         <run_address>0x3788</run_address>
         <size>0x18</size>
         <alignment>0x4</alignment>
         <input_file_ref idref="fl-2"/>
      </object_component>
      <object_component id="oc-f7">
         <name>.text.DL_GPIO_readPins</name>
         <load_address>0x37a0</load_address>
         <readonly>true</readonly>
         <executable>true</executable>
         <run_address>0x37a0</run_address>
         <size>0x16</size>
         <alignment>0x2</alignment>
         <input_file_ref idref="fl-1"/>
      </object_component>
      <object_component id="oc-204">
         <name>.text.DL_GPIO_readPins</name>
         <load_address>0x37b6</load_address>
         <readonly>true</readonly>
         <executable>true</executable>
         <run_address>0x37b6</run_address>
         <size>0x16</size>
         <alignment>0x2</alignment>
         <input_file_ref idref="fl-8"/>
      </object_component>
      <object_component id="oc-64">
         <name>.text.DL_GPIO_readPins</name>
         <load_address>0x37cc</load_address>
         <readonly>true</readonly>
         <executable>true</executable>
         <run_address>0x37cc</run_address>
         <size>0x16</size>
         <alignment>0x2</alignment>
         <input_file_ref idref="fl-c"/>
      </object_component>
      <object_component id="oc-1f5">
         <name>.text.DL_UART_enable</name>
         <load_address>0x37e2</load_address>
         <readonly>true</readonly>
         <executable>true</executable>
         <run_address>0x37e2</run_address>
         <size>0x16</size>
         <alignment>0x2</alignment>
         <input_file_ref idref="fl-2"/>
      </object_component>
      <object_component id="oc-f6">
         <name>.text.DL_GPIO_clearPins</name>
         <load_address>0x37f8</load_address>
         <readonly>true</readonly>
         <executable>true</executable>
         <run_address>0x37f8</run_address>
         <size>0x14</size>
         <alignment>0x2</alignment>
         <input_file_ref idref="fl-1"/>
      </object_component>
      <object_component id="oc-139">
         <name>.text.DL_GPIO_clearPins</name>
         <load_address>0x380c</load_address>
         <readonly>true</readonly>
         <executable>true</executable>
         <run_address>0x380c</run_address>
         <size>0x14</size>
         <alignment>0x2</alignment>
         <input_file_ref idref="fl-7"/>
      </object_component>
      <object_component id="oc-75">
         <name>.text.DL_GPIO_clearPins</name>
         <load_address>0x3820</load_address>
         <readonly>true</readonly>
         <executable>true</executable>
         <run_address>0x3820</run_address>
         <size>0x14</size>
         <alignment>0x2</alignment>
         <input_file_ref idref="fl-c"/>
      </object_component>
      <object_component id="oc-18b">
         <name>.text.DL_GPIO_clearPins</name>
         <load_address>0x3834</load_address>
         <readonly>true</readonly>
         <executable>true</executable>
         <run_address>0x3834</run_address>
         <size>0x14</size>
         <alignment>0x2</alignment>
         <input_file_ref idref="fl-9"/>
      </object_component>
      <object_component id="oc-1c9">
         <name>.text.DL_GPIO_clearPins</name>
         <load_address>0x3848</load_address>
         <readonly>true</readonly>
         <executable>true</executable>
         <run_address>0x3848</run_address>
         <size>0x14</size>
         <alignment>0x2</alignment>
         <input_file_ref idref="fl-2"/>
      </object_component>
      <object_component id="oc-1e9">
         <name>.text.DL_I2C_resetControllerTransfer</name>
         <load_address>0x385c</load_address>
         <readonly>true</readonly>
         <executable>true</executable>
         <run_address>0x385c</run_address>
         <size>0x14</size>
         <alignment>0x4</alignment>
         <input_file_ref idref="fl-2"/>
      </object_component>
      <object_component id="oc-1cf">
         <name>.text.DL_SYSCTL_disableSYSPLL</name>
         <load_address>0x3870</load_address>
         <readonly>true</readonly>
         <executable>true</executable>
         <run_address>0x3870</run_address>
         <size>0x14</size>
         <alignment>0x4</alignment>
         <input_file_ref idref="fl-2"/>
      </object_component>
      <object_component id="oc-1d6">
         <name>.text.DL_Timer_enableClock</name>
         <load_address>0x3884</load_address>
         <readonly>true</readonly>
         <executable>true</executable>
         <run_address>0x3884</run_address>
         <size>0x14</size>
         <alignment>0x4</alignment>
         <input_file_ref idref="fl-2"/>
      </object_component>
      <object_component id="oc-1d7">
         <name>.text.DL_Timer_setCCPDirection</name>
         <load_address>0x3898</load_address>
         <readonly>true</readonly>
         <executable>true</executable>
         <run_address>0x3898</run_address>
         <size>0x14</size>
         <alignment>0x2</alignment>
         <input_file_ref idref="fl-2"/>
      </object_component>
      <object_component id="oc-ff">
         <name>.text.motor_off</name>
         <load_address>0x38ac</load_address>
         <readonly>true</readonly>
         <executable>true</executable>
         <run_address>0x38ac</run_address>
         <size>0x14</size>
         <alignment>0x4</alignment>
         <input_file_ref idref="fl-9"/>
      </object_component>
      <object_component id="oc-d2">
         <name>.text.motor_on</name>
         <load_address>0x38c0</load_address>
         <readonly>true</readonly>
         <executable>true</executable>
         <run_address>0x38c0</run_address>
         <size>0x14</size>
         <alignment>0x4</alignment>
         <input_file_ref idref="fl-9"/>
      </object_component>
      <object_component id="oc-74">
         <name>.text.DL_Timer_getPendingInterrupt</name>
         <load_address>0x38d4</load_address>
         <readonly>true</readonly>
         <executable>true</executable>
         <run_address>0x38d4</run_address>
         <size>0x12</size>
         <alignment>0x2</alignment>
         <input_file_ref idref="fl-c"/>
      </object_component>
      <object_component id="oc-6a">
         <name>.text.DL_UART_getPendingInterrupt</name>
         <load_address>0x38e6</load_address>
         <readonly>true</readonly>
         <executable>true</executable>
         <run_address>0x38e6</run_address>
         <size>0x12</size>
         <alignment>0x2</alignment>
         <input_file_ref idref="fl-5"/>
      </object_component>
      <object_component id="oc-1f0">
         <name>.text.DL_UART_setClockConfig</name>
         <load_address>0x38f8</load_address>
         <readonly>true</readonly>
         <executable>true</executable>
         <run_address>0x38f8</run_address>
         <size>0x12</size>
         <alignment>0x2</alignment>
         <input_file_ref idref="fl-1e"/>
      </object_component>
      <object_component id="oc-c1">
         <name>.text:TI_memcpy_small</name>
         <load_address>0x390a</load_address>
         <readonly>true</readonly>
         <executable>true</executable>
         <run_address>0x390a</run_address>
         <size>0x12</size>
         <alignment>0x1</alignment>
         <input_file_ref idref="fl-b2"/>
      </object_component>
      <object_component id="oc-20">
         <name>.text:decompress:none</name>
         <load_address>0x391c</load_address>
         <readonly>true</readonly>
         <executable>true</executable>
         <run_address>0x391c</run_address>
         <size>0x12</size>
         <alignment>0x2</alignment>
         <input_file_ref idref="fl-33"/>
      </object_component>
      <object_component id="oc-1ce">
         <name>.text.DL_SYSCTL_disableHFXT</name>
         <load_address>0x3930</load_address>
         <readonly>true</readonly>
         <executable>true</executable>
         <run_address>0x3930</run_address>
         <size>0x10</size>
         <alignment>0x4</alignment>
         <input_file_ref idref="fl-2"/>
      </object_component>
      <object_component id="oc-b2">
         <name>.text.DL_Timer_setCaptureCompareValue</name>
         <load_address>0x3940</load_address>
         <readonly>true</readonly>
         <executable>true</executable>
         <run_address>0x3940</run_address>
         <size>0x10</size>
         <alignment>0x4</alignment>
         <input_file_ref idref="fl-1d"/>
      </object_component>
      <object_component id="oc-59">
         <name>.text:decompress:ZI</name>
         <load_address>0x3950</load_address>
         <readonly>true</readonly>
         <executable>true</executable>
         <run_address>0x3950</run_address>
         <size>0x10</size>
         <alignment>0x2</alignment>
         <input_file_ref idref="fl-32"/>
      </object_component>
      <object_component id="oc-145">
         <name>.text:TI_memset_small</name>
         <load_address>0x3960</load_address>
         <readonly>true</readonly>
         <executable>true</executable>
         <run_address>0x3960</run_address>
         <size>0xe</size>
         <alignment>0x1</alignment>
         <input_file_ref idref="fl-b3"/>
      </object_component>
      <object_component id="oc-85">
         <name>.text.__aeabi_memclr</name>
         <load_address>0x3970</load_address>
         <readonly>true</readonly>
         <executable>true</executable>
         <run_address>0x3970</run_address>
         <size>0xc</size>
         <alignment>0x4</alignment>
         <input_file_ref idref="fl-ad"/>
      </object_component>
      <object_component id="oc-169">
         <name>.text.DL_Common_delayCycles</name>
         <load_address>0x397c</load_address>
         <readonly>true</readonly>
         <executable>true</executable>
         <run_address>0x397c</run_address>
         <size>0xa</size>
         <alignment>0x2</alignment>
         <input_file_ref idref="fl-1b"/>
      </object_component>
      <object_component id="oc-4c">
         <name>.text.__aeabi_memcpy</name>
         <load_address>0x3988</load_address>
         <readonly>true</readonly>
         <executable>true</executable>
         <run_address>0x3988</run_address>
         <size>0x8</size>
         <alignment>0x4</alignment>
         <input_file_ref idref="fl-ac"/>
      </object_component>
      <object_component id="oc-33">
         <name>.text.Default_Handler</name>
         <load_address>0x3990</load_address>
         <readonly>true</readonly>
         <executable>true</executable>
         <run_address>0x3990</run_address>
         <size>0x4</size>
         <alignment>0x2</alignment>
         <input_file_ref idref="fl-3"/>
      </object_component>
      <object_component id="oc-2f">
         <name>.text.Reset_Handler</name>
         <load_address>0x3994</load_address>
         <readonly>true</readonly>
         <executable>true</executable>
         <run_address>0x3994</run_address>
         <size>0x4</size>
         <alignment>0x2</alignment>
         <input_file_ref idref="fl-3"/>
      </object_component>
      <object_component id="oc-8a">
         <name>.text._system_pre_init</name>
         <load_address>0x3998</load_address>
         <readonly>true</readonly>
         <executable>true</executable>
         <run_address>0x3998</run_address>
         <size>0x4</size>
         <alignment>0x2</alignment>
         <input_file_ref idref="fl-30"/>
      </object_component>
      <object_component id="oc-10f">
         <name>.text:abort</name>
         <load_address>0x399c</load_address>
         <readonly>true</readonly>
         <executable>true</executable>
         <run_address>0x399c</run_address>
         <size>0x4</size>
         <alignment>0x2</alignment>
         <input_file_ref idref="fl-35"/>
      </object_component>
      <object_component id="oc-254">
         <name>.cinit..data.load</name>
         <load_address>0x39f8</load_address>
         <readonly>true</readonly>
         <run_address>0x39f8</run_address>
         <size>0xc</size>
         <alignment>0x1</alignment>
      </object_component>
      <object_component id="oc-252">
         <name>__TI_handler_table</name>
         <load_address>0x3a04</load_address>
         <readonly>true</readonly>
         <run_address>0x3a04</run_address>
         <size>0xc</size>
         <alignment>0x4</alignment>
      </object_component>
      <object_component id="oc-255">
         <name>.cinit..bss.load</name>
         <load_address>0x3a10</load_address>
         <readonly>true</readonly>
         <run_address>0x3a10</run_address>
         <size>0x8</size>
         <alignment>0x4</alignment>
      </object_component>
      <object_component id="oc-253">
         <name>__TI_cinit_table</name>
         <load_address>0x3a18</load_address>
         <readonly>true</readonly>
         <run_address>0x3a18</run_address>
         <size>0x10</size>
         <alignment>0x4</alignment>
      </object_component>
      <object_component id="oc-1e0">
         <name>.rodata.gIMU_RECEIVE_DATATimerConfig</name>
         <load_address>0x39a0</load_address>
         <readonly>true</readonly>
         <run_address>0x39a0</run_address>
         <size>0x14</size>
         <alignment>0x4</alignment>
         <input_file_ref idref="fl-2"/>
      </object_component>
      <object_component id="oc-1dd">
         <name>.rodata.gTIM_EncoderATimerConfig</name>
         <load_address>0x39b4</load_address>
         <readonly>true</readonly>
         <run_address>0x39b4</run_address>
         <size>0x14</size>
         <alignment>0x4</alignment>
         <input_file_ref idref="fl-2"/>
      </object_component>
      <object_component id="oc-1f9">
         <name>.rodata.gIMUConfig</name>
         <load_address>0x39c8</load_address>
         <readonly>true</readonly>
         <run_address>0x39c8</run_address>
         <size>0xa</size>
         <alignment>0x2</alignment>
         <input_file_ref idref="fl-2"/>
      </object_component>
      <object_component id="oc-1f7">
         <name>.rodata.gUART_0Config</name>
         <load_address>0x39d2</load_address>
         <readonly>true</readonly>
         <run_address>0x39d2</run_address>
         <size>0xa</size>
         <alignment>0x2</alignment>
         <input_file_ref idref="fl-2"/>
      </object_component>
      <object_component id="oc-1d9">
         <name>.rodata.gmotorABConfig</name>
         <load_address>0x39dc</load_address>
         <readonly>true</readonly>
         <run_address>0x39dc</run_address>
         <size>0x8</size>
         <alignment>0x4</alignment>
         <input_file_ref idref="fl-2"/>
      </object_component>
      <object_component id="oc-1df">
         <name>.rodata.gIMU_RECEIVE_DATAClockConfig</name>
         <load_address>0x39e4</load_address>
         <readonly>true</readonly>
         <run_address>0x39e4</run_address>
         <size>0x3</size>
         <alignment>0x1</alignment>
         <input_file_ref idref="fl-2"/>
      </object_component>
      <object_component id="oc-1dc">
         <name>.rodata.gTIM_EncoderAClockConfig</name>
         <load_address>0x39e7</load_address>
         <readonly>true</readonly>
         <run_address>0x39e7</run_address>
         <size>0x3</size>
         <alignment>0x1</alignment>
         <input_file_ref idref="fl-2"/>
      </object_component>
      <object_component id="oc-1d8">
         <name>.rodata.gmotorABClockConfig</name>
         <load_address>0x39ea</load_address>
         <readonly>true</readonly>
         <run_address>0x39ea</run_address>
         <size>0x3</size>
         <alignment>0x1</alignment>
         <input_file_ref idref="fl-2"/>
      </object_component>
      <object_component id="oc-1f8">
         <name>.rodata.gIMUClockConfig</name>
         <load_address>0x39ed</load_address>
         <readonly>true</readonly>
         <run_address>0x39ed</run_address>
         <size>0x2</size>
         <alignment>0x1</alignment>
         <input_file_ref idref="fl-2"/>
      </object_component>
      <object_component id="oc-1ef">
         <name>.rodata.gOLEDClockConfig</name>
         <load_address>0x39ef</load_address>
         <readonly>true</readonly>
         <run_address>0x39ef</run_address>
         <size>0x2</size>
         <alignment>0x1</alignment>
         <input_file_ref idref="fl-2"/>
      </object_component>
      <object_component id="oc-1f6">
         <name>.rodata.gUART_0ClockConfig</name>
         <load_address>0x39f1</load_address>
         <readonly>true</readonly>
         <run_address>0x39f1</run_address>
         <size>0x2</size>
         <alignment>0x1</alignment>
         <input_file_ref idref="fl-2"/>
      </object_component>
      <object_component id="oc-21c">
         <name>.binit</name>
         <load_address>0x0</load_address>
         <readonly>true</readonly>
         <run_address>0x0</run_address>
         <size>0x0</size>
         <alignment>0x4</alignment>
      </object_component>
      <object_component id="oc-106">
         <name>.data.TASK</name>
         <load_address>0x20200459</load_address>
         <readwrite>true</readwrite>
         <run_address>0x20200459</run_address>
         <size>0x1</size>
         <alignment>0x1</alignment>
         <input_file_ref idref="fl-1"/>
      </object_component>
      <object_component id="oc-107">
         <name>.data.workstep</name>
         <load_address>0x20200460</load_address>
         <readwrite>true</readwrite>
         <run_address>0x20200460</run_address>
         <size>0x1</size>
         <alignment>0x1</alignment>
         <input_file_ref idref="fl-1"/>
      </object_component>
      <object_component id="oc-102">
         <name>.data.First_flag</name>
         <load_address>0x2020044e</load_address>
         <readwrite>true</readwrite>
         <run_address>0x2020044e</run_address>
         <size>0x1</size>
         <alignment>0x1</alignment>
         <input_file_ref idref="fl-1"/>
      </object_component>
      <object_component id="oc-7f">
         <name>.data.pid_mode</name>
         <load_address>0x2020045c</load_address>
         <readwrite>true</readwrite>
         <run_address>0x2020045c</run_address>
         <size>0x1</size>
         <alignment>0x1</alignment>
         <input_file_ref idref="fl-1"/>
      </object_component>
      <object_component id="oc-108">
         <name>.data.basespeed</name>
         <load_address>0x20200444</load_address>
         <readwrite>true</readwrite>
         <run_address>0x20200444</run_address>
         <size>0x4</size>
         <alignment>0x4</alignment>
         <input_file_ref idref="fl-1"/>
      </object_component>
      <object_component id="oc-10b">
         <name>.data.angle_record</name>
         <load_address>0x2020043c</load_address>
         <readwrite>true</readwrite>
         <run_address>0x2020043c</run_address>
         <size>0x4</size>
         <alignment>0x4</alignment>
         <input_file_ref idref="fl-1"/>
      </object_component>
      <object_component id="oc-10c">
         <name>.data.task4_jishu</name>
         <load_address>0x2020045f</load_address>
         <readwrite>true</readwrite>
         <run_address>0x2020045f</run_address>
         <size>0x1</size>
         <alignment>0x1</alignment>
         <input_file_ref idref="fl-1"/>
      </object_component>
      <object_component id="oc-10e">
         <name>.data.angle_record_3</name>
         <load_address>0x20200440</load_address>
         <readwrite>true</readwrite>
         <run_address>0x20200440</run_address>
         <size>0x4</size>
         <alignment>0x4</alignment>
         <input_file_ref idref="fl-1"/>
      </object_component>
      <object_component id="oc-18d">
         <name>.data.L4</name>
         <load_address>0x20200452</load_address>
         <readwrite>true</readwrite>
         <run_address>0x20200452</run_address>
         <size>0x1</size>
         <alignment>0x1</alignment>
         <input_file_ref idref="fl-8"/>
      </object_component>
      <object_component id="oc-18e">
         <name>.data.L3</name>
         <load_address>0x20200451</load_address>
         <readwrite>true</readwrite>
[...]
         <value>0x20200448</value>
         <object_component_ref idref="oc-196"/>
      </symbol>
      <symbol id="sm-1f9">
         <name>baisei_time_task2</name>
         <value>0x2020044a</value>
         <object_component_ref idref="oc-197"/>
      </symbol>
      <symbol id="sm-1fa">
         <name>Line_flag_task2</name>
         <value>0x20200454</value>
         <object_component_ref idref="oc-10d"/>
      </symbol>
      <symbol id="sm-1fb">
         <name>Trace_task_3</name>
         <value>0x751</value>
         <object_component_ref idref="oc-105"/>
      </symbol>
      <symbol id="sm-1fc">
         <name>shengguang</name>
         <value>0x2cd5</value>
         <object_component_ref idref="oc-100"/>
      </symbol>
      <symbol id="sm-1fd">
         <name>duanlu</name>
         <value>0x19a9</value>
         <object_component_ref idref="oc-f9"/>
      </symbol>
      <symbol id="sm-22f">
         <name>ISR_Enable</name>
         <value>0x2d19</value>
         <object_component_ref idref="oc-d1"/>
      </symbol>
      <symbol id="sm-230">
         <name>UART1_IRQHandler</name>
         <value>0x1693</value>
         <object_component_ref idref="oc-39"/>
      </symbol>
      <symbol id="sm-231">
         <name>TIMA1_IRQHandler</name>
         <value>0x2ab1</value>
         <object_component_ref idref="oc-40"/>
      </symbol>
      <symbol id="sm-232">
         <name>Left_Count</name>
         <value>0x2020042c</value>
         <object_component_ref idref="oc-66"/>
      </symbol>
      <symbol id="sm-233">
         <name>Speed_Left_now</name>
         <value>0x20200434</value>
         <object_component_ref idref="oc-7d"/>
      </symbol>
      <symbol id="sm-234">
         <name>Right_Count</name>
         <value>0x20200430</value>
         <object_component_ref idref="oc-67"/>
      </symbol>
      <symbol id="sm-235">
         <name>Speed_Right_now</name>
         <value>0x20200438</value>
         <object_component_ref idref="oc-7e"/>
      </symbol>
      <symbol id="sm-236">
         <name>TIMA0_IRQHandler</name>
         <value>0x276d</value>
         <object_component_ref idref="oc-3f"/>
      </symbol>
      <symbol id="sm-237">
         <name>shengguang_flag</name>
         <value>0x2020045d</value>
         <object_component_ref idref="oc-76"/>
      </symbol>
      <symbol id="sm-238">
         <name>shengguang_time</name>
         <value>0x2020045e</value>
         <object_component_ref idref="oc-77"/>
      </symbol>
      <symbol id="sm-239">
         <name>GROUP1_IRQHandler</name>
         <value>0x2445</value>
         <object_component_ref idref="oc-34"/>
      </symbol>
      <symbol id="sm-254">
         <name>motorA_dir</name>
         <value>0x2020045a</value>
         <object_component_ref idref="oc-bb"/>
      </symbol>
      <symbol id="sm-255">
         <name>motorA</name>
         <value>0x202003b4</value>
      </symbol>
      <symbol id="sm-256">
         <name>motorB_dir</name>
         <value>0x2020045b</value>
         <object_component_ref idref="oc-bc"/>
      </symbol>
      <symbol id="sm-257">
         <name>motorB</name>
         <value>0x202003e8</value>
      </symbol>
      <symbol id="sm-258">
         <name>pid_control</name>
         <value>0x1d21</value>
         <object_component_ref idref="oc-78"/>
      </symbol>
      <symbol id="sm-259">
         <name>pid_cal</name>
         <value>0x1af9</value>
         <object_component_ref idref="oc-a7"/>
      </symbol>
      <symbol id="sm-25a">
         <name>pidout_limit</name>
         <value>0x2c91</value>
         <object_component_ref idref="oc-a8"/>
      </symbol>
      <symbol id="sm-25b">
         <name>datavision_send</name>
         <value>0x2b09</value>
         <object_component_ref idref="oc-b8"/>
      </symbol>
      <symbol id="sm-25c">
         <name>Yaw_error_zzk</name>
         <value>0x1695</value>
         <object_component_ref idref="oc-12f"/>
      </symbol>
      <symbol id="sm-25d">
         <name>fabs_zzk</name>
         <value>0x3219</value>
         <object_component_ref idref="oc-1a9"/>
      </symbol>
      <symbol id="sm-25e">
         <name>pid_init</name>
         <value>0x2dd9</value>
         <object_component_ref idref="oc-f8"/>
      </symbol>
      <symbol id="sm-25f">
         <name>angle</name>
         <value>0x20200380</value>
      </symbol>
      <symbol id="sm-260">
         <name>attitude_dat</name>
         <value>0x2020041c</value>
      </symbol>
      <symbol id="sm-261">
         <name>__TI_ATRegion0_src_addr</name>
         <value>0x0</value>
      </symbol>
      <symbol id="sm-262">
         <name>__TI_ATRegion0_trg_addr</name>
         <value>0x0</value>
      </symbol>
      <symbol id="sm-263">
         <name>__TI_ATRegion0_region_sz</name>
         <value>0x0</value>
      </symbol>
      <symbol id="sm-264">
         <name>__TI_ATRegion1_src_addr</name>
         <value>0x0</value>
      </symbol>
      <symbol id="sm-265">
         <name>__TI_ATRegion1_trg_addr</name>
         <value>0x0</value>
      </symbol>
      <symbol id="sm-266">
         <name>__TI_ATRegion1_region_sz</name>
         <value>0x0</value>
      </symbol>
      <symbol id="sm-267">
         <name>__TI_ATRegion2_src_addr</name>
         <value>0x0</value>
      </symbol>
      <symbol id="sm-268">
         <name>__TI_ATRegion2_trg_addr</name>
         <value>0x0</value>
      </symbol>
      <symbol id="sm-269">
         <name>__TI_ATRegion2_region_sz</name>
         <value>0x0</value>
      </symbol>
      <symbol id="sm-272">
         <name>DL_Common_delayCycles</name>
         <value>0x397d</value>
         <object_component_ref idref="oc-169"/>
      </symbol>
      <symbol id="sm-27c">
         <name>DL_I2C_setClockConfig</name>
         <value>0x335f</value>
         <object_component_ref idref="oc-1e1"/>
      </symbol>
      <symbol id="sm-298">
         <name>DL_Timer_setClockConfig</name>
         <value>0x3541</value>
         <object_component_ref idref="oc-1d2"/>
      </symbol>
      <symbol id="sm-299">
         <name>DL_Timer_initTimerMode</name>
         <value>0x1e11</value>
         <object_component_ref idref="oc-1da"/>
      </symbol>
      <symbol id="sm-29a">
         <name>DL_Timer_setCaptureCompareValue</name>
         <value>0x3941</value>
         <object_component_ref idref="oc-b2"/>
      </symbol>
      <symbol id="sm-29b">
         <name>DL_Timer_initPWMMode</name>
         <value>0x20b5</value>
         <object_component_ref idref="oc-1d3"/>
      </symbol>
      <symbol id="sm-29c">
         <name>DL_Timer_setCaptureCompareOutCtl</name>
         <value>0x3741</value>
         <object_component_ref idref="oc-1d4"/>
      </symbol>
      <symbol id="sm-29d">
         <name>DL_Timer_setCaptCompUpdateMethod</name>
         <value>0x3525</value>
         <object_component_ref idref="oc-1d5"/>
      </symbol>
      <symbol id="sm-2b0">
         <name>DL_UART_init</name>
         <value>0x2c01</value>
         <object_component_ref idref="oc-1f1"/>
      </symbol>
      <symbol id="sm-2b1">
         <name>DL_UART_setClockConfig</name>
         <value>0x38f9</value>
         <object_component_ref idref="oc-1f0"/>
      </symbol>
      <symbol id="sm-2b2">
         <name>DL_UART_receiveDataBlocking</name>
         <value>0x33c9</value>
         <object_component_ref idref="oc-6b"/>
      </symbol>
      <symbol id="sm-2b3">
         <name>DL_UART_transmitDataBlocking</name>
         <value>0x33e9</value>
         <object_component_ref idref="oc-143"/>
      </symbol>
      <symbol id="sm-2be">
         <name>_c_int00_noargs</name>
         <value>0x3311</value>
         <object_component_ref idref="oc-5c"/>
      </symbol>
      <symbol id="sm-2bf">
         <name>__stack</name>
         <value>0x20207e00</value>
         <object_component_ref idref="oc-1a"/>
      </symbol>
      <symbol id="sm-2cb">
         <name>__TI_auto_init_nobinit_nopinit</name>
         <value>0x2f45</value>
         <object_component_ref idref="oc-116"/>
      </symbol>
      <symbol id="sm-2d3">
         <name>_system_pre_init</name>
         <value>0x3999</value>
         <object_component_ref idref="oc-8a"/>
      </symbol>
      <symbol id="sm-2de">
         <name>__TI_zero_init</name>
         <value>0x3951</value>
         <object_component_ref idref="oc-59"/>
      </symbol>
      <symbol id="sm-2e7">
         <name>__TI_decompress_none</name>
         <value>0x391d</value>
         <object_component_ref idref="oc-20"/>
      </symbol>
      <symbol id="sm-2f2">
         <name>__TI_decompress_lzss</name>
         <value>0x26f5</value>
         <object_component_ref idref="oc-1c"/>
      </symbol>
      <symbol id="sm-2fc">
         <name>abort</name>
         <value>0x399d</value>
         <object_component_ref idref="oc-10f"/>
      </symbol>
      <symbol id="sm-2fd">
         <name>C$$EXIT</name>
         <value>0x399c</value>
         <object_component_ref idref="oc-10f"/>
      </symbol>
      <symbol id="sm-305">
         <name>__aeabi_fadd</name>
         <value>0x1fe7</value>
         <object_component_ref idref="oc-ea"/>
      </symbol>
      <symbol id="sm-306">
         <name>__addsf3</name>
         <value>0x1fe7</value>
         <object_component_ref idref="oc-ea"/>
      </symbol>
      <symbol id="sm-307">
         <name>__aeabi_fsub</name>
         <value>0x1fdd</value>
         <object_component_ref idref="oc-ea"/>
      </symbol>
      <symbol id="sm-308">
         <name>__subsf3</name>
         <value>0x1fdd</value>
         <object_component_ref idref="oc-ea"/>
      </symbol>
      <symbol id="sm-30e">
         <name>__aeabi_dadd</name>
         <value>0x150b</value>
         <object_component_ref idref="oc-181"/>
      </symbol>
      <symbol id="sm-30f">
         <name>__adddf3</name>
         <value>0x150b</value>
         <object_component_ref idref="oc-181"/>
      </symbol>
      <symbol id="sm-310">
         <name>__aeabi_dsub</name>
         <value>0x1501</value>
         <object_component_ref idref="oc-181"/>
      </symbol>
      <symbol id="sm-311">
         <name>__subdf3</name>
         <value>0x1501</value>
         <object_component_ref idref="oc-181"/>
      </symbol>
      <symbol id="sm-317">
         <name>__aeabi_dmul</name>
         <value>0x1ef9</value>
         <object_component_ref idref="oc-17d"/>
      </symbol>
      <symbol id="sm-318">
         <name>__muldf3</name>
         <value>0x1ef9</value>
         <object_component_ref idref="oc-17d"/>
      </symbol>
      <symbol id="sm-31e">
         <name>__muldsi3</name>
         <value>0x2fbd</value>
         <object_component_ref idref="oc-1ab"/>
      </symbol>
      <symbol id="sm-324">
         <name>__aeabi_fmul</name>
         <value>0x24e1</value>
         <object_component_ref idref="oc-130"/>
      </symbol>
      <symbol id="sm-325">
         <name>__mulsf3</name>
         <value>0x24e1</value>
         <object_component_ref idref="oc-130"/>
      </symbol>
      <symbol id="sm-32b">
         <name>__aeabi_fdiv</name>
         <value>0x25f1</value>
         <object_component_ref idref="oc-174"/>
      </symbol>
      <symbol id="sm-32c">
         <name>__divsf3</name>
         <value>0x25f1</value>
         <object_component_ref idref="oc-174"/>
      </symbol>
      <symbol id="sm-332">
         <name>__aeabi_ddiv</name>
         <value>0x1c15</value>
         <object_component_ref idref="oc-ee"/>
      </symbol>
      <symbol id="sm-333">
         <name>__divdf3</name>
         <value>0x1c15</value>
         <object_component_ref idref="oc-ee"/>
      </symbol>
      <symbol id="sm-339">
         <name>__aeabi_f2d</name>
         <value>0x2d99</value>
         <object_component_ref idref="oc-d7"/>
      </symbol>
      <symbol id="sm-33a">
         <name>__extendsfdf2</name>
         <value>0x2d99</value>
         <object_component_ref idref="oc-d7"/>
      </symbol>
      <symbol id="sm-340">
         <name>__aeabi_f2iz</name>
         <value>0x2ff9</value>
         <object_component_ref idref="oc-13c"/>
      </symbol>
      <symbol id="sm-341">
         <name>__fixsfsi</name>
         <value>0x2ff9</value>
         <object_component_ref idref="oc-13c"/>
      </symbol>
      <symbol id="sm-347">
         <name>__aeabi_f2uiz</name>
         <value>0x3105</value>
         <object_component_ref idref="oc-ae"/>
      </symbol>
      <symbol id="sm-348">
         <name>__fixunssfsi</name>
         <value>0x3105</value>
         <object_component_ref idref="oc-ae"/>
      </symbol>
      <symbol id="sm-34e">
         <name>__aeabi_i2f</name>
         <value>0x2ecd</value>
         <object_component_ref idref="oc-170"/>
      </symbol>
      <symbol id="sm-34f">
         <name>__floatsisf</name>
         <value>0x2ecd</value>
         <object_component_ref idref="oc-170"/>
      </symbol>
      <symbol id="sm-355">
         <name>__aeabi_ui2f</name>
         <value>0x32e9</value>
         <object_component_ref idref="oc-a3"/>
      </symbol>
      <symbol id="sm-356">
         <name>__floatunsisf</name>
         <value>0x32e9</value>
         <object_component_ref idref="oc-a3"/>
      </symbol>
      <symbol id="sm-35d">
         <name>__aeabi_d2f</name>
         <value>0x27e1</value>
         <object_component_ref idref="oc-f2"/>
      </symbol>
      <symbol id="sm-35e">
         <name>__truncdfsf2</name>
         <value>0x27e1</value>
         <object_component_ref idref="oc-f2"/>
      </symbol>
      <symbol id="sm-364">
         <name>__aeabi_dcmpeq</name>
         <value>0x2931</value>
         <object_component_ref idref="oc-db"/>
      </symbol>
      <symbol id="sm-365">
         <name>__aeabi_dcmplt</name>
         <value>0x2945</value>
         <object_component_ref idref="oc-db"/>
      </symbol>
      <symbol id="sm-366">
         <name>__aeabi_dcmple</name>
         <value>0x2959</value>
         <object_component_ref idref="oc-db"/>
      </symbol>
      <symbol id="sm-367">
         <name>__aeabi_dcmpge</name>
         <value>0x296d</value>
         <object_component_ref idref="oc-db"/>
      </symbol>
      <symbol id="sm-368">
         <name>__aeabi_dcmpgt</name>
         <value>0x2981</value>
         <object_component_ref idref="oc-db"/>
      </symbol>
      <symbol id="sm-36e">
         <name>__aeabi_fcmpeq</name>
         <value>0x2995</value>
         <object_component_ref idref="oc-134"/>
      </symbol>
      <symbol id="sm-36f">
         <name>__aeabi_fcmplt</name>
         <value>0x29a9</value>
         <object_component_ref idref="oc-134"/>
      </symbol>
      <symbol id="sm-370">
         <name>__aeabi_fcmple</name>
         <value>0x29bd</value>
         <object_component_ref idref="oc-134"/>
      </symbol>
      <symbol id="sm-371">
         <name>__aeabi_fcmpge</name>
         <value>0x29d1</value>
         <object_component_ref idref="oc-134"/>
      </symbol>
      <symbol id="sm-372">
         <name>__aeabi_fcmpgt</name>
         <value>0x29e5</value>
         <object_component_ref idref="oc-134"/>
      </symbol>
      <symbol id="sm-378">
         <name>__aeabi_memcpy</name>
         <value>0x3989</value>
         <object_component_ref idref="oc-4c"/>
      </symbol>
      <symbol id="sm-379">
         <name>__aeabi_memcpy4</name>
         <value>0x3989</value>
         <object_component_ref idref="oc-4c"/>
      </symbol>
      <symbol id="sm-37a">
         <name>__aeabi_memcpy8</name>
         <value>0x3989</value>
         <object_component_ref idref="oc-4c"/>
      </symbol>
      <symbol id="sm-381">
         <name>__aeabi_memclr</name>
         <value>0x3971</value>
         <object_component_ref idref="oc-85"/>
      </symbol>
      <symbol id="sm-382">
         <name>__aeabi_memclr4</name>
         <value>0x3971</value>
         <object_component_ref idref="oc-85"/>
      </symbol>
      <symbol id="sm-383">
         <name>__aeabi_memclr8</name>
         <value>0x3971</value>
         <object_component_ref idref="oc-85"/>
      </symbol>
      <symbol id="sm-389">
         <name>__aeabi_uidiv</name>
         <value>0x2d59</value>
         <object_component_ref idref="oc-9e"/>
      </symbol>
      <symbol id="sm-38a">
         <name>__aeabi_uidivmod</name>
         <value>0x2d59</value>
         <object_component_ref idref="oc-9e"/>
      </symbol>
      <symbol id="sm-393">
         <name>__eqsf2</name>
         <value>0x2f81</value>
         <object_component_ref idref="oc-1b0"/>
      </symbol>
      <symbol id="sm-394">
         <name>__lesf2</name>
         <value>0x2f81</value>
         <object_component_ref idref="oc-1b0"/>
      </symbol>
      <symbol id="sm-395">
         <name>__ltsf2</name>
         <value>0x2f81</value>
         <object_component_ref idref="oc-1b0"/>
      </symbol>
      <symbol id="sm-396">
         <name>__nesf2</name>
         <value>0x2f81</value>
         <object_component_ref idref="oc-1b0"/>
      </symbol>
      <symbol id="sm-397">
         <name>__cmpsf2</name>
         <value>0x2f81</value>
         <object_component_ref idref="oc-1b0"/>
      </symbol>
      <symbol id="sm-398">
         <name>__gtsf2</name>
         <value>0x2f09</value>
         <object_component_ref idref="oc-1b5"/>
      </symbol>
      <symbol id="sm-399">
         <name>__gesf2</name>
         <value>0x2f09</value>
         <object_component_ref idref="oc-1b5"/>
      </symbol>
      <symbol id="sm-3a7">
         <name>__ledf2</name>
         <value>0x28c5</value>
         <object_component_ref idref="oc-161"/>
      </symbol>
      <symbol id="sm-3a8">
         <name>__gedf2</name>
         <value>0x2855</value>
         <object_component_ref idref="oc-167"/>
      </symbol>
      <symbol id="sm-3a9">
         <name>__cmpdf2</name>
         <value>0x28c5</value>
         <object_component_ref idref="oc-161"/>
      </symbol>
      <symbol id="sm-3aa">
         <name>__eqdf2</name>
         <value>0x28c5</value>
         <object_component_ref idref="oc-161"/>
      </symbol>
      <symbol id="sm-3ab">
         <name>__ltdf2</name>
         <value>0x28c5</value>
         <object_component_ref idref="oc-161"/>
      </symbol>
      <symbol id="sm-3ac">
         <name>__nedf2</name>
         <value>0x28c5</value>
         <object_component_ref idref="oc-161"/>
      </symbol>
      <symbol id="sm-3ad">
         <name>__gtdf2</name>
         <value>0x2855</value>
         <object_component_ref idref="oc-167"/>
      </symbol>
      <symbol id="sm-3b7">
         <name>__aeabi_idiv0</name>
         <value>0x1c13</value>
         <object_component_ref idref="oc-128"/>
      </symbol>
      <symbol id="sm-3c0">
         <name>TI_memcpy_small</name>
         <value>0x390b</value>
         <object_component_ref idref="oc-c1"/>
      </symbol>
      <symbol id="sm-3c9">
         <name>TI_memset_small</name>
         <value>0x3961</value>
         <object_component_ref idref="oc-145"/>
      </symbol>
      <symbol id="sm-3ca">
         <name>__TI_static_base__</name>
         <value>0x0</value>
      </symbol>
      <symbol id="sm-3cd">
         <name>__mpu_init</name>
         <value>0x0</value>
      </symbol>
      <symbol id="sm-3ce">
         <name>_system_post_cinit</name>
         <value>0x0</value>
      </symbol>
   </symbol_table>
   <title>Link successful</title>
</link_info>
