******************************************************************************
            TI ARM Clang Linker PC v3.2.2                      
******************************************************************************
>> Linked Mon Jul 29 09:48:19 2024

OUTPUT FILE NAME:   <empty_LP_MSPM0G3507_nortos_ticlang.out>
ENTRY POINT SYMBOL: "_c_int00_noargs"  address: 000006a1


MEMORY CONFIGURATION

         name            origin    length      used     unused   attr    fill
----------------------  --------  ---------  --------  --------  ----  --------
  FLASH                 00000000   00020000  000007f0  0001f810  R  X
  SRAM                  20200000   00008000  000002bc  00007d44  RW X
  BCR_CONFIG            41c00000   00000080  00000000  00000080  R   
  BSL_CONFIG            41c00100   00000080  00000000  00000080  R   


SEGMENT ALLOCATION MAP

run origin  load origin   length   init length attrs members
----------  ----------- ---------- ----------- ----- -------
00000000    00000000    000007f0   000007f0    r-x
  00000000    00000000    000000c0   000000c0    r-- .intvecs
  000000c0    000000c0    000006d8   000006d8    r-x .text
  00000798    00000798    00000040   00000040    r-- .rodata
  000007d8    000007d8    00000018   00000018    r-- .cinit
20200000    20200000    000000bc   00000000    rw-
  20200000    20200000    000000bc   00000000    rw- .bss
20207e00    20207e00    00000200   00000000    rw-
  20207e00    20207e00    00000200   00000000    rw- .stack


SECTION ALLOCATION MAP

 output                                  attributes/
section   page    origin      length       input sections
--------  ----  ----------  ----------   ----------------
.intvecs   0    00000000    000000c0     
                  00000000    000000c0     startup_mspm0g350x_ticlang.o (.intvecs)

.text      0    000000c0    000006d8     
                  000000c0    000000e8     driverlib.a : dl_timer.o (.text.DL_Timer_initTimerMode)
                  000001a8    000000c8     ti_msp_dl_config.o (.text.SYSCFG_DL_GPIO_init)
                  00000270    000000c4     driverlib.a : dl_timer.o (.text.DL_Timer_initPWMMode)
                  00000334    00000080     ti_msp_dl_config.o (.text.SYSCFG_DL_motorAB_init)
                  000003b4    0000007c     ti_msp_dl_config.o (.text.SYSCFG_DL_IMU_init)
                  00000430    00000070     ti_msp_dl_config.o (.text.SYSCFG_DL_UART_0_init)
                  000004a0    00000060     ti_msp_dl_config.o (.text.SYSCFG_DL_initPower)
                  00000500    00000054     ti_msp_dl_config.o (.text.SYSCFG_DL_OLED_init)
                  00000554    00000050     ti_msp_dl_config.o (.text.SYSCFG_DL_SYSCTL_init)
                  000005a4    00000048     driverlib.a : dl_uart.o (.text.DL_UART_init)
                  000005ec    00000048     ti_msp_dl_config.o (.text.SYSCFG_DL_TIM_EncoderA_init)
                  00000634    0000003c     libc.a : autoinit.c.obj (.text:__TI_auto_init_nobinit_nopinit)
                  00000670    00000030     ti_msp_dl_config.o (.text.SYSCFG_DL_init)
                  000006a0    00000028     libc.a : boot_cortex_m.c.obj (.text:_c_int00_noargs)
                  000006c8    00000026     driverlib.a : dl_i2c.o (.text.DL_I2C_setClockConfig)
                  000006ee    00000002     startup_mspm0g350x_ticlang.o (.text.Default_Handler)
                  000006f0    0000001c     driverlib.a : dl_timer.o (.text.DL_Timer_setCaptCompUpdateMethod)
                  0000070c    0000001c                 : dl_timer.o (.text.DL_Timer_setClockConfig)
                  00000728    00000018                 : dl_timer.o (.text.DL_Timer_setCaptureCompareOutCtl)
                  00000740    00000016     libc.a : copy_zero_init.c.obj (.text:decompress:ZI:__TI_zero_init_nomemset)
                  00000756    00000012     driverlib.a : dl_uart.o (.text.DL_UART_setClockConfig)
                  00000768    00000010                 : dl_timer.o (.text.DL_Timer_setCaptureCompareValue)
                  00000778    0000000a                 : dl_common.o (.text.DL_Common_delayCycles)
                  00000782    00000006     diansai2024H.o (.text.main)
                  00000788    00000004     startup_mspm0g350x_ticlang.o (.text.Reset_Handler)
                  0000078c    00000004     libc.a : pre_init.c.obj (.text._system_pre_init)
                  00000790    00000004            : exit.c.obj (.text:abort)
                  00000794    00000004     --HOLE-- [fill = 0]

.cinit     0    000007d8    00000018     
                  000007d8    00000008     (.cinit..bss.load) [load image, compression = zero_init]
                  000007e0    00000004     (__TI_handler_table)
                  000007e4    00000008     (__TI_cinit_table)
                  000007ec    00000004     --HOLE-- [fill = 0]

.rodata    0    00000798    00000040     
                  00000798    00000014     ti_msp_dl_config.o (.rodata.gTIM_EncoderATimerConfig)
                  000007ac    0000000a     ti_msp_dl_config.o (.rodata.gIMUConfig)
                  000007b6    0000000a     ti_msp_dl_config.o (.rodata.gUART_0Config)
                  000007c0    00000008     ti_msp_dl_config.o (.rodata.gmotorABConfig)
                  000007c8    00000003     ti_msp_dl_config.o (.rodata.gTIM_EncoderAClockConfig)
                  000007cb    00000003     ti_msp_dl_config.o (.rodata.gmotorABClockConfig)
                  000007ce    00000002     ti_msp_dl_config.o (.rodata.gIMUClockConfig)
                  000007d0    00000002     ti_msp_dl_config.o (.rodata.gOLEDClockConfig)
                  000007d2    00000002     ti_msp_dl_config.o (.rodata.gUART_0ClockConfig)
                  000007d4    00000004     --HOLE-- [fill = 0]

.init_array 
*          0    00000000    00000000     UNINITIALIZED

.binit     0    00000000    00000000     

.bss       0    20200000    000000bc     UNINITIALIZED
                  20200000    000000bc     (.common:gTIM_EncoderABackup)

.stack     0    20207e00    00000200     UNINITIALIZED
                  20207e00    00000004     libc.a : boot_cortex_m.c.obj (.stack)
                  20207e04    000001fc     --HOLE--

__llvm_prf_cnts 
*          0    20200000    00000000     UNINITIALIZED

__llvm_prf_bits 
*          0    20200000    00000000     UNINITIALIZED

MODULE SUMMARY

       Module                         code   ro data   rw data
       ------                         ----   -------   -------
    .\
       ti_msp_dl_config.o             944    60        188    
       startup_mspm0g350x_ticlang.o   6      192       0      
       diansai2024H.o                 6      0         0      
    +--+------------------------------+------+---------+---------+
       Total:                         956    252       188    
                                                              
    E:/ti/mspm0_sdk_2_01_00_03/source/ti/driverlib/lib/ticlang/m0p/mspm0g1x0x_g3x0x/driverlib.a
       dl_timer.o                     524    0         0      
       dl_uart.o                      90     0         0      
       dl_i2c.o                       38     0         0      
       dl_common.o                    10     0         0      
    +--+------------------------------+------+---------+---------+
       Total:                         662    0         0      
                                                              
    E:\ti\ccstheia140\ccs\tools\compiler\ti-cgt-armllvm_3.2.2.LTS\lib\armv6m-ti-none-eabi/c/libc.a
       autoinit.c.obj                 60     0         0      
       boot_cortex_m.c.obj            40     0         0      
       copy_zero_init.c.obj           22     0         0      
       exit.c.obj                     4      0         0      
       pre_init.c.obj                 4      0         0      
    +--+------------------------------+------+---------+---------+
       Total:                         130    0         0      
                                                              
       Stack:                         0      0         512    
       Linker Generated:              0      20        0      
    +--+------------------------------+------+---------+---------+
       Grand Total:                   1748   272       700    


LINKER GENERATED COPY TABLES

__TI_cinit_table @ 000007e4 records: 1, size/record: 8, table size: 8
	.bss: load addr=000007d8, load size=00000008 bytes, run addr=20200000, run size=000000bc bytes, compression=zero_init


LINKER GENERATED HANDLER TABLE

__TI_handler_table @ 000007e0 records: 1, size/record: 4, table size: 4
	index: 0, handler: __TI_zero_init


GLOBAL SYMBOLS: SORTED ALPHABETICALLY BY Name 

address   name                            
-------   ----                            
000006ef  ADC0_IRQHandler                 
000006ef  ADC1_IRQHandler                 
000006ef  AES_IRQHandler                  
00000790  C$$EXIT                         
000006ef  CANFD0_IRQHandler               
000006ef  DAC0_IRQHandler                 
00000779  DL_Common_delayCycles           
000006c9  DL_I2C_setClockConfig           
00000271  DL_Timer_initPWMMode            
000000c1  DL_Timer_initTimerMode          
000006f1  DL_Timer_setCaptCompUpdateMethod
00000729  DL_Timer_setCaptureCompareOutCtl
00000769  DL_Timer_setCaptureCompareValue 
0000070d  DL_Timer_setClockConfig         
000005a5  DL_UART_init                    
00000757  DL_UART_setClockConfig          
000006ef  DMA_IRQHandler                  
000006ef  Default_Handler                 
000006ef  GROUP0_IRQHandler               
000006ef  GROUP1_IRQHandler               
000006ef  HardFault_Handler               
000006ef  I2C0_IRQHandler                 
000006ef  I2C1_IRQHandler                 
000006ef  NMI_Handler                     
000006ef  PendSV_Handler                  
000006ef  RTC_IRQHandler                  
00000789  Reset_Handler                   
000006ef  SPI0_IRQHandler                 
000006ef  SPI1_IRQHandler                 
000006ef  SVC_Handler                     
000001a9  SYSCFG_DL_GPIO_init             
000003b5  SYSCFG_DL_IMU_init              
00000501  SYSCFG_DL_OLED_init             
00000555  SYSCFG_DL_SYSCTL_init           
000005ed  SYSCFG_DL_TIM_EncoderA_init     
00000431  SYSCFG_DL_UART_0_init           
00000671  SYSCFG_DL_init                  
000004a1  SYSCFG_DL_initPower             
00000335  SYSCFG_DL_motorAB_init          
000006ef  SysTick_Handler                 
000006ef  TIMA0_IRQHandler                
000006ef  TIMA1_IRQHandler                
000006ef  TIMG0_IRQHandler                
000006ef  TIMG12_IRQHandler               
000006ef  TIMG6_IRQHandler                
000006ef  TIMG7_IRQHandler                
000006ef  TIMG8_IRQHandler                
000006ef  UART0_IRQHandler                
000006ef  UART1_IRQHandler                
000006ef  UART2_IRQHandler                
000006ef  UART3_IRQHandler                
20208000  __STACK_END                     
00000200  __STACK_SIZE                    
00000000  __TI_ATRegion0_region_sz        
00000000  __TI_ATRegion0_src_addr         
00000000  __TI_ATRegion0_trg_addr         
00000000  __TI_ATRegion1_region_sz        
00000000  __TI_ATRegion1_src_addr         
00000000  __TI_ATRegion1_trg_addr         
00000000  __TI_ATRegion2_region_sz        
00000000  __TI_ATRegion2_src_addr         
00000000  __TI_ATRegion2_trg_addr         
000007e4  __TI_CINIT_Base                 
000007ec  __TI_CINIT_Limit                
000007ec  __TI_CINIT_Warm                 
000007e0  __TI_Handler_Table_Base         
000007e4  __TI_Handler_Table_Limit        
00000635  __TI_auto_init_nobinit_nopinit  
ffffffff  __TI_pprof_out_hndl             
ffffffff  __TI_prof_data_size             
ffffffff  __TI_prof_data_start            
00000000  __TI_static_base__              
00000741  __TI_zero_init_nomemset         
ffffffff  __binit__                       
UNDEFED   __mpu_init                      
20207e00  __stack                         
20200000  __start___llvm_prf_bits         
20200000  __start___llvm_prf_cnts         
20200000  __stop___llvm_prf_bits          
20200000  __stop___llvm_prf_cnts          
000006a1  _c_int00_noargs                 
UNDEFED   _system_post_cinit              
0000078d  _system_pre_init                
00000791  abort                           
ffffffff  binit                           
20200000  gTIM_EncoderABackup             
00000000  interruptVectors                
00000783  main                            


GLOBAL SYMBOLS: SORTED BY Symbol Address 

address   name                            
-------   ----                            
00000000  __TI_ATRegion0_region_sz        
00000000  __TI_ATRegion0_src_addr         
00000000  __TI_ATRegion0_trg_addr         
00000000  __TI_ATRegion1_region_sz        
00000000  __TI_ATRegion1_src_addr         
00000000  __TI_ATRegion1_trg_addr         
00000000  __TI_ATRegion2_region_sz        
00000000  __TI_ATRegion2_src_addr         
00000000  __TI_ATRegion2_trg_addr         
00000000  __TI_static_base__              
00000000  interruptVectors                
000000c1  DL_Timer_initTimerMode          
000001a9  SYSCFG_DL_GPIO_init             
00000200  __STACK_SIZE                    
00000271  DL_Timer_initPWMMode            
00000335  SYSCFG_DL_motorAB_init          
000003b5  SYSCFG_DL_IMU_init              
00000431  SYSCFG_DL_UART_0_init           
000004a1  SYSCFG_DL_initPower             
00000501  SYSCFG_DL_OLED_init             
00000555  SYSCFG_DL_SYSCTL_init           
000005a5  DL_UART_init                    
000005ed  SYSCFG_DL_TIM_EncoderA_init     
00000635  __TI_auto_init_nobinit_nopinit  
00000671  SYSCFG_DL_init                  
000006a1  _c_int00_noargs                 
000006c9  DL_I2C_setClockConfig           
000006ef  ADC0_IRQHandler                 
000006ef  ADC1_IRQHandler                 
000006ef  AES_IRQHandler                  
000006ef  CANFD0_IRQHandler               
000006ef  DAC0_IRQHandler                 
000006ef  DMA_IRQHandler                  
000006ef  Default_Handler                 
000006ef  GROUP0_IRQHandler               
000006ef  GROUP1_IRQHandler               
000006ef  HardFault_Handler               
000006ef  I2C0_IRQHandler                 
000006ef  I2C1_IRQHandler                 
000006ef  NMI_Handler                     
000006ef  PendSV_Handler                  
000006ef  RTC_IRQHandler                  
000006ef  SPI0_IRQHandler                 
000006ef  SPI1_IRQHandler                 
000006ef  SVC_Handler                     
000006ef  SysTick_Handler                 
000006ef  TIMA0_IRQHandler                
000006ef  TIMA1_IRQHandler                
000006ef  TIMG0_IRQHandler                
000006ef  TIMG12_IRQHandler               
000006ef  TIMG6_IRQHandler                
000006ef  TIMG7_IRQHandler                
000006ef  TIMG8_IRQHandler                
000006ef  UART0_IRQHandler                
000006ef  UART1_IRQHandler                
000006ef  UART2_IRQHandler                
000006ef  UART3_IRQHandler                
000006f1  DL_Timer_setCaptCompUpdateMethod
0000070d  DL_Timer_setClockConfig         
00000729  DL_Timer_setCaptureCompareOutCtl
00000741  __TI_zero_init_nomemset         
00000757  DL_UART_setClockConfig          
00000769  DL_Timer_setCaptureCompareValue 
00000779  DL_Common_delayCycles           
00000783  main                            
00000789  Reset_Handler                   
0000078d  _system_pre_init                
00000790  C$$EXIT                         
00000791  abort                           
000007e0  __TI_Handler_Table_Base         
000007e4  __TI_CINIT_Base                 
000007e4  __TI_Handler_Table_Limit        
000007ec  __TI_CINIT_Limit                
000007ec  __TI_CINIT_Warm                 
20200000  __start___llvm_prf_bits         
20200000  __start___llvm_prf_cnts         
20200000  __stop___llvm_prf_bits          
20200000  __stop___llvm_prf_cnts          
20200000  gTIM_EncoderABackup             
20207e00  __stack                         
20208000  __STACK_END                     
ffffffff  __TI_pprof_out_hndl             
ffffffff  __TI_prof_data_size             
ffffffff  __TI_prof_data_start            
ffffffff  __binit__                       
ffffffff  binit                           
UNDEFED   __mpu_init                      
UNDEFED   _system_post_cinit              

[88 symbols]
